Component: ARM Compiler 5.06 update 3 (build 300) Tool: armlink [4d35c9]

==============================================================================

Section Cross References

    main.o(i.main) refers to system_lpc11xx.o(i.SystemInit) for SystemInit
    main.o(i.main) refers to gpio.o(i.GPIOInit) for GPIOInit
    main.o(i.main) refers to seg7led.o(i.Seg7Led_Init) for Seg7Led_Init
    main.o(i.main) refers to seg7led.o(i.Seg7Led_Put) for Seg7Led_Put
    main.o(i.main) refers to main.o(i.NVIC_SetPriority) for NVIC_SetPriority
    main.o(i.main) refers to ssp.o(i.SPI_IOConfig) for SPI_IOConfig
    main.o(i.main) refers to ssp.o(i.SPI_Init) for SPI_Init
    main.o(i.main) refers to led7seg.o(i.led7seg_init) for led7seg_init
    main.o(i.main) refers to led7seg.o(i.led7seg_setChar) for led7seg_setChar
    startup_lpc11xx.o(STACK) refers (Special) to heapauxi.o(.text) for __use_two_region_memory
    startup_lpc11xx.o(HEAP) refers (Special) to heapauxi.o(.text) for __use_two_region_memory
    startup_lpc11xx.o(RESET) refers (Special) to heapauxi.o(.text) for __use_two_region_memory
    startup_lpc11xx.o(RESET) refers to startup_lpc11xx.o(STACK) for __initial_sp
    startup_lpc11xx.o(RESET) refers to startup_lpc11xx.o(.text) for Reset_Handler
    startup_lpc11xx.o(RESET) refers to ssp.o(i.SSP1_IRQHandler) for SSP1_IRQHandler
    startup_lpc11xx.o(RESET) refers to ssp.o(i.SSP0_IRQHandler) for SSP0_IRQHandler
    startup_lpc11xx.o(.ARM.__at_0x02FC) refers (Special) to heapauxi.o(.text) for __use_two_region_memory
    startup_lpc11xx.o(.text) refers (Special) to heapauxi.o(.text) for __use_two_region_memory
    startup_lpc11xx.o(.text) refers to __main.o(!!!main) for __main
    startup_lpc11xx.o(.text) refers to startup_lpc11xx.o(HEAP) for Heap_Mem
    startup_lpc11xx.o(.text) refers to startup_lpc11xx.o(STACK) for Stack_Mem
    system_lpc11xx.o(i.Main_PLL_Setup) refers to system_lpc11xx.o(.data) for ClockSource
    system_lpc11xx.o(i.SystemInit) refers to system_lpc11xx.o(i.Main_PLL_Setup) for Main_PLL_Setup
    gpio.o(i.GPIOGetValue) refers to gpio.o(.constdata) for LPC_GPIO
    gpio.o(i.GPIOInit) refers to gpio.o(i.NVIC_EnableIRQ) for NVIC_EnableIRQ
    gpio.o(i.GPIOSetDir) refers to gpio.o(.constdata) for LPC_GPIO
    gpio.o(i.GPIOSetValue) refers to gpio.o(.constdata) for LPC_GPIO
    led7seg.o(i.led7seg_init) refers to gpio.o(i.GPIOSetDir) for GPIOSetDir
    led7seg.o(i.led7seg_init) refers to gpio.o(i.GPIOSetValue) for GPIOSetValue
    led7seg.o(i.led7seg_setChar) refers to gpio.o(i.GPIOSetValue) for GPIOSetValue
    led7seg.o(i.led7seg_setChar) refers to ssp.o(i.SSP_Send) for SSP_Send
    led7seg.o(i.led7seg_setChar) refers to led7seg.o(.constdata) for chars
    led7seg.o(i.led7seg_setChar) refers to ssp.o(.bss) for src_addr
    seg7led.o(i.Seg7Led_Init) refers to gpio.o(i.GPIOSetDir) for GPIOSetDir
    seg7led.o(i.Seg7Led_Init) refers to gpio.o(i.GPIOSetValue) for GPIOSetValue
    seg7led.o(i.Seg7Led_Put) refers to gpio.o(i.GPIOSetValue) for GPIOSetValue
    seg7led.o(i.Seg7Led_Put) refers to seg7led.o(.constdata) for segcode
    ssp.o(i.SPI0_Send) refers to gpio.o(i.GPIOSetValue) for GPIOSetValue
    ssp.o(i.SPI_IOConfig) refers to gpio.o(i.GPIOSetDir) for GPIOSetDir
    ssp.o(i.SPI_IOConfig) refers to gpio.o(i.GPIOSetValue) for GPIOSetValue
    ssp.o(i.SPI_Init) refers to ssp.o(i.NVIC_EnableIRQ) for NVIC_EnableIRQ
    ssp.o(i.SSP0_IRQHandler) refers to ssp.o(.data) for interruptOverRunStat0
    ssp.o(i.SSP1_IRQHandler) refers to ssp.o(.data) for interruptOverRunStat1
    ssp.o(i.SSP_IOConfig) refers to gpio.o(i.GPIOSetDir) for GPIOSetDir
    ssp.o(i.SSP_IOConfig) refers to gpio.o(i.GPIOSetValue) for GPIOSetValue
    ssp.o(i.SSP_Init) refers to ssp.o(i.NVIC_EnableIRQ) for NVIC_EnableIRQ
    __main.o(!!!main) refers to __rtentry.o(.ARM.Collect$$rtentry$$00000000) for __rt_entry
    __rtentry.o(.ARM.Collect$$rtentry$$00000000) refers (Special) to __rtentry2.o(.ARM.Collect$$rtentry$$0000000A) for __rt_entry_li
    __rtentry.o(.ARM.Collect$$rtentry$$00000000) refers (Special) to __rtentry2.o(.ARM.Collect$$rtentry$$0000000D) for __rt_entry_main
    __rtentry.o(.ARM.Collect$$rtentry$$00000000) refers (Special) to __rtentry2.o(.ARM.Collect$$rtentry$$0000000C) for __rt_entry_postli_1
    __rtentry.o(.ARM.Collect$$rtentry$$00000000) refers (Special) to __rtentry2.o(.ARM.Collect$$rtentry$$00000009) for __rt_entry_postsh_1
    __rtentry.o(.ARM.Collect$$rtentry$$00000000) refers (Special) to __rtentry2.o(.ARM.Collect$$rtentry$$00000002) for __rt_entry_presh_1
    __rtentry.o(.ARM.Collect$$rtentry$$00000000) refers (Special) to __rtentry4.o(.ARM.Collect$$rtentry$$00000004) for __rt_entry_sh
    __rtentry2.o(.ARM.Collect$$rtentry$$00000008) refers to boardinit2.o(.text) for _platform_post_stackheap_init
    __rtentry2.o(.ARM.Collect$$rtentry$$0000000A) refers to libinit.o(.ARM.Collect$$libinit$$00000000) for __rt_lib_init
    __rtentry2.o(.ARM.Collect$$rtentry$$0000000B) refers to boardinit3.o(.text) for _platform_post_lib_init
    __rtentry2.o(.ARM.Collect$$rtentry$$0000000D) refers to main.o(i.main) for main
    __rtentry2.o(.ARM.Collect$$rtentry$$0000000D) refers to exit.o(.text) for exit
    __rtentry2.o(.ARM.exidx) refers to __rtentry2.o(.ARM.Collect$$rtentry$$00000001) for .ARM.Collect$$rtentry$$00000001
    __rtentry2.o(.ARM.exidx) refers to __rtentry2.o(.ARM.Collect$$rtentry$$00000008) for .ARM.Collect$$rtentry$$00000008
    __rtentry2.o(.ARM.exidx) refers to __rtentry2.o(.ARM.Collect$$rtentry$$0000000A) for .ARM.Collect$$rtentry$$0000000A
    __rtentry2.o(.ARM.exidx) refers to __rtentry2.o(.ARM.Collect$$rtentry$$0000000B) for .ARM.Collect$$rtentry$$0000000B
    __rtentry2.o(.ARM.exidx) refers to __rtentry2.o(.ARM.Collect$$rtentry$$0000000D) for .ARM.Collect$$rtentry$$0000000D
    __rtentry4.o(.ARM.Collect$$rtentry$$00000004) refers to sys_stackheap_outer.o(.text) for __user_setup_stackheap
    __rtentry4.o(.ARM.exidx) refers to __rtentry4.o(.ARM.Collect$$rtentry$$00000004) for .ARM.Collect$$rtentry$$00000004
    sys_stackheap_outer.o(.text) refers to libspace.o(.text) for __user_perproc_libspace
    sys_stackheap_outer.o(.text) refers to startup_lpc11xx.o(.text) for __user_initial_stackheap
    sys_stackheap_outer.o(__vectab_stack_and_reset_area) refers to tempstk.o(.text) for __temporary_stack_top
    sys_stackheap_outer.o(__vectab_stack_and_reset_area) refers to __main.o(!!!main) for __main
    exit.o(.text) refers to rtexit.o(.ARM.Collect$$rtexit$$00000000) for __rt_exit
    libinit.o(.ARM.Collect$$libinit$$00000000) refers (Special) to libinit2.o(.ARM.Collect$$libinit$$0000002E) for __rt_lib_init_alloca_1
    libinit.o(.ARM.Collect$$libinit$$00000000) refers (Special) to libinit2.o(.ARM.Collect$$libinit$$0000002C) for __rt_lib_init_argv_1
    libinit.o(.ARM.Collect$$libinit$$00000000) refers (Special) to libinit2.o(.ARM.Collect$$libinit$$0000001B) for __rt_lib_init_atexit_1
    libinit.o(.ARM.Collect$$libinit$$00000000) refers (Special) to libinit2.o(.ARM.Collect$$libinit$$00000021) for __rt_lib_init_clock_1
    libinit.o(.ARM.Collect$$libinit$$00000000) refers (Special) to libinit2.o(.ARM.Collect$$libinit$$00000032) for __rt_lib_init_cpp_1
    libinit.o(.ARM.Collect$$libinit$$00000000) refers (Special) to libinit2.o(.ARM.Collect$$libinit$$00000030) for __rt_lib_init_exceptions_1
    libinit.o(.ARM.Collect$$libinit$$00000000) refers (Special) to libinit2.o(.ARM.Collect$$libinit$$00000002) for __rt_lib_init_fp_1
    libinit.o(.ARM.Collect$$libinit$$00000000) refers (Special) to libinit2.o(.ARM.Collect$$libinit$$0000001F) for __rt_lib_init_fp_trap_1
    libinit.o(.ARM.Collect$$libinit$$00000000) refers (Special) to libinit2.o(.ARM.Collect$$libinit$$00000023) for __rt_lib_init_getenv_1
    libinit.o(.ARM.Collect$$libinit$$00000000) refers (Special) to libinit2.o(.ARM.Collect$$libinit$$0000000A) for __rt_lib_init_heap_1
    libinit.o(.ARM.Collect$$libinit$$00000000) refers (Special) to libinit2.o(.ARM.Collect$$libinit$$00000011) for __rt_lib_init_lc_collate_1
    libinit.o(.ARM.Collect$$libinit$$00000000) refers (Special) to libinit2.o(.ARM.Collect$$libinit$$00000013) for __rt_lib_init_lc_ctype_1
    libinit.o(.ARM.Collect$$libinit$$00000000) refers (Special) to libinit2.o(.ARM.Collect$$libinit$$00000015) for __rt_lib_init_lc_monetary_1
    libinit.o(.ARM.Collect$$libinit$$00000000) refers (Special) to libinit2.o(.ARM.Collect$$libinit$$00000017) for __rt_lib_init_lc_numeric_1
    libinit.o(.ARM.Collect$$libinit$$00000000) refers (Special) to libinit2.o(.ARM.Collect$$libinit$$00000019) for __rt_lib_init_lc_time_1
    libinit.o(.ARM.Collect$$libinit$$00000000) refers (Special) to libinit2.o(.ARM.Collect$$libinit$$00000004) for __rt_lib_init_preinit_1
    libinit.o(.ARM.Collect$$libinit$$00000000) refers (Special) to libinit2.o(.ARM.Collect$$libinit$$0000000E) for __rt_lib_init_rand_1
    libinit.o(.ARM.Collect$$libinit$$00000000) refers (Special) to libinit2.o(.ARM.Collect$$libinit$$00000033) for __rt_lib_init_return
    libinit.o(.ARM.Collect$$libinit$$00000000) refers (Special) to libinit2.o(.ARM.Collect$$libinit$$0000001D) for __rt_lib_init_signal_1
    libinit.o(.ARM.Collect$$libinit$$00000000) refers (Special) to libinit2.o(.ARM.Collect$$libinit$$00000025) for __rt_lib_init_stdio_1
    libinit.o(.ARM.Collect$$libinit$$00000000) refers (Special) to libinit2.o(.ARM.Collect$$libinit$$0000000C) for __rt_lib_init_user_alloc_1
    libspace.o(.text) refers to libspace.o(.bss) for __libspace_start
    rtexit.o(.ARM.Collect$$rtexit$$00000000) refers (Special) to rtexit2.o(.ARM.Collect$$rtexit$$00000004) for __rt_exit_exit
    rtexit.o(.ARM.Collect$$rtexit$$00000000) refers (Special) to rtexit2.o(.ARM.Collect$$rtexit$$00000003) for __rt_exit_ls
    rtexit.o(.ARM.Collect$$rtexit$$00000000) refers (Special) to rtexit2.o(.ARM.Collect$$rtexit$$00000002) for __rt_exit_prels_1
    rtexit.o(.ARM.exidx) refers (Special) to rtexit2.o(.ARM.Collect$$rtexit$$00000004) for __rt_exit_exit
    rtexit.o(.ARM.exidx) refers (Special) to rtexit2.o(.ARM.Collect$$rtexit$$00000003) for __rt_exit_ls
    rtexit.o(.ARM.exidx) refers (Special) to rtexit2.o(.ARM.Collect$$rtexit$$00000002) for __rt_exit_prels_1
    rtexit.o(.ARM.exidx) refers to rtexit.o(.ARM.Collect$$rtexit$$00000000) for .ARM.Collect$$rtexit$$00000000
    libinit2.o(.ARM.Collect$$libinit$$00000010) refers to libinit2.o(.ARM.Collect$$libinit$$0000000F) for .ARM.Collect$$libinit$$0000000F
    libinit2.o(.ARM.Collect$$libinit$$00000012) refers to libinit2.o(.ARM.Collect$$libinit$$0000000F) for .ARM.Collect$$libinit$$0000000F
    libinit2.o(.ARM.Collect$$libinit$$00000014) refers to libinit2.o(.ARM.Collect$$libinit$$0000000F) for .ARM.Collect$$libinit$$0000000F
    libinit2.o(.ARM.Collect$$libinit$$00000016) refers to libinit2.o(.ARM.Collect$$libinit$$0000000F) for .ARM.Collect$$libinit$$0000000F
    libinit2.o(.ARM.Collect$$libinit$$00000018) refers to libinit2.o(.ARM.Collect$$libinit$$0000000F) for .ARM.Collect$$libinit$$0000000F
    libinit2.o(.ARM.Collect$$libinit$$00000026) refers to argv_veneer.o(.text) for __ARM_argv_veneer
    libinit2.o(.ARM.Collect$$libinit$$00000027) refers to argv_veneer.o(.text) for __ARM_argv_veneer
    rtexit2.o(.ARM.Collect$$rtexit$$00000003) refers to libshutdown.o(.ARM.Collect$$libshutdown$$00000000) for __rt_lib_shutdown
    rtexit2.o(.ARM.Collect$$rtexit$$00000004) refers to sys_exit.o(.text) for _sys_exit
    rtexit2.o(.ARM.exidx) refers to rtexit2.o(.ARM.Collect$$rtexit$$00000001) for .ARM.Collect$$rtexit$$00000001
    rtexit2.o(.ARM.exidx) refers to rtexit2.o(.ARM.Collect$$rtexit$$00000003) for .ARM.Collect$$rtexit$$00000003
    rtexit2.o(.ARM.exidx) refers to rtexit2.o(.ARM.Collect$$rtexit$$00000004) for .ARM.Collect$$rtexit$$00000004
    sys_exit.o(.text) refers (Special) to use_no_semi.o(.text) for __I$use$semihosting
    sys_exit.o(.text) refers (Special) to indicate_semi.o(.text) for __semihosting_library_function
    _get_argv_nomalloc.o(.text) refers (Special) to hrguard.o(.text) for __heap_region$guard
    _get_argv_nomalloc.o(.text) refers to defsig_rtmem_outer.o(.text) for __rt_SIGRTMEM
    _get_argv_nomalloc.o(.text) refers to sys_command.o(.text) for _sys_command_string
    libshutdown.o(.ARM.Collect$$libshutdown$$00000000) refers (Special) to libshutdown2.o(.ARM.Collect$$libshutdown$$00000002) for __rt_lib_shutdown_cpp_1
    libshutdown.o(.ARM.Collect$$libshutdown$$00000000) refers (Special) to libshutdown2.o(.ARM.Collect$$libshutdown$$00000007) for __rt_lib_shutdown_fp_trap_1
    libshutdown.o(.ARM.Collect$$libshutdown$$00000000) refers (Special) to libshutdown2.o(.ARM.Collect$$libshutdown$$0000000F) for __rt_lib_shutdown_heap_1
    libshutdown.o(.ARM.Collect$$libshutdown$$00000000) refers (Special) to libshutdown2.o(.ARM.Collect$$libshutdown$$00000010) for __rt_lib_shutdown_return
    libshutdown.o(.ARM.Collect$$libshutdown$$00000000) refers (Special) to libshutdown2.o(.ARM.Collect$$libshutdown$$0000000A) for __rt_lib_shutdown_signal_1
    libshutdown.o(.ARM.Collect$$libshutdown$$00000000) refers (Special) to libshutdown2.o(.ARM.Collect$$libshutdown$$00000004) for __rt_lib_shutdown_stdio_1
    libshutdown.o(.ARM.Collect$$libshutdown$$00000000) refers (Special) to libshutdown2.o(.ARM.Collect$$libshutdown$$0000000C) for __rt_lib_shutdown_user_alloc_1
    sys_command.o(.text) refers (Special) to use_no_semi.o(.text) for __I$use$semihosting
    sys_command.o(.text) refers (Special) to indicate_semi.o(.text) for __semihosting_library_function
    defsig_rtmem_outer.o(.text) refers to defsig_rtmem_inner.o(.text) for __rt_SIGRTMEM_inner
    defsig_rtmem_outer.o(.text) refers to defsig_exit.o(.text) for __sig_exit
    defsig_rtmem_formal.o(.text) refers to rt_raise.o(.text) for __rt_raise
    rt_raise.o(.text) refers to __raise.o(.text) for __raise
    rt_raise.o(.text) refers to sys_exit.o(.text) for _sys_exit
    defsig_exit.o(.text) refers to sys_exit.o(.text) for _sys_exit
    defsig_rtmem_inner.o(.text) refers to defsig_general.o(.text) for __default_signal_display
    __raise.o(.text) refers to defsig.o(CL$$defsig) for __default_signal_handler
    defsig_general.o(.text) refers to sys_wrch.o(.text) for _ttywrch
    sys_wrch.o(.text) refers (Special) to use_no_semi.o(.text) for __I$use$semihosting
    sys_wrch.o(.text) refers (Special) to indicate_semi.o(.text) for __semihosting_library_function
    defsig.o(CL$$defsig) refers to defsig_rtmem_inner.o(.text) for __rt_SIGRTMEM_inner
    defsig_abrt_inner.o(.text) refers to defsig_general.o(.text) for __default_signal_display
    defsig_fpe_inner.o(.text) refers to defsig_general.o(.text) for __default_signal_display
    defsig_rtred_inner.o(.text) refers to defsig_general.o(.text) for __default_signal_display
    defsig_stak_inner.o(.text) refers to defsig_general.o(.text) for __default_signal_display
    defsig_pvfn_inner.o(.text) refers to defsig_general.o(.text) for __default_signal_display
    defsig_cppl_inner.o(.text) refers to defsig_general.o(.text) for __default_signal_display
    defsig_segv_inner.o(.text) refers to defsig_general.o(.text) for __default_signal_display
    defsig_other.o(.text) refers to defsig_general.o(.text) for __default_signal_display


==============================================================================

Removing Unused input sections from the image.

    Removing main.o(.constdata), (16 bytes).
    Removing gpio.o(i.GPIOGetValue), (24 bytes).
    Removing gpio.o(i.GPIOIntClear), (104 bytes).
    Removing gpio.o(i.GPIOIntDisable), (104 bytes).
    Removing gpio.o(i.GPIOIntEnable), (104 bytes).
    Removing gpio.o(i.GPIOIntStatus), (120 bytes).
    Removing gpio.o(i.GPIOSetInterrupt), (464 bytes).
    Removing ssp.o(i.SPI0_Send), (112 bytes).
    Removing ssp.o(i.SPI_PutGet), (124 bytes).
    Removing ssp.o(i.SSP_IOConfig), (332 bytes).
    Removing ssp.o(i.SSP_Init), (116 bytes).
    Removing ssp.o(i.SSP_Receive), (84 bytes).
    Removing ssp.o(.constdata), (16 bytes).

13 unused section(s) (total 1720 bytes) removed from the image.

==============================================================================

Image Symbol Table

    Local Symbols

    Symbol Name                              Value     Ov Type        Size  Object(Section)

    RESET                                    0x00000000   Section      192  startup_lpc11xx.o(RESET)
    ../clib/angel/boardlib.s                 0x00000000   Number         0  boardinit2.o ABSOLUTE
    ../clib/angel/boardlib.s                 0x00000000   Number         0  boardshut.o ABSOLUTE
    ../clib/angel/boardlib.s                 0x00000000   Number         0  boardinit1.o ABSOLUTE
    ../clib/angel/boardlib.s                 0x00000000   Number         0  boardinit3.o ABSOLUTE
    ../clib/angel/handlers.s                 0x00000000   Number         0  __scatter_copy.o ABSOLUTE
    ../clib/angel/handlers.s                 0x00000000   Number         0  __scatter_zi.o ABSOLUTE
    ../clib/angel/kernel.s                   0x00000000   Number         0  rtexit.o ABSOLUTE
    ../clib/angel/kernel.s                   0x00000000   Number         0  __rtentry4.o ABSOLUTE
    ../clib/angel/kernel.s                   0x00000000   Number         0  __rtentry.o ABSOLUTE
    ../clib/angel/kernel.s                   0x00000000   Number         0  rtexit2.o ABSOLUTE
    ../clib/angel/kernel.s                   0x00000000   Number         0  __rtentry2.o ABSOLUTE
    ../clib/angel/rt.s                       0x00000000   Number         0  rt_raise.o ABSOLUTE
    ../clib/angel/scatterp.s                 0x00000000   Number         0  __scatter.o ABSOLUTE
    ../clib/angel/startup.s                  0x00000000   Number         0  __main.o ABSOLUTE
    ../clib/angel/sys.s                      0x00000000   Number         0  use_no_semi.o ABSOLUTE
    ../clib/angel/sys.s                      0x00000000   Number         0  sys_stackheap_outer.o ABSOLUTE
    ../clib/angel/sys.s                      0x00000000   Number         0  indicate_semi.o ABSOLUTE
    ../clib/angel/sys.s                      0x00000000   Number         0  libspace.o ABSOLUTE
    ../clib/angel/sys.s                      0x00000000   Number         0  tempstk.o ABSOLUTE
    ../clib/angel/sysapp.c                   0x00000000   Number         0  sys_exit.o ABSOLUTE
    ../clib/angel/sysapp.c                   0x00000000   Number         0  sys_wrch.o ABSOLUTE
    ../clib/angel/sysapp.c                   0x00000000   Number         0  sys_command.o ABSOLUTE
    ../clib/armsys.c                         0x00000000   Number         0  no_argv.o ABSOLUTE
    ../clib/armsys.c                         0x00000000   Number         0  _get_argv_nomalloc.o ABSOLUTE
    ../clib/armsys.c                         0x00000000   Number         0  argv_veneer.o ABSOLUTE
    ../clib/heapalloc.c                      0x00000000   Number         0  hrguard.o ABSOLUTE
    ../clib/heapaux.c                        0x00000000   Number         0  heapauxi.o ABSOLUTE
    ../clib/libinit.s                        0x00000000   Number         0  libshutdown.o ABSOLUTE
    ../clib/libinit.s                        0x00000000   Number         0  libshutdown2.o ABSOLUTE
    ../clib/libinit.s                        0x00000000   Number         0  libinit.o ABSOLUTE
    ../clib/libinit.s                        0x00000000   Number         0  libinit2.o ABSOLUTE
    ../clib/signal.c                         0x00000000   Number         0  defsig_pvfn_inner.o ABSOLUTE
    ../clib/signal.c                         0x00000000   Number         0  defsig_stak_inner.o ABSOLUTE
    ../clib/signal.c                         0x00000000   Number         0  defsig_rtred_inner.o ABSOLUTE
    ../clib/signal.c                         0x00000000   Number         0  defsig_fpe_inner.o ABSOLUTE
    ../clib/signal.c                         0x00000000   Number         0  defsig_abrt_inner.o ABSOLUTE
    ../clib/signal.c                         0x00000000   Number         0  defsig_general.o ABSOLUTE
    ../clib/signal.c                         0x00000000   Number         0  __raise.o ABSOLUTE
    ../clib/signal.c                         0x00000000   Number         0  defsig_rtmem_inner.o ABSOLUTE
    ../clib/signal.c                         0x00000000   Number         0  defsig_segv_inner.o ABSOLUTE
    ../clib/signal.c                         0x00000000   Number         0  defsig_rtmem_formal.o ABSOLUTE
    ../clib/signal.c                         0x00000000   Number         0  defsig_rtmem_outer.o ABSOLUTE
    ../clib/signal.c                         0x00000000   Number         0  defsig_other.o ABSOLUTE
    ../clib/signal.c                         0x00000000   Number         0  defsig_cppl_inner.o ABSOLUTE
    ../clib/signal.c                         0x00000000   Number         0  defsig_exit.o ABSOLUTE
    ../clib/signal.s                         0x00000000   Number         0  defsig.o ABSOLUTE
    ../clib/stdlib.c                         0x00000000   Number         0  exit.o ABSOLUTE
    ../fplib/cfplib/fpinit.c                 0x00000000   Number         0  fpinit.o ABSOLUTE
    Lib_BSP\src\led7seg.c                    0x00000000   Number         0  led7seg.o ABSOLUTE
    Lib_BSP\src\seg7led.c                    0x00000000   Number         0  seg7led.o ABSOLUTE
    Lib_MCU\src\gpio.c                       0x00000000   Number         0  gpio.o ABSOLUTE
    Lib_MCU\src\ssp.c                        0x00000000   Number         0  ssp.o ABSOLUTE
    Lib_MCU\src\startup_LPC11xx.s            0x00000000   Number         0  startup_lpc11xx.o ABSOLUTE
    Lib_MCU\src\system_LPC11xx.c             0x00000000   Number         0  system_lpc11xx.o ABSOLUTE
    dc.s                                     0x00000000   Number         0  dc.o ABSOLUTE
    main.c                                   0x00000000   Number         0  main.o ABSOLUTE
    !!!main                                  0x000000c0   Section        8  __main.o(!!!main)
    !!!scatter                               0x000000c8   Section       60  __scatter.o(!!!scatter)
    !!handler_copy                           0x00000104   Section       26  __scatter_copy.o(!!handler_copy)
    !!handler_zi                             0x00000120   Section       28  __scatter_zi.o(!!handler_zi)
    .ARM.Collect$$libinit$$00000000          0x0000013c   Section        2  libinit.o(.ARM.Collect$$libinit$$00000000)
    .ARM.Collect$$libinit$$00000002          0x0000013e   Section        0  libinit2.o(.ARM.Collect$$libinit$$00000002)
    .ARM.Collect$$libinit$$00000004          0x0000013e   Section        0  libinit2.o(.ARM.Collect$$libinit$$00000004)
    .ARM.Collect$$libinit$$0000000A          0x0000013e   Section        0  libinit2.o(.ARM.Collect$$libinit$$0000000A)
    .ARM.Collect$$libinit$$0000000C          0x0000013e   Section        0  libinit2.o(.ARM.Collect$$libinit$$0000000C)
    .ARM.Collect$$libinit$$0000000E          0x0000013e   Section        0  libinit2.o(.ARM.Collect$$libinit$$0000000E)
    .ARM.Collect$$libinit$$00000011          0x0000013e   Section        0  libinit2.o(.ARM.Collect$$libinit$$00000011)
    .ARM.Collect$$libinit$$00000013          0x0000013e   Section        0  libinit2.o(.ARM.Collect$$libinit$$00000013)
    .ARM.Collect$$libinit$$00000015          0x0000013e   Section        0  libinit2.o(.ARM.Collect$$libinit$$00000015)
    .ARM.Collect$$libinit$$00000017          0x0000013e   Section        0  libinit2.o(.ARM.Collect$$libinit$$00000017)
    .ARM.Collect$$libinit$$00000019          0x0000013e   Section        0  libinit2.o(.ARM.Collect$$libinit$$00000019)
    .ARM.Collect$$libinit$$0000001B          0x0000013e   Section        0  libinit2.o(.ARM.Collect$$libinit$$0000001B)
    .ARM.Collect$$libinit$$0000001D          0x0000013e   Section        0  libinit2.o(.ARM.Collect$$libinit$$0000001D)
    .ARM.Collect$$libinit$$0000001F          0x0000013e   Section        0  libinit2.o(.ARM.Collect$$libinit$$0000001F)
    .ARM.Collect$$libinit$$00000021          0x0000013e   Section        0  libinit2.o(.ARM.Collect$$libinit$$00000021)
    .ARM.Collect$$libinit$$00000023          0x0000013e   Section        0  libinit2.o(.ARM.Collect$$libinit$$00000023)
    .ARM.Collect$$libinit$$00000025          0x0000013e   Section        0  libinit2.o(.ARM.Collect$$libinit$$00000025)
    .ARM.Collect$$libinit$$0000002C          0x0000013e   Section        0  libinit2.o(.ARM.Collect$$libinit$$0000002C)
    .ARM.Collect$$libinit$$0000002E          0x0000013e   Section        0  libinit2.o(.ARM.Collect$$libinit$$0000002E)
    .ARM.Collect$$libinit$$00000030          0x0000013e   Section        0  libinit2.o(.ARM.Collect$$libinit$$00000030)
    .ARM.Collect$$libinit$$00000032          0x0000013e   Section        0  libinit2.o(.ARM.Collect$$libinit$$00000032)
    .ARM.Collect$$libinit$$00000033          0x0000013e   Section        2  libinit2.o(.ARM.Collect$$libinit$$00000033)
    .ARM.Collect$$libshutdown$$00000000      0x00000140   Section        2  libshutdown.o(.ARM.Collect$$libshutdown$$00000000)
    .ARM.Collect$$libshutdown$$00000002      0x00000142   Section        0  libshutdown2.o(.ARM.Collect$$libshutdown$$00000002)
    .ARM.Collect$$libshutdown$$00000004      0x00000142   Section        0  libshutdown2.o(.ARM.Collect$$libshutdown$$00000004)
    .ARM.Collect$$libshutdown$$00000007      0x00000142   Section        0  libshutdown2.o(.ARM.Collect$$libshutdown$$00000007)
    .ARM.Collect$$libshutdown$$0000000A      0x00000142   Section        0  libshutdown2.o(.ARM.Collect$$libshutdown$$0000000A)
    .ARM.Collect$$libshutdown$$0000000C      0x00000142   Section        0  libshutdown2.o(.ARM.Collect$$libshutdown$$0000000C)
    .ARM.Collect$$libshutdown$$0000000F      0x00000142   Section        0  libshutdown2.o(.ARM.Collect$$libshutdown$$0000000F)
    .ARM.Collect$$libshutdown$$00000010      0x00000142   Section        2  libshutdown2.o(.ARM.Collect$$libshutdown$$00000010)
    .ARM.Collect$$rtentry$$00000000          0x00000144   Section        0  __rtentry.o(.ARM.Collect$$rtentry$$00000000)
    .ARM.Collect$$rtentry$$00000002          0x00000144   Section        0  __rtentry2.o(.ARM.Collect$$rtentry$$00000002)
    .ARM.Collect$$rtentry$$00000004          0x00000144   Section        6  __rtentry4.o(.ARM.Collect$$rtentry$$00000004)
    .ARM.Collect$$rtentry$$00000009          0x0000014a   Section        0  __rtentry2.o(.ARM.Collect$$rtentry$$00000009)
    .ARM.Collect$$rtentry$$0000000A          0x0000014a   Section        4  __rtentry2.o(.ARM.Collect$$rtentry$$0000000A)
    .ARM.Collect$$rtentry$$0000000C          0x0000014e   Section        0  __rtentry2.o(.ARM.Collect$$rtentry$$0000000C)
    .ARM.Collect$$rtentry$$0000000D          0x0000014e   Section        8  __rtentry2.o(.ARM.Collect$$rtentry$$0000000D)
    .ARM.Collect$$rtexit$$00000000           0x00000156   Section        2  rtexit.o(.ARM.Collect$$rtexit$$00000000)
    .ARM.Collect$$rtexit$$00000002           0x00000158   Section        0  rtexit2.o(.ARM.Collect$$rtexit$$00000002)
    .ARM.Collect$$rtexit$$00000003           0x00000158   Section        4  rtexit2.o(.ARM.Collect$$rtexit$$00000003)
    .ARM.Collect$$rtexit$$00000004           0x0000015c   Section        6  rtexit2.o(.ARM.Collect$$rtexit$$00000004)
    .text                                    0x00000164   Section       52  startup_lpc11xx.o(.text)
    .text                                    0x00000198   Section        0  heapauxi.o(.text)
    .text                                    0x0000019e   Section       62  sys_stackheap_outer.o(.text)
    .text                                    0x000001dc   Section        0  exit.o(.text)
    .text                                    0x000001ec   Section        8  libspace.o(.text)
    .text                                    0x000001f4   Section        0  sys_exit.o(.text)
    .text                                    0x00000200   Section        2  use_no_semi.o(.text)
    .text                                    0x00000202   Section        0  indicate_semi.o(.text)
    i.GPIOInit                               0x00000204   Section        0  gpio.o(i.GPIOInit)
    i.GPIOSetDir                             0x00000230   Section        0  gpio.o(i.GPIOSetDir)
    i.GPIOSetValue                           0x00000284   Section        0  gpio.o(i.GPIOSetValue)
    i.NVIC_EnableIRQ                         0x000002a0   Section        0  gpio.o(i.NVIC_EnableIRQ)
    NVIC_EnableIRQ                           0x000002a1   Thumb Code    14  gpio.o(i.NVIC_EnableIRQ)
    i.NVIC_EnableIRQ                         0x000002b4   Section        0  ssp.o(i.NVIC_EnableIRQ)
    NVIC_EnableIRQ                           0x000002b5   Thumb Code    14  ssp.o(i.NVIC_EnableIRQ)
    i.led7seg_init                           0x000002c8   Section        0  led7seg.o(i.led7seg_init)
    .constdata                               0x000002e0   Section       16  gpio.o(.constdata)
    LPC_GPIO                                 0x000002e0   Data          16  gpio.o(.constdata)
    .ARM.__at_0x02FC                         0x000002fc   Section        4  startup_lpc11xx.o(.ARM.__at_0x02FC)
    i.Main_PLL_Setup                         0x00000300   Section        0  system_lpc11xx.o(i.Main_PLL_Setup)
    i.NVIC_SetPriority                       0x000003a8   Section        0  main.o(i.NVIC_SetPriority)
    NVIC_SetPriority                         0x000003a9   Thumb Code   110  main.o(i.NVIC_SetPriority)
    i.SPI_IOConfig                           0x00000420   Section        0  ssp.o(i.SPI_IOConfig)
    i.SPI_Init                               0x000005b0   Section        0  ssp.o(i.SPI_Init)
    i.SSP0_IRQHandler                        0x00000634   Section        0  ssp.o(i.SSP0_IRQHandler)
    i.SSP1_IRQHandler                        0x0000068c   Section        0  ssp.o(i.SSP1_IRQHandler)
    i.SSP_Send                               0x000006e4   Section        0  ssp.o(i.SSP_Send)
    i.Seg7Led_Init                           0x00000758   Section        0  seg7led.o(i.Seg7Led_Init)
    i.Seg7Led_Put                            0x00000790   Section        0  seg7led.o(i.Seg7Led_Put)
    i.SystemInit                             0x000007ec   Section        0  system_lpc11xx.o(i.SystemInit)
    i.led7seg_setChar                        0x00000830   Section        0  led7seg.o(i.led7seg_setChar)
    i.main                                   0x0000087c   Section        0  main.o(i.main)
    .constdata                               0x000008e8   Section       96  led7seg.o(.constdata)
    LPC_GPIO                                 0x000008e8   Data          16  led7seg.o(.constdata)
    chars                                    0x000008f8   Data          80  led7seg.o(.constdata)
    .constdata                               0x00000948   Section       48  seg7led.o(.constdata)
    LPC_GPIO                                 0x00000948   Data          16  seg7led.o(.constdata)
    .data                                    0x10000000   Section       12  system_lpc11xx.o(.data)
    .data                                    0x1000000c   Section       24  ssp.o(.data)
    .bss                                     0x10000024   Section       32  ssp.o(.bss)
    .bss                                     0x10000044   Section       96  libspace.o(.bss)
    HEAP                                     0x100000a8   Section        0  startup_lpc11xx.o(HEAP)
    STACK                                    0x100000a8   Section      512  startup_lpc11xx.o(STACK)
    Heap_Mem                                 0x100000a8   Data           0  startup_lpc11xx.o(HEAP)
    Stack_Mem                                0x100000a8   Data         512  startup_lpc11xx.o(STACK)
    __initial_sp                             0x100002a8   Data           0  startup_lpc11xx.o(STACK)

    Global Symbols

    Symbol Name                              Value     Ov Type        Size  Object(Section)

    BuildAttributes$$THM_ISAv3M$S$PE$A:L22$X:L11$S22$IEEE1$IW$USESV6$~STKCKD$USESV7$~SHL$OSPACE$ROPI$EBA8$UX$STANDARDLIB$REQ8$PRES8$EABIv2 0x00000000   Number         0  anon$$obj.o ABSOLUTE
    __ARM_use_no_argv                        0x00000000   Number         0  main.o ABSOLUTE
    __Vectors                                0x00000000   Data           4  startup_lpc11xx.o(RESET)
    __ARM_exceptions_init                     - Undefined Weak Reference
    __alloca_initialize                       - Undefined Weak Reference
    __arm_preinit_                            - Undefined Weak Reference
    __cpp_initialize__aeabi_                  - Undefined Weak Reference
    __cxa_finalize                            - Undefined Weak Reference
    __rt_locale                               - Undefined Weak Reference
    __sigvec_lookup                           - Undefined Weak Reference
    _atexit_init                              - Undefined Weak Reference
    _call_atexit_fns                          - Undefined Weak Reference
    _clock_init                               - Undefined Weak Reference
    _fp_trap_init                             - Undefined Weak Reference
    _fp_trap_shutdown                         - Undefined Weak Reference
    _get_lc_collate                           - Undefined Weak Reference
    _get_lc_ctype                             - Undefined Weak Reference
    _get_lc_monetary                          - Undefined Weak Reference
    _get_lc_numeric                           - Undefined Weak Reference
    _get_lc_time                              - Undefined Weak Reference
    _getenv_init                              - Undefined Weak Reference
    _handle_redirection                       - Undefined Weak Reference
    _init_alloc                               - Undefined Weak Reference
    _init_user_alloc                          - Undefined Weak Reference
    _initio                                   - Undefined Weak Reference
    _rand_init                                - Undefined Weak Reference
    _signal_finish                            - Undefined Weak Reference
    _signal_init                              - Undefined Weak Reference
    _terminate_alloc                          - Undefined Weak Reference
    _terminate_user_alloc                     - Undefined Weak Reference
    _terminateio                              - Undefined Weak Reference
    __main                                   0x000000c1   Thumb Code     8  __main.o(!!!main)
    __scatterload                            0x000000c9   Thumb Code     0  __scatter.o(!!!scatter)
    __scatterload_rt2                        0x000000c9   Thumb Code    52  __scatter.o(!!!scatter)
    __scatterload_rt2_thumb_only             0x000000c9   Thumb Code     0  __scatter.o(!!!scatter)
    __scatterload_null                       0x000000d9   Thumb Code     0  __scatter.o(!!!scatter)
    __scatterload_copy                       0x00000105   Thumb Code    26  __scatter_copy.o(!!handler_copy)
    __scatterload_zeroinit                   0x00000121   Thumb Code    28  __scatter_zi.o(!!handler_zi)
    __rt_lib_init                            0x0000013d   Thumb Code     0  libinit.o(.ARM.Collect$$libinit$$00000000)
    __rt_lib_init_alloca_1                   0x0000013f   Thumb Code     0  libinit2.o(.ARM.Collect$$libinit$$0000002E)
    __rt_lib_init_argv_1                     0x0000013f   Thumb Code     0  libinit2.o(.ARM.Collect$$libinit$$0000002C)
    __rt_lib_init_atexit_1                   0x0000013f   Thumb Code     0  libinit2.o(.ARM.Collect$$libinit$$0000001B)
    __rt_lib_init_clock_1                    0x0000013f   Thumb Code     0  libinit2.o(.ARM.Collect$$libinit$$00000021)
    __rt_lib_init_cpp_1                      0x0000013f   Thumb Code     0  libinit2.o(.ARM.Collect$$libinit$$00000032)
    __rt_lib_init_exceptions_1               0x0000013f   Thumb Code     0  libinit2.o(.ARM.Collect$$libinit$$00000030)
    __rt_lib_init_fp_1                       0x0000013f   Thumb Code     0  libinit2.o(.ARM.Collect$$libinit$$00000002)
    __rt_lib_init_fp_trap_1                  0x0000013f   Thumb Code     0  libinit2.o(.ARM.Collect$$libinit$$0000001F)
    __rt_lib_init_getenv_1                   0x0000013f   Thumb Code     0  libinit2.o(.ARM.Collect$$libinit$$00000023)
    __rt_lib_init_heap_1                     0x0000013f   Thumb Code     0  libinit2.o(.ARM.Collect$$libinit$$0000000A)
    __rt_lib_init_lc_collate_1               0x0000013f   Thumb Code     0  libinit2.o(.ARM.Collect$$libinit$$00000011)
    __rt_lib_init_lc_ctype_1                 0x0000013f   Thumb Code     0  libinit2.o(.ARM.Collect$$libinit$$00000013)
    __rt_lib_init_lc_monetary_1              0x0000013f   Thumb Code     0  libinit2.o(.ARM.Collect$$libinit$$00000015)
    __rt_lib_init_lc_numeric_1               0x0000013f   Thumb Code     0  libinit2.o(.ARM.Collect$$libinit$$00000017)
    __rt_lib_init_lc_time_1                  0x0000013f   Thumb Code     0  libinit2.o(.ARM.Collect$$libinit$$00000019)
    __rt_lib_init_preinit_1                  0x0000013f   Thumb Code     0  libinit2.o(.ARM.Collect$$libinit$$00000004)
    __rt_lib_init_rand_1                     0x0000013f   Thumb Code     0  libinit2.o(.ARM.Collect$$libinit$$0000000E)
    __rt_lib_init_return                     0x0000013f   Thumb Code     0  libinit2.o(.ARM.Collect$$libinit$$00000033)
    __rt_lib_init_signal_1                   0x0000013f   Thumb Code     0  libinit2.o(.ARM.Collect$$libinit$$0000001D)
    __rt_lib_init_stdio_1                    0x0000013f   Thumb Code     0  libinit2.o(.ARM.Collect$$libinit$$00000025)
    __rt_lib_init_user_alloc_1               0x0000013f   Thumb Code     0  libinit2.o(.ARM.Collect$$libinit$$0000000C)
    __rt_lib_shutdown                        0x00000141   Thumb Code     0  libshutdown.o(.ARM.Collect$$libshutdown$$00000000)
    __rt_lib_shutdown_cpp_1                  0x00000143   Thumb Code     0  libshutdown2.o(.ARM.Collect$$libshutdown$$00000002)
    __rt_lib_shutdown_fp_trap_1              0x00000143   Thumb Code     0  libshutdown2.o(.ARM.Collect$$libshutdown$$00000007)
    __rt_lib_shutdown_heap_1                 0x00000143   Thumb Code     0  libshutdown2.o(.ARM.Collect$$libshutdown$$0000000F)
    __rt_lib_shutdown_return                 0x00000143   Thumb Code     0  libshutdown2.o(.ARM.Collect$$libshutdown$$00000010)
    __rt_lib_shutdown_signal_1               0x00000143   Thumb Code     0  libshutdown2.o(.ARM.Collect$$libshutdown$$0000000A)
    __rt_lib_shutdown_stdio_1                0x00000143   Thumb Code     0  libshutdown2.o(.ARM.Collect$$libshutdown$$00000004)
    __rt_lib_shutdown_user_alloc_1           0x00000143   Thumb Code     0  libshutdown2.o(.ARM.Collect$$libshutdown$$0000000C)
    __rt_entry                               0x00000145   Thumb Code     0  __rtentry.o(.ARM.Collect$$rtentry$$00000000)
    __rt_entry_presh_1                       0x00000145   Thumb Code     0  __rtentry2.o(.ARM.Collect$$rtentry$$00000002)
    __rt_entry_sh                            0x00000145   Thumb Code     0  __rtentry4.o(.ARM.Collect$$rtentry$$00000004)
    __rt_entry_li                            0x0000014b   Thumb Code     0  __rtentry2.o(.ARM.Collect$$rtentry$$0000000A)
    __rt_entry_postsh_1                      0x0000014b   Thumb Code     0  __rtentry2.o(.ARM.Collect$$rtentry$$00000009)
    __rt_entry_main                          0x0000014f   Thumb Code     0  __rtentry2.o(.ARM.Collect$$rtentry$$0000000D)
    __rt_entry_postli_1                      0x0000014f   Thumb Code     0  __rtentry2.o(.ARM.Collect$$rtentry$$0000000C)
    __rt_exit                                0x00000157   Thumb Code     0  rtexit.o(.ARM.Collect$$rtexit$$00000000)
    __rt_exit_ls                             0x00000159   Thumb Code     0  rtexit2.o(.ARM.Collect$$rtexit$$00000003)
    __rt_exit_prels_1                        0x00000159   Thumb Code     0  rtexit2.o(.ARM.Collect$$rtexit$$00000002)
    __rt_exit_exit                           0x0000015d   Thumb Code     0  rtexit2.o(.ARM.Collect$$rtexit$$00000004)
    Reset_Handler                            0x00000165   Thumb Code     4  startup_lpc11xx.o(.text)
    NMI_Handler                              0x00000169   Thumb Code     2  startup_lpc11xx.o(.text)
    HardFault_Handler                        0x0000016b   Thumb Code     2  startup_lpc11xx.o(.text)
    MemManage_Handler                        0x0000016d   Thumb Code     2  startup_lpc11xx.o(.text)
    BusFault_Handler                         0x0000016f   Thumb Code     2  startup_lpc11xx.o(.text)
    UsageFault_Handler                       0x00000171   Thumb Code     2  startup_lpc11xx.o(.text)
    SVC_Handler                              0x00000173   Thumb Code     2  startup_lpc11xx.o(.text)
    DebugMon_Handler                         0x00000175   Thumb Code     2  startup_lpc11xx.o(.text)
    PendSV_Handler                           0x00000177   Thumb Code     2  startup_lpc11xx.o(.text)
    SysTick_Handler                          0x00000179   Thumb Code     2  startup_lpc11xx.o(.text)
    ADC_IRQHandler                           0x0000017b   Thumb Code     0  startup_lpc11xx.o(.text)
    BOD_IRQHandler                           0x0000017b   Thumb Code     0  startup_lpc11xx.o(.text)
    CAN_IRQHandler                           0x0000017b   Thumb Code     0  startup_lpc11xx.o(.text)
    FMC_IRQHandler                           0x0000017b   Thumb Code     0  startup_lpc11xx.o(.text)
    I2C_IRQHandler                           0x0000017b   Thumb Code     0  startup_lpc11xx.o(.text)
    PIOINT0_IRQHandler                       0x0000017b   Thumb Code     0  startup_lpc11xx.o(.text)
    PIOINT1_IRQHandler                       0x0000017b   Thumb Code     0  startup_lpc11xx.o(.text)
    PIOINT2_IRQHandler                       0x0000017b   Thumb Code     0  startup_lpc11xx.o(.text)
    PIOINT3_IRQHandler                       0x0000017b   Thumb Code     0  startup_lpc11xx.o(.text)
    TIMER16_0_IRQHandler                     0x0000017b   Thumb Code     0  startup_lpc11xx.o(.text)
    TIMER16_1_IRQHandler                     0x0000017b   Thumb Code     0  startup_lpc11xx.o(.text)
    TIMER32_0_IRQHandler                     0x0000017b   Thumb Code     0  startup_lpc11xx.o(.text)
    TIMER32_1_IRQHandler                     0x0000017b   Thumb Code     0  startup_lpc11xx.o(.text)
    UART_IRQHandler                          0x0000017b   Thumb Code     0  startup_lpc11xx.o(.text)
    USB_FIQHandler                           0x0000017b   Thumb Code     0  startup_lpc11xx.o(.text)
    USB_IRQHandler                           0x0000017b   Thumb Code     0  startup_lpc11xx.o(.text)
    WAKEUP_IRQHandler                        0x0000017b   Thumb Code     0  startup_lpc11xx.o(.text)
    WDT_IRQHandler                           0x0000017b   Thumb Code     0  startup_lpc11xx.o(.text)
    __user_initial_stackheap                 0x0000017d   Thumb Code     0  startup_lpc11xx.o(.text)
    __use_two_region_memory                  0x00000199   Thumb Code     2  heapauxi.o(.text)
    __rt_heap_escrow$2region                 0x0000019b   Thumb Code     2  heapauxi.o(.text)
    __rt_heap_expand$2region                 0x0000019d   Thumb Code     2  heapauxi.o(.text)
    __user_setup_stackheap                   0x0000019f   Thumb Code    62  sys_stackheap_outer.o(.text)
    exit                                     0x000001dd   Thumb Code    16  exit.o(.text)
    __user_libspace                          0x000001ed   Thumb Code     8  libspace.o(.text)
    __user_perproc_libspace                  0x000001ed   Thumb Code     0  libspace.o(.text)
    __user_perthread_libspace                0x000001ed   Thumb Code     0  libspace.o(.text)
    _sys_exit                                0x000001f5   Thumb Code     8  sys_exit.o(.text)
    __I$use$semihosting                      0x00000201   Thumb Code     0  use_no_semi.o(.text)
    __use_no_semihosting_swi                 0x00000201   Thumb Code     2  use_no_semi.o(.text)
    __semihosting_library_function           0x00000203   Thumb Code     0  indicate_semi.o(.text)
    GPIOInit                                 0x00000205   Thumb Code    40  gpio.o(i.GPIOInit)
    GPIOSetDir                               0x00000231   Thumb Code    78  gpio.o(i.GPIOSetDir)
    GPIOSetValue                             0x00000285   Thumb Code    22  gpio.o(i.GPIOSetValue)
    led7seg_init                             0x000002c9   Thumb Code    24  led7seg.o(i.led7seg_init)
    Main_PLL_Setup                           0x00000301   Thumb Code   142  system_lpc11xx.o(i.Main_PLL_Setup)
    SPI_IOConfig                             0x00000421   Thumb Code   392  ssp.o(i.SPI_IOConfig)
    SPI_Init                                 0x000005b1   Thumb Code   124  ssp.o(i.SPI_Init)
    SSP0_IRQHandler                          0x00000635   Thumb Code    72  ssp.o(i.SSP0_IRQHandler)
    SSP1_IRQHandler                          0x0000068d   Thumb Code    72  ssp.o(i.SSP1_IRQHandler)
    SSP_Send                                 0x000006e5   Thumb Code   106  ssp.o(i.SSP_Send)
    Seg7Led_Init                             0x00000759   Thumb Code    54  seg7led.o(i.Seg7Led_Init)
    Seg7Led_Put                              0x00000791   Thumb Code    86  seg7led.o(i.Seg7Led_Put)
    SystemInit                               0x000007ed   Thumb Code    58  system_lpc11xx.o(i.SystemInit)
    led7seg_setChar                          0x00000831   Thumb Code    66  led7seg.o(i.led7seg_setChar)
    main                                     0x0000087d   Thumb Code    94  main.o(i.main)
    segcode                                  0x00000958   Data          32  seg7led.o(.constdata)
    Region$$Table$$Base                      0x00000978   Number         0  anon$$obj.o(Region$$Table)
    Region$$Table$$Limit                     0x00000998   Number         0  anon$$obj.o(Region$$Table)
    ClockSource                              0x10000000   Data           4  system_lpc11xx.o(.data)
    SystemFrequency                          0x10000004   Data           4  system_lpc11xx.o(.data)
    SystemAHBFrequency                       0x10000008   Data           4  system_lpc11xx.o(.data)
    interruptRxStat0                         0x1000000c   Data           4  ssp.o(.data)
    interruptOverRunStat0                    0x10000010   Data           4  ssp.o(.data)
    interruptRxTimeoutStat0                  0x10000014   Data           4  ssp.o(.data)
    interruptRxStat1                         0x10000018   Data           4  ssp.o(.data)
    interruptOverRunStat1                    0x1000001c   Data           4  ssp.o(.data)
    interruptRxTimeoutStat1                  0x10000020   Data           4  ssp.o(.data)
    src_addr                                 0x10000024   Data          16  ssp.o(.bss)
    dest_addr                                0x10000034   Data          16  ssp.o(.bss)
    __libspace_start                         0x10000044   Data          96  libspace.o(.bss)
    __temporary_stack_top$libspace           0x100000a4   Data           0  libspace.o(.bss)



==============================================================================

Memory Map of the image

  Image Entry point : 0x000000c1

  Load Region LR_IROM1 (Base: 0x00000000, Size: 0x000009bc, Max: 0x00008000, ABSOLUTE)

    Execution Region ER_IROM1 (Base: 0x00000000, Size: 0x00000998, Max: 0x00008000, ABSOLUTE)

    Base Addr    Size         Type   Attr      Idx    E Section Name        Object

    0x00000000   0x000000c0   Data   RO           53    RESET               startup_lpc11xx.o
    0x000000c0   0x00000008   Code   RO          293  * !!!main             c_p.l(__main.o)
    0x000000c8   0x0000003c   Code   RO          452    !!!scatter          c_p.l(__scatter.o)
    0x00000104   0x0000001a   Code   RO          454    !!handler_copy      c_p.l(__scatter_copy.o)
    0x0000011e   0x00000002   PAD
    0x00000120   0x0000001c   Code   RO          456    !!handler_zi        c_p.l(__scatter_zi.o)
    0x0000013c   0x00000002   Code   RO          321    .ARM.Collect$$libinit$$00000000  c_p.l(libinit.o)
    0x0000013e   0x00000000   Code   RO          329    .ARM.Collect$$libinit$$00000002  c_p.l(libinit2.o)
    0x0000013e   0x00000000   Code   RO          331    .ARM.Collect$$libinit$$00000004  c_p.l(libinit2.o)
    0x0000013e   0x00000000   Code   RO          334    .ARM.Collect$$libinit$$0000000A  c_p.l(libinit2.o)
    0x0000013e   0x00000000   Code   RO          336    .ARM.Collect$$libinit$$0000000C  c_p.l(libinit2.o)
    0x0000013e   0x00000000   Code   RO          338    .ARM.Collect$$libinit$$0000000E  c_p.l(libinit2.o)
    0x0000013e   0x00000000   Code   RO          341    .ARM.Collect$$libinit$$00000011  c_p.l(libinit2.o)
    0x0000013e   0x00000000   Code   RO          343    .ARM.Collect$$libinit$$00000013  c_p.l(libinit2.o)
    0x0000013e   0x00000000   Code   RO          345    .ARM.Collect$$libinit$$00000015  c_p.l(libinit2.o)
    0x0000013e   0x00000000   Code   RO          347    .ARM.Collect$$libinit$$00000017  c_p.l(libinit2.o)
    0x0000013e   0x00000000   Code   RO          349    .ARM.Collect$$libinit$$00000019  c_p.l(libinit2.o)
    0x0000013e   0x00000000   Code   RO          351    .ARM.Collect$$libinit$$0000001B  c_p.l(libinit2.o)
    0x0000013e   0x00000000   Code   RO          353    .ARM.Collect$$libinit$$0000001D  c_p.l(libinit2.o)
    0x0000013e   0x00000000   Code   RO          355    .ARM.Collect$$libinit$$0000001F  c_p.l(libinit2.o)
    0x0000013e   0x00000000   Code   RO          357    .ARM.Collect$$libinit$$00000021  c_p.l(libinit2.o)
    0x0000013e   0x00000000   Code   RO          359    .ARM.Collect$$libinit$$00000023  c_p.l(libinit2.o)
    0x0000013e   0x00000000   Code   RO          361    .ARM.Collect$$libinit$$00000025  c_p.l(libinit2.o)
    0x0000013e   0x00000000   Code   RO          365    .ARM.Collect$$libinit$$0000002C  c_p.l(libinit2.o)
    0x0000013e   0x00000000   Code   RO          367    .ARM.Collect$$libinit$$0000002E  c_p.l(libinit2.o)
    0x0000013e   0x00000000   Code   RO          369    .ARM.Collect$$libinit$$00000030  c_p.l(libinit2.o)
    0x0000013e   0x00000000   Code   RO          371    .ARM.Collect$$libinit$$00000032  c_p.l(libinit2.o)
    0x0000013e   0x00000002   Code   RO          372    .ARM.Collect$$libinit$$00000033  c_p.l(libinit2.o)
    0x00000140   0x00000002   Code   RO          392    .ARM.Collect$$libshutdown$$00000000  c_p.l(libshutdown.o)
    0x00000142   0x00000000   Code   RO          405    .ARM.Collect$$libshutdown$$00000002  c_p.l(libshutdown2.o)
    0x00000142   0x00000000   Code   RO          407    .ARM.Collect$$libshutdown$$00000004  c_p.l(libshutdown2.o)
    0x00000142   0x00000000   Code   RO          410    .ARM.Collect$$libshutdown$$00000007  c_p.l(libshutdown2.o)
    0x00000142   0x00000000   Code   RO          413    .ARM.Collect$$libshutdown$$0000000A  c_p.l(libshutdown2.o)
    0x00000142   0x00000000   Code   RO          415    .ARM.Collect$$libshutdown$$0000000C  c_p.l(libshutdown2.o)
    0x00000142   0x00000000   Code   RO          418    .ARM.Collect$$libshutdown$$0000000F  c_p.l(libshutdown2.o)
    0x00000142   0x00000002   Code   RO          419    .ARM.Collect$$libshutdown$$00000010  c_p.l(libshutdown2.o)
    0x00000144   0x00000000   Code   RO          295    .ARM.Collect$$rtentry$$00000000  c_p.l(__rtentry.o)
    0x00000144   0x00000000   Code   RO          297    .ARM.Collect$$rtentry$$00000002  c_p.l(__rtentry2.o)
    0x00000144   0x00000006   Code   RO          309    .ARM.Collect$$rtentry$$00000004  c_p.l(__rtentry4.o)
    0x0000014a   0x00000000   Code   RO          299    .ARM.Collect$$rtentry$$00000009  c_p.l(__rtentry2.o)
    0x0000014a   0x00000004   Code   RO          300    .ARM.Collect$$rtentry$$0000000A  c_p.l(__rtentry2.o)
    0x0000014e   0x00000000   Code   RO          302    .ARM.Collect$$rtentry$$0000000C  c_p.l(__rtentry2.o)
    0x0000014e   0x00000008   Code   RO          303    .ARM.Collect$$rtentry$$0000000D  c_p.l(__rtentry2.o)
    0x00000156   0x00000002   Code   RO          326    .ARM.Collect$$rtexit$$00000000  c_p.l(rtexit.o)
    0x00000158   0x00000000   Code   RO          374    .ARM.Collect$$rtexit$$00000002  c_p.l(rtexit2.o)
    0x00000158   0x00000004   Code   RO          375    .ARM.Collect$$rtexit$$00000003  c_p.l(rtexit2.o)
    0x0000015c   0x00000006   Code   RO          376    .ARM.Collect$$rtexit$$00000004  c_p.l(rtexit2.o)
    0x00000162   0x00000002   PAD
    0x00000164   0x00000034   Code   RO           55    .text               startup_lpc11xx.o
    0x00000198   0x00000006   Code   RO          291    .text               c_p.l(heapauxi.o)
    0x0000019e   0x0000003e   Code   RO          311    .text               c_p.l(sys_stackheap_outer.o)
    0x000001dc   0x00000010   Code   RO          314    .text               c_p.l(exit.o)
    0x000001ec   0x00000008   Code   RO          322    .text               c_p.l(libspace.o)
    0x000001f4   0x0000000c   Code   RO          384    .text               c_p.l(sys_exit.o)
    0x00000200   0x00000002   Code   RO          395    .text               c_p.l(use_no_semi.o)
    0x00000202   0x00000000   Code   RO          397    .text               c_p.l(indicate_semi.o)
    0x00000202   0x00000002   PAD
    0x00000204   0x0000002c   Code   RO           93    i.GPIOInit          gpio.o
    0x00000230   0x00000054   Code   RO           98    i.GPIOSetDir        gpio.o
    0x00000284   0x0000001c   Code   RO          100    i.GPIOSetValue      gpio.o
    0x000002a0   0x00000014   Code   RO          101    i.NVIC_EnableIRQ    gpio.o
    0x000002b4   0x00000014   Code   RO          213    i.NVIC_EnableIRQ    ssp.o
    0x000002c8   0x00000018   Code   RO          165    i.led7seg_init      led7seg.o
    0x000002e0   0x00000010   Data   RO          102    .constdata          gpio.o
    0x000002f0   0x0000000c   PAD
    0x000002fc   0x00000004   Code   RO           54    .ARM.__at_0x02FC    startup_lpc11xx.o
    0x00000300   0x000000a8   Code   RO           62    i.Main_PLL_Setup    system_lpc11xx.o
    0x000003a8   0x00000078   Code   RO            1    i.NVIC_SetPriority  main.o
    0x00000420   0x00000190   Code   RO          215    i.SPI_IOConfig      ssp.o
    0x000005b0   0x00000084   Code   RO          216    i.SPI_Init          ssp.o
    0x00000634   0x00000058   Code   RO          218    i.SSP0_IRQHandler   ssp.o
    0x0000068c   0x00000058   Code   RO          219    i.SSP1_IRQHandler   ssp.o
    0x000006e4   0x00000074   Code   RO          223    i.SSP_Send          ssp.o
    0x00000758   0x00000036   Code   RO          192    i.Seg7Led_Init      seg7led.o
    0x0000078e   0x00000002   PAD
    0x00000790   0x0000005c   Code   RO          193    i.Seg7Led_Put       seg7led.o
    0x000007ec   0x00000044   Code   RO           63    i.SystemInit        system_lpc11xx.o
    0x00000830   0x0000004c   Code   RO          166    i.led7seg_setChar   led7seg.o
    0x0000087c   0x0000006c   Code   RO            2    i.main              main.o
    0x000008e8   0x00000060   Data   RO          167    .constdata          led7seg.o
    0x00000948   0x00000030   Data   RO          194    .constdata          seg7led.o
    0x00000978   0x00000020   Data   RO          450    Region$$Table       anon$$obj.o


    Execution Region RW_IRAM1 (Base: 0x10000000, Size: 0x000002a8, Max: 0x00002000, ABSOLUTE)

    Base Addr    Size         Type   Attr      Idx    E Section Name        Object

    0x10000000   0x0000000c   Data   RW           64    .data               system_lpc11xx.o
    0x1000000c   0x00000018   Data   RW          226    .data               ssp.o
    0x10000024   0x00000020   Zero   RW          224    .bss                ssp.o
    0x10000044   0x00000060   Zero   RW          323    .bss                c_p.l(libspace.o)
    0x100000a4   0x00000004   PAD
    0x100000a8   0x00000000   Zero   RW           52    HEAP                startup_lpc11xx.o
    0x100000a8   0x00000200   Zero   RW           51    STACK               startup_lpc11xx.o


==============================================================================

Image component sizes


      Code (inc. data)   RO Data    RW Data    ZI Data      Debug   Object Name

       176         22         16          0          0       9883   gpio.o
       100         10         96          0          0       1634   led7seg.o
       228         24          0          0          0      20655   main.o
       146          6         48          0          0       1423   seg7led.o
       844         64          0         24         32       4068   ssp.o
        56         22        192          0        512        972   startup_lpc11xx.o
       236         36          0         12          0       8487   system_lpc11xx.o

    ----------------------------------------------------------------------
      1788        184        396         36        544      47122   Object Totals
         0          0         32          0          0          0   (incl. Generated)
         2          0         12          0          0          0   (incl. Padding)

    ----------------------------------------------------------------------

      Code (inc. data)   RO Data    RW Data    ZI Data      Debug   Library Member Name

         8          0          0          0          0         68   __main.o
         0          0          0          0          0          0   __rtentry.o
        12          0          0          0          0          0   __rtentry2.o
         6          0          0          0          0          0   __rtentry4.o
        60          8          0          0          0          0   __scatter.o
        26          0          0          0          0          0   __scatter_copy.o
        28          0          0          0          0          0   __scatter_zi.o
        16          0          0          0          0         68   exit.o
         6          0          0          0          0        136   heapauxi.o
         0          0          0          0          0          0   indicate_semi.o
         2          0          0          0          0          0   libinit.o
         2          0          0          0          0          0   libinit2.o
         2          0          0          0          0          0   libshutdown.o
         2          0          0          0          0          0   libshutdown2.o
         8          4          0          0         96         68   libspace.o
         2          0          0          0          0          0   rtexit.o
        10          0          0          0          0          0   rtexit2.o
        12          4          0          0          0         60   sys_exit.o
        62          0          0          0          0         80   sys_stackheap_outer.o
         2          0          0          0          0         68   use_no_semi.o

    ----------------------------------------------------------------------
       272         16          0          0        100        548   Library Totals
         6          0          0          0          4          0   (incl. Padding)

    ----------------------------------------------------------------------

      Code (inc. data)   RO Data    RW Data    ZI Data      Debug   Library Name

       266         16          0          0         96        548   c_p.l

    ----------------------------------------------------------------------
       272         16          0          0        100        548   Library Totals

    ----------------------------------------------------------------------

==============================================================================


      Code (inc. data)   RO Data    RW Data    ZI Data      Debug   

      2060        200        396         36        644      46830   Grand Totals
      2060        200        396         36        644      46830   ELF Image Totals
      2060        200        396         36          0          0   ROM Totals

==============================================================================

    Total RO  Size (Code + RO Data)                 2456 (   2.40kB)
    Total RW  Size (RW Data + ZI Data)               680 (   0.66kB)
    Total ROM Size (Code + RO Data + RW Data)       2492 (   2.43kB)

==============================================================================

