<html>
<body>
<pre>
<h1>µVision Build Log</h1>
<h2>Tool Versions:</h2>
IDE-Version: ¦ÌVision V5.21.1.0
Copyright (C) 2016 ARM Ltd and ARM Germany GmbH. All rights reserved.
License Information: 1 1, 1, LIC=KRMFW-QJ35I-DW82I-T3MNC-IWFZ1-2W2P4
 
Tool Versions:
Toolchain:       MDK-ARM Plus  Version: 5.21a
Toolchain Path:  F:\keli_v5\core\ARM\ARMCC\Bin
C Compiler:      Armcc.exe V5.06 update 3 (build 300)
Assembler:       Armasm.exe V5.06 update 3 (build 300)
Linker/Locator:  ArmLink.exe V5.06 update 3 (build 300)
Library Manager: ArmAr.exe V5.06 update 3 (build 300)
Hex Converter:   FromElf.exe V5.06 update 3 (build 300)
CPU DLL:         SARMCM3.DLL V5.21a
Dialog DLL:      DARMCM1.DLL V1.14.0.0
Target DLL:      UL2CM3.DLL V1.158.5.0
Dialog DLL:      TARMCM1.DLL V1.10.0.0
 
<h2>Project:</h2>
F:\keli_v5_WORK\oled\oled.uvprojx
Project File Date:  10/14/2017

<h2>Output:</h2>
*** Using Compiler 'V5.06 update 3 (build 300)', folder: 'F:\keli_v5\core\ARM\ARMCC\Bin'
Rebuild target 'Target 1'
compiling system_LPC11xx.c...
assembling startup_LPC11xx.s...
compiling can.c...
compiling tools.c...
compiling temp_hum.c...
compiling main.c...
compiling gpio.c...
compiling ssp.c...
compiling oled2864.c...
linking...
Program Size: Code=5836 RO-data=2188 RW-data=92 ZI-data=1508  
".\Objects\oled.axf" - 0 Error(s), 0 Warning(s).

<h2>Collection of Component include folders:</h2>
  F:\keli_v5_WORK\oled\RTE
  F:\keli_v5\core\ARM\PACK\Keil\LPC1100_DFP\1.4.0\Device\Include\LPC11xx

<h2>Collection of Component Files used:</h2>
Build Time Elapsed:  00:00:02
</pre>
</body>
</html>
