Component: ARM Compiler 5.06 update 3 (build 300) Tool: armlink [4d35c9]

==============================================================================

Section Cross References

    startup_lpc11xx.o(STACK) refers (Special) to heapauxi.o(.text) for __use_two_region_memory
    startup_lpc11xx.o(HEAP) refers (Special) to heapauxi.o(.text) for __use_two_region_memory
    startup_lpc11xx.o(RESET) refers (Special) to heapauxi.o(.text) for __use_two_region_memory
    startup_lpc11xx.o(RESET) refers to startup_lpc11xx.o(STACK) for __initial_sp
    startup_lpc11xx.o(RESET) refers to startup_lpc11xx.o(.text) for Reset_Handler
    startup_lpc11xx.o(RESET) refers to main.o(i.SysTick_Handler) for SysTick_Handler
    startup_lpc11xx.o(RESET) refers to ssp.o(i.SSP1_IRQHandler) for SSP1_IRQHandler
    startup_lpc11xx.o(RESET) refers to i2c.o(i.I2C_IRQHandler) for I2C_IRQHandler
    startup_lpc11xx.o(RESET) refers to timer32.o(i.TIMER32_0_IRQHandler) for TIMER32_0_IRQHandler
    startup_lpc11xx.o(RESET) refers to timer32.o(i.TIMER32_1_IRQHandler) for TIMER32_1_IRQHandler
    startup_lpc11xx.o(RESET) refers to ssp.o(i.SSP0_IRQHandler) for SSP0_IRQHandler
    startup_lpc11xx.o(RESET) refers to gpio.o(i.PIOINT3_IRQHandler) for PIOINT3_IRQHandler
    startup_lpc11xx.o(RESET) refers to gpio.o(i.PIOINT2_IRQHandler) for PIOINT2_IRQHandler
    startup_lpc11xx.o(RESET) refers to gpio.o(i.PIOINT1_IRQHandler) for PIOINT1_IRQHandler
    startup_lpc11xx.o(RESET) refers to gpio.o(i.PIOINT0_IRQHandler) for PIOINT0_IRQHandler
    startup_lpc11xx.o(.ARM.__at_0x02FC) refers (Special) to heapauxi.o(.text) for __use_two_region_memory
    startup_lpc11xx.o(.text) refers (Special) to heapauxi.o(.text) for __use_two_region_memory
    startup_lpc11xx.o(.text) refers to __main.o(!!!main) for __main
    startup_lpc11xx.o(.text) refers to startup_lpc11xx.o(HEAP) for Heap_Mem
    startup_lpc11xx.o(.text) refers to startup_lpc11xx.o(STACK) for Stack_Mem
    system_lpc11xx.o(i.Main_PLL_Setup) refers to system_lpc11xx.o(.data) for ClockSource
    system_lpc11xx.o(i.SystemInit) refers to system_lpc11xx.o(i.Main_PLL_Setup) for Main_PLL_Setup
    tools.o(i.delay_ms) refers to aeabi_sdiv.o(.text) for __aeabi_uidivmod
    main.o(i.main) refers to main.o(i.NVIC_SetPriority) for NVIC_SetPriority
    main.o(i.main) refers to devcon.o(i.my_sys_init) for my_sys_init
    main.o(i.main) refers to devcon.o(i.my_gpio_init) for my_gpio_init
    main.o(i.main) refers to key.o(i.KEY_Read) for KEY_Read
    main.o(i.main) refers to devcon.o(i.oled_show) for oled_show
    devcon.o(i.my_gpio_init) refers to gpio.o(i.GPIOSetDir) for GPIOSetDir
    devcon.o(i.my_gpio_init) refers to gpio.o(i.GPIOSetValue) for GPIOSetValue
    devcon.o(i.my_gpio_init) refers to key.o(i.KEY_Init) for KEY_Init
    devcon.o(i.my_sys_init) refers to system_lpc11xx.o(i.SystemInit) for SystemInit
    devcon.o(i.my_sys_init) refers to gpio.o(i.GPIOInit) for GPIOInit
    devcon.o(i.my_sys_init) refers to ssp.o(i.SPI_IOConfig) for SPI_IOConfig
    devcon.o(i.my_sys_init) refers to ssp.o(i.SPI_Init) for SPI_Init
    devcon.o(i.my_sys_init) refers to i2c.o(i.I2CInit) for I2CInit
    devcon.o(i.my_sys_init) refers to light.o(i.light_init) for light_init
    devcon.o(i.my_sys_init) refers to light.o(i.light_enable) for light_enable
    devcon.o(i.my_sys_init) refers to light.o(i.light_setRange) for light_setRange
    devcon.o(i.my_sys_init) refers to oled2864.o(i.OLED_Init_I) for OLED_Init_I
    devcon.o(i.my_sys_init) refers to acc.o(i.acc_init) for acc_init
    devcon.o(i.my_sys_init) refers to adc.o(i.ADCInit) for ADCInit
    devcon.o(i.oled_show) refers to _printf_percent.o(.ARM.Collect$$_printf_percent$$00000000) for _printf_percent
    devcon.o(i.oled_show) refers to _printf_d.o(.ARM.Collect$$_printf_percent$$00000009) for _printf_d
    devcon.o(i.oled_show) refers to _printf_dec.o(.text) for _printf_int_dec
    devcon.o(i.oled_show) refers to rt_memclr.o(.text) for __aeabi_memclr4
    devcon.o(i.oled_show) refers to oled2864.o(i.OLED_DisStrLine) for OLED_DisStrLine
    devcon.o(i.oled_show) refers to acc.o(i.acc_read) for acc_read
    devcon.o(i.oled_show) refers to noretval__2snprintf.o(.text) for __2snprintf
    devcon.o(i.oled_show) refers to light.o(i.light_read) for light_read
    devcon.o(i.oled_show) refers to gpio.o(i.GPIOSetValue) for GPIOSetValue
    devcon.o(i.oled_show) refers to tools.o(i.delay_ms) for delay_ms
    devcon.o(i.oled_show) refers to noretval__2sprintf.o(.text) for __2sprintf
    devcon.o(i.oled_show) refers to temp_hum.o(i.Read_Temp_Hum) for Read_Temp_Hum
    devcon.o(i.oled_show) refers to aeabi_sdiv.o(.text) for __aeabi_idivmod
    devcon.o(i.oled_show) refers to devcon.o(i.speaker_op) for speaker_op
    devcon.o(i.oled_show) refers to adc.o(i.ADCRead) for ADCRead
    devcon.o(i.oled_show) refers to dflti.o(.text) for __aeabi_ui2d
    devcon.o(i.oled_show) refers to dmul.o(.text) for __aeabi_dmul
    devcon.o(i.oled_show) refers to ddiv.o(.text) for __aeabi_ddiv
[...]
    defsig_fpe_inner.o(.text) refers to defsig_general.o(.text) for __default_signal_display
    defsig_rtred_inner.o(.text) refers to defsig_general.o(.text) for __default_signal_display
    assert_stdio.o(.text) refers to fputs.o(.text) for fputs
    assert_stdio.o(.text) refers to fflush.o(.text) for fflush
    assert_stdio.o(.text) refers to stdio_streams.o(.bss) for __stderr
    rt_memcpy.o(.text) refers to rt_memcpy.o(.emb_text) for __aeabi_memcpy4
    sys_exit.o(.text) refers (Special) to use_no_semi.o(.text) for __I$use$semihosting
    sys_exit.o(.text) refers (Special) to indicate_semi.o(.text) for __semihosting_library_function
    rtexit2.o(.ARM.Collect$$rtexit$$00000003) refers to libshutdown.o(.ARM.Collect$$libshutdown$$00000000) for __rt_lib_shutdown
    rtexit2.o(.ARM.Collect$$rtexit$$00000004) refers to sys_exit.o(.text) for _sys_exit
    rtexit2.o(.ARM.exidx) refers to rtexit2.o(.ARM.Collect$$rtexit$$00000001) for .ARM.Collect$$rtexit$$00000001
    rtexit2.o(.ARM.exidx) refers to rtexit2.o(.ARM.Collect$$rtexit$$00000003) for .ARM.Collect$$rtexit$$00000003
    rtexit2.o(.ARM.exidx) refers to rtexit2.o(.ARM.Collect$$rtexit$$00000004) for .ARM.Collect$$rtexit$$00000004
    maybetermalloc2.o(.emb_text) refers (Special) to term_alloc.o(.text) for _terminate_alloc
    h1_extend.o(.text) refers to h1_free.o(.text) for free
    h1_extend_mt.o(.text) refers to h1_free_mt.o(.text) for _free_internal
    fflush.o(.text) refers to stdio.o(.text) for _fflush
    fflush.o(.text) refers to fseek.o(.text) for _fseek
    fflush.o(.text) refers to stdio_streams.o(.bss) for __stdin
    fputs.o(.text) refers to fputc.o(i.fputc) for fputc
    ftell.o(.text) refers to rt_errno_addr_intlibspace.o(.text) for __aeabi_errno_addr
    fflush_locked.o(.text) refers to stdio.o(.text) for _fflush
    fflush_locked.o(.text) refers to fseek.o(.text) for _fseek
    fflush_locked.o(.text) refers to fflush.o(.text) for _do_fflush
    fflush_locked.o(.text) refers to streamlock.o(.data) for _stream_list_lock
    fflush_locked.o(.text) refers to stdio_streams.o(.bss) for __stdin
    __raise.o(.text) refers to defsig.o(CL$$defsig) for __default_signal_handler
    defsig_general.o(.text) refers to sys_wrch.o(.text) for _ttywrch
    defsig_rtmem_outer.o(.text) refers to defsig_rtmem_inner.o(.text) for __rt_SIGRTMEM_inner
    defsig_rtmem_outer.o(.text) refers to defsig_exit.o(.text) for __sig_exit
    defsig_rtmem_formal.o(.text) refers to rt_raise.o(.text) for __rt_raise
    heapauxa.o(.text) refers to heapauxa.o(.data) for .data
    _get_argv.o(.text) refers (Special) to hrguard.o(.text) for __heap_region$guard
    _get_argv.o(.text) refers to h1_alloc.o(.text) for malloc
    _get_argv.o(.text) refers to defsig_rtmem_outer.o(.text) for __rt_SIGRTMEM
    _get_argv.o(.text) refers to sys_command.o(.text) for _sys_command_string
    _get_argv_nomalloc.o(.text) refers (Special) to hrguard.o(.text) for __heap_region$guard
    _get_argv_nomalloc.o(.text) refers to defsig_rtmem_outer.o(.text) for __rt_SIGRTMEM
    _get_argv_nomalloc.o(.text) refers to sys_command.o(.text) for _sys_command_string
    sys_wrch.o(.text) refers (Special) to use_no_semi.o(.text) for __I$use$semihosting
    sys_wrch.o(.text) refers (Special) to indicate_semi.o(.text) for __semihosting_library_function
    sys_command.o(.text) refers (Special) to use_no_semi.o(.text) for __I$use$semihosting
    sys_command.o(.text) refers (Special) to indicate_semi.o(.text) for __semihosting_library_function
    rt_errno_addr.o(.text) refers to rt_errno_addr.o(.bss) for __aeabi_errno_addr_data
    rt_errno_addr_intlibspace.o(.text) refers to libspace.o(.bss) for __libspace_start
    term_alloc.o(.text) refers (Special) to libshutdown2.o(.ARM.Collect$$libshutdown$$0000000E) for __rt_lib_shutdown_heap_2
    term_alloc.o(.text) refers to rt_heap_descriptor_intlibspace.o(.text) for __rt_heap_descriptor
    defsig_rtmem_inner.o(.text) refers to defsig_general.o(.text) for __default_signal_display
    defsig.o(CL$$defsig) refers to defsig_fpe_inner.o(.text) for __rt_SIGFPE_inner
    defsig.o(CL$$defsig) refers to defsig_rtred_inner.o(.text) for __rt_SIGRTRED_inner
    defsig.o(CL$$defsig) refers to defsig_rtmem_inner.o(.text) for __rt_SIGRTMEM_inner
    libshutdown.o(.ARM.Collect$$libshutdown$$00000000) refers (Special) to libshutdown2.o(.ARM.Collect$$libshutdown$$00000002) for __rt_lib_shutdown_cpp_1
    libshutdown.o(.ARM.Collect$$libshutdown$$00000000) refers (Special) to libshutdown2.o(.ARM.Collect$$libshutdown$$00000007) for __rt_lib_shutdown_fp_trap_1
    libshutdown.o(.ARM.Collect$$libshutdown$$00000000) refers (Special) to libshutdown2.o(.ARM.Collect$$libshutdown$$0000000F) for __rt_lib_shutdown_heap_1
    libshutdown.o(.ARM.Collect$$libshutdown$$00000000) refers (Special) to libshutdown2.o(.ARM.Collect$$libshutdown$$00000010) for __rt_lib_shutdown_return
    libshutdown.o(.ARM.Collect$$libshutdown$$00000000) refers (Special) to libshutdown2.o(.ARM.Collect$$libshutdown$$0000000A) for __rt_lib_shutdown_signal_1
    libshutdown.o(.ARM.Collect$$libshutdown$$00000000) refers (Special) to libshutdown2.o(.ARM.Collect$$libshutdown$$00000004) for __rt_lib_shutdown_stdio_1
    libshutdown.o(.ARM.Collect$$libshutdown$$00000000) refers (Special) to libshutdown2.o(.ARM.Collect$$libshutdown$$0000000C) for __rt_lib_shutdown_user_alloc_1
    defsig_abrt_inner.o(.text) refers to defsig_general.o(.text) for __default_signal_display
    defsig_stak_inner.o(.text) refers to defsig_general.o(.text) for __default_signal_display
    defsig_pvfn_inner.o(.text) refers to defsig_general.o(.text) for __default_signal_display
    defsig_cppl_inner.o(.text) refers to defsig_general.o(.text) for __default_signal_display
    defsig_segv_inner.o(.text) refers to defsig_general.o(.text) for __default_signal_display
    defsig_other.o(.text) refers to defsig_general.o(.text) for __default_signal_display


==============================================================================

Removing Unused input sections from the image.

    Removing tools.o(.constdata), (16 bytes).
    Removing main.o(.constdata), (16 bytes).
    Removing devcon.o(.constdata), (16 bytes).
    Removing light.o(i.Light_Test), (140 bytes).
    Removing light.o(i.light_clearIrqStatus), (36 bytes).
    Removing light.o(i.light_getIrqStatus), (16 bytes).
    Removing light.o(i.light_setHiThreshold), (60 bytes).
    Removing light.o(i.light_setIrqInCycles), (44 bytes).
    Removing light.o(i.light_setLoThreshold), (60 bytes).
    Removing light.o(i.light_setMode), (44 bytes).
    Removing light.o(i.light_setWidth), (104 bytes).
    Removing light.o(i.light_shutdown), (58 bytes).
    Removing light.o(i.readCommandReg), (32 bytes).
    Removing oled2864.o(i.Checkerboard), (52 bytes).
    Removing oled2864.o(i.Continuous_Scroll), (82 bytes).
    Removing oled2864.o(i.Deactivate_Scroll), (10 bytes).
    Removing oled2864.o(i.Delay), (48 bytes).
    Removing oled2864.o(i.Fade_In), (44 bytes).
    Removing oled2864.o(i.Fade_Out), (46 bytes).
    Removing oled2864.o(i.Fill_Block), (68 bytes).
    Removing oled2864.o(i.Frame), (108 bytes).
    Removing oled2864.o(i.Horizontal_Scroll), (58 bytes).
    Removing oled2864.o(i.OLED_Init_E), (106 bytes).
    Removing oled2864.o(i.OLED_Test), (388 bytes).
    Removing oled2864.o(i.Set_Column_Address), (26 bytes).
    Removing oled2864.o(i.Set_NOP), (10 bytes).
    Removing oled2864.o(i.Set_Page_Address), (26 bytes).
    Removing oled2864.o(i.Show_Font57), (92 bytes).
    Removing oled2864.o(i.Show_Pattern), (78 bytes).
    Removing oled2864.o(i.Show_String), (60 bytes).
    Removing oled2864.o(i.Sleep), (46 bytes).
    Removing oled2864.o(i.Test), (34 bytes).
    Removing oled2864.o(i.Vertical_Scroll), (124 bytes).
    Removing oled2864.o(i.uDelay), (14 bytes).
    Removing temp_hum.o(i.Temp_Hum_Test), (176 bytes).
    Removing temp_hum.o(.constdata), (16 bytes).
    Removing ssp.o(i.SSP_IOConfig), (332 bytes).
    Removing ssp.o(i.SSP_Init), (116 bytes).
    Removing ssp.o(i.SSP_Receive), (84 bytes).
    Removing ssp.o(i.SSP_Send), (116 bytes).
    Removing ssp.o(.bss), (32 bytes).
    Removing ssp.o(.constdata), (16 bytes).
    Removing key.o(.constdata), (16 bytes).
    Removing acc.o(i.Axis3_Test), (344 bytes).
    Removing acc.o(i.acc_setMode), (30 bytes).
    Removing acc.o(i.acc_setRange), (34 bytes).
    Removing acc.o(i.getModeControl), (32 bytes).
    Removing adc.o(i.ADCBurstRead), (56 bytes).
    Removing adc.o(i.ADCInit_NXP), (180 bytes).
    Removing adc.o(.data), (8 bytes).
    Removing timer32.o(i.NVIC_EnableIRQ), (20 bytes).
    Removing timer32.o(i.delay32Ms), (140 bytes).
    Removing timer32.o(i.init_timer32), (260 bytes).
    Removing timer32.o(i.init_timer32_a1), (108 bytes).
    Removing timer32.o(i.reset_timer32), (44 bytes).
    Removing timer32.o(i.setMatch_timer32PWM), (108 bytes).

56 unused section(s) (total 4430 bytes) removed from the image.

==============================================================================

Image Symbol Table

    Local Symbols

    Symbol Name                              Value     Ov Type        Size  Object(Section)

    RESET                                    0x00000000   Section      192  startup_lpc11xx.o(RESET)
    ../clib/angel/boardlib.s                 0x00000000   Number         0  boardinit1.o ABSOLUTE
    ../clib/angel/boardlib.s                 0x00000000   Number         0  boardinit2.o ABSOLUTE
    ../clib/angel/boardlib.s                 0x00000000   Number         0  boardinit3.o ABSOLUTE
    ../clib/angel/boardlib.s                 0x00000000   Number         0  boardshut.o ABSOLUTE
    ../clib/angel/handlers.s                 0x00000000   Number         0  __scatter_zi.o ABSOLUTE
    ../clib/angel/handlers.s                 0x00000000   Number         0  __scatter_copy.o ABSOLUTE
    ../clib/angel/kernel.s                   0x00000000   Number         0  __rtentry4.o ABSOLUTE
    ../clib/angel/kernel.s                   0x00000000   Number         0  __rtentry2.o ABSOLUTE
    ../clib/angel/kernel.s                   0x00000000   Number         0  rtexit2.o ABSOLUTE
    ../clib/angel/kernel.s                   0x00000000   Number         0  __rtentry.o ABSOLUTE
    ../clib/angel/kernel.s                   0x00000000   Number         0  rtexit.o ABSOLUTE
    ../clib/angel/rt.s                       0x00000000   Number         0  rt_div0.o ABSOLUTE
    ../clib/angel/rt.s                       0x00000000   Number         0  aeabi_idiv0.o ABSOLUTE
    ../clib/angel/rt.s                       0x00000000   Number         0  rt_errno_addr.o ABSOLUTE
    ../clib/angel/rt.s                       0x00000000   Number         0  rt_errno_addr_intlibspace.o ABSOLUTE
    ../clib/angel/rt.s                       0x00000000   Number         0  rt_heap_descriptor_intlibspace.o ABSOLUTE
    ../clib/angel/rt.s                       0x00000000   Number         0  rt_heap_descriptor.o ABSOLUTE
    ../clib/angel/rt.s                       0x00000000   Number         0  rt_raise.o ABSOLUTE
    ../clib/angel/rt.s                       0x00000000   Number         0  aeabi_idiv0_sigfpe.o ABSOLUTE
    ../clib/angel/scatterp.s                 0x00000000   Number         0  __scatter.o ABSOLUTE
    ../clib/angel/startup.s                  0x00000000   Number         0  __main.o ABSOLUTE
    ../clib/angel/sys.s                      0x00000000   Number         0  tempstk.o ABSOLUTE
    ../clib/angel/sys.s                      0x00000000   Number         0  indicate_semi.o ABSOLUTE
    ../clib/angel/sys.s                      0x00000000   Number         0  mutex_dummy.o ABSOLUTE
    ../clib/angel/sys.s                      0x00000000   Number         0  use_no_semi.o ABSOLUTE
    ../clib/angel/sys.s                      0x00000000   Number         0  sys_stackheap_outer.o ABSOLUTE
    ../clib/angel/sys.s                      0x00000000   Number         0  libspace.o ABSOLUTE
    ../clib/angel/sysapp.c                   0x00000000   Number         0  sys_io.o ABSOLUTE
    ../clib/angel/sysapp.c                   0x00000000   Number         0  sys_wrch.o ABSOLUTE
    ../clib/angel/sysapp.c                   0x00000000   Number         0  sys_command.o ABSOLUTE
    ../clib/angel/sysapp.c                   0x00000000   Number         0  sys_exit.o ABSOLUTE
    ../clib/armsys.c                         0x00000000   Number         0  _get_argv.o ABSOLUTE
    ../clib/armsys.c                         0x00000000   Number         0  argv_veneer.o ABSOLUTE
    ../clib/armsys.c                         0x00000000   Number         0  no_argv.o ABSOLUTE
    ../clib/armsys.c                         0x00000000   Number         0  _get_argv_nomalloc.o ABSOLUTE
    ../clib/assert.c                         0x00000000   Number         0  assert_stdio.o ABSOLUTE
    ../clib/division.c                       0x00000000   Number         0  rtudiv10.o ABSOLUTE
    ../clib/division.s                       0x00000000   Number         0  aeabi_sdiv.o ABSOLUTE
    ../clib/division.s                       0x00000000   Number         0  aeabi_sdiv_div0.o ABSOLUTE
    ../clib/heap1.c                          0x00000000   Number         0  h1_extend.o ABSOLUTE
    ../clib/heap1.c                          0x00000000   Number         0  h1_init.o ABSOLUTE
    ../clib/heap1.c                          0x00000000   Number         0  h1_final_mt.o ABSOLUTE
    ../clib/heap1.c                          0x00000000   Number         0  h1_free_mt.o ABSOLUTE
    ../clib/heap1.c                          0x00000000   Number         0  h1_alloc_mt.o ABSOLUTE
    ../clib/heap1.c                          0x00000000   Number         0  h1_init_mt.o ABSOLUTE
    ../clib/heap1.c                          0x00000000   Number         0  h1_final.o ABSOLUTE
    ../clib/heap1.c                          0x00000000   Number         0  h1_alloc.o ABSOLUTE
    ../clib/heap1.c                          0x00000000   Number         0  h1_extend_mt.o ABSOLUTE
    ../clib/heap1.c                          0x00000000   Number         0  h1_free.o ABSOLUTE
    ../clib/heap2.c                          0x00000000   Number         0  fdtree.o ABSOLUTE
    ../clib/heap2.c                          0x00000000   Number         0  heap2.o ABSOLUTE
    ../clib/heap2.c                          0x00000000   Number         0  heap2mt.o ABSOLUTE
    ../clib/heapalloc.c                      0x00000000   Number         0  malloc.o ABSOLUTE
    ../clib/heapalloc.c                      0x00000000   Number         0  free.o ABSOLUTE
    ../clib/heapalloc.c                      0x00000000   Number         0  term_alloc.o ABSOLUTE
    ../clib/heapalloc.c                      0x00000000   Number         0  hrguard.o ABSOLUTE
    ../clib/heapalloc.c                      0x00000000   Number         0  maybetermalloc2.o ABSOLUTE
    ../clib/heapalloc.c                      0x00000000   Number         0  maybetermalloc2.o ABSOLUTE
    ../clib/heapalloc.c                      0x00000000   Number         0  hguard.o ABSOLUTE
    ../clib/heapalloc.c                      0x00000000   Number         0  maybetermalloc1.o ABSOLUTE
    ../clib/heapalloc.c                      0x00000000   Number         0  heapstubs.o ABSOLUTE
    ../clib/heapalloc.c                      0x00000000   Number         0  init_alloc.o ABSOLUTE
    ../clib/heapalloc.c                      0x00000000   Number         0  maybetermalloc1.o ABSOLUTE
    ../clib/heapaux.c                        0x00000000   Number         0  heapauxi.o ABSOLUTE
    ../clib/heapaux.c                        0x00000000   Number         0  heapauxa.o ABSOLUTE
    ../clib/libinit.s                        0x00000000   Number         0  libshutdown.o ABSOLUTE
    ../clib/libinit.s                        0x00000000   Number         0  libinit.o ABSOLUTE
    ../clib/libinit.s                        0x00000000   Number         0  libshutdown2.o ABSOLUTE
    ../clib/libinit.s                        0x00000000   Number         0  libinit2.o ABSOLUTE
    ../clib/memcpset.c                       0x00000000   Number         0  rt_memclr.o ABSOLUTE
    ../clib/memcpset.c                       0x00000000   Number         0  rt_memcpy.o ABSOLUTE
    ../clib/memcpset.c                       0x00000000   Number         0  rt_memcpy.o ABSOLUTE
    ../clib/printf.c                         0x00000000   Number         0  _printf_char_file.o ABSOLUTE
    ../clib/printf.c                         0x00000000   Number         0  _snputc.o ABSOLUTE
    ../clib/printf.c                         0x00000000   Number         0  _sputc.o ABSOLUTE
    ../clib/printf.c                         0x00000000   Number         0  _printf_char_common.o ABSOLUTE
    ../clib/printf.c                         0x00000000   Number         0  _printf_intcommon.o ABSOLUTE
    ../clib/printf.c                         0x00000000   Number         0  __2printf.o ABSOLUTE
    ../clib/printf.c                         0x00000000   Number         0  noretval__2sprintf.o ABSOLUTE
    ../clib/printf.c                         0x00000000   Number         0  _printf_char_file_locked.o ABSOLUTE
    ../clib/printf.c                         0x00000000   Number         0  __2sprintf.o ABSOLUTE
    ../clib/printf.c                         0x00000000   Number         0  __2snprintf.o ABSOLUTE
    ../clib/printf.c                         0x00000000   Number         0  noretval__2printf.o ABSOLUTE
    ../clib/printf.c                         0x00000000   Number         0  noretval__2snprintf.o ABSOLUTE
    ../clib/printf.c                         0x00000000   Number         0  __printf.o ABSOLUTE
    ../clib/printf.c                         0x00000000   Number         0  _printf_dec.o ABSOLUTE
    ../clib/printf.c                         0x00000000   Number         0  __printf_nopercent.o ABSOLUTE
    ../clib/printf.c                         0x00000000   Number         0  __printf_flags.o ABSOLUTE
    ../clib/printf.c                         0x00000000   Number         0  __printf_ss.o ABSOLUTE
    ../clib/printf.c                         0x00000000   Number         0  __printf_flags_ss.o ABSOLUTE
    ../clib/printf.c                         0x00000000   Number         0  __printf_wp.o ABSOLUTE
    ../clib/printf.c                         0x00000000   Number         0  __printf_flags_wp.o ABSOLUTE
    ../clib/printf.c                         0x00000000   Number         0  __printf_ss_wp.o ABSOLUTE
    ../clib/printf.c                         0x00000000   Number         0  __printf_flags_ss_wp.o ABSOLUTE
    ../clib/printf_percent.s                 0x00000000   Number         0  _printf_percent_end.o ABSOLUTE
    ../clib/printf_percent.s                 0x00000000   Number         0  _printf_percent.o ABSOLUTE
    ../clib/printf_percent.s                 0x00000000   Number         0  _printf_d.o ABSOLUTE
    ../clib/signal.c                         0x00000000   Number         0  defsig_fpe_formal.o ABSOLUTE
    ../clib/signal.c                         0x00000000   Number         0  __raise.o ABSOLUTE
    ../clib/signal.c                         0x00000000   Number         0  defsig_general.o ABSOLUTE
    ../clib/signal.c                         0x00000000   Number         0  defsig_exit.o ABSOLUTE
    ../clib/signal.c                         0x00000000   Number         0  defsig_rtmem_outer.o ABSOLUTE
    ../clib/signal.c                         0x00000000   Number         0  defsig_rtmem_formal.o ABSOLUTE
    ../clib/signal.c                         0x00000000   Number         0  defsig_segv_inner.o ABSOLUTE
    ../clib/signal.c                         0x00000000   Number         0  defsig_cppl_inner.o ABSOLUTE
    ../clib/signal.c                         0x00000000   Number         0  defsig_rtmem_inner.o ABSOLUTE
    ../clib/signal.c                         0x00000000   Number         0  defsig_abrt_inner.o ABSOLUTE
    ../clib/signal.c                         0x00000000   Number         0  defsig_stak_inner.o ABSOLUTE
    ../clib/signal.c                         0x00000000   Number         0  defsig_pvfn_inner.o ABSOLUTE
    ../clib/signal.c                         0x00000000   Number         0  defsig_rtred_formal.o ABSOLUTE
    ../clib/signal.c                         0x00000000   Number         0  defsig_rtred_outer.o ABSOLUTE
    ../clib/signal.c                         0x00000000   Number         0  defsig_fpe_outer.o ABSOLUTE
    ../clib/signal.c                         0x00000000   Number         0  defsig_rtred_inner.o ABSOLUTE
    ../clib/signal.c                         0x00000000   Number         0  defsig_other.o ABSOLUTE
    ../clib/signal.c                         0x00000000   Number         0  defsig_fpe_inner.o ABSOLUTE
    ../clib/signal.s                         0x00000000   Number         0  defsig.o ABSOLUTE
    ../clib/stdio.c                          0x00000000   Number         0  fwritefast_locked.o ABSOLUTE
    ../clib/stdio.c                          0x00000000   Number         0  fputs_locked.o ABSOLUTE
    ../clib/stdio.c                          0x00000000   Number         0  streamlock.o ABSOLUTE
    ../clib/stdio.c                          0x00000000   Number         0  fflush_locked.o ABSOLUTE
    ../clib/stdio.c                          0x00000000   Number         0  fopen_locked.o ABSOLUTE
    ../clib/stdio.c                          0x00000000   Number         0  setvbuf_locked.o ABSOLUTE
    ../clib/stdio.c                          0x00000000   Number         0  fclose.o ABSOLUTE
    ../clib/stdio.c                          0x00000000   Number         0  fopen.o ABSOLUTE
    ../clib/stdio.c                          0x00000000   Number         0  setvbuf.o ABSOLUTE
    ../clib/stdio.c                          0x00000000   Number         0  flsbuf.o ABSOLUTE
    ../clib/stdio.c                          0x00000000   Number         0  stdio_streams.o ABSOLUTE
    ../clib/stdio.c                          0x00000000   Number         0  initio_locked.o ABSOLUTE
    ../clib/stdio.c                          0x00000000   Number         0  ferror_locked.o ABSOLUTE
    ../clib/stdio.c                          0x00000000   Number         0  fputc_locked.o ABSOLUTE
    ../clib/stdio.c                          0x00000000   Number         0  stdio.o ABSOLUTE
    ../clib/stdio.c                          0x00000000   Number         0  fseek.o ABSOLUTE
    ../clib/stdio.c                          0x00000000   Number         0  fwritefast.o ABSOLUTE
    ../clib/stdio.c                          0x00000000   Number         0  initio.o ABSOLUTE
    ../clib/stdio.c                          0x00000000   Number         0  fputc.o ABSOLUTE
    ../clib/stdio.c                          0x00000000   Number         0  ferror.o ABSOLUTE
    ../clib/stdio.c                          0x00000000   Number         0  fflush.o ABSOLUTE
    ../clib/stdio.c                          0x00000000   Number         0  fputs.o ABSOLUTE
    ../clib/stdio.c                          0x00000000   Number         0  ftell.o ABSOLUTE
    ../clib/stdlib.c                         0x00000000   Number         0  exit.o ABSOLUTE
    ../clib/string.c                         0x00000000   Number         0  strlen.o ABSOLUTE
    ../clib/wchar.c                          0x00000000   Number         0  flsbuf_fwide.o ABSOLUTE
    ../fplib/cfplib/ddiv.c                   0x00000000   Number         0  ddiv.o ABSOLUTE
    ../fplib/cfplib/dmul.c                   0x00000000   Number         0  dmul.o ABSOLUTE
    ../fplib/cfplib/ffix.c                   0x00000000   Number         0  dfixi.o ABSOLUTE
    ../fplib/cfplib/fflt.c                   0x00000000   Number         0  dflti.o ABSOLUTE
    ../fplib/cfplib/fpinit.c                 0x00000000   Number         0  fpinit.o ABSOLUTE
    ../fplib/usenofp.s                       0x00000000   Number         0  usenofp.o ABSOLUTE
    Lib_BSP\src\acc.c                        0x00000000   Number         0  acc.o ABSOLUTE
    Lib_BSP\src\key.c                        0x00000000   Number         0  key.o ABSOLUTE
    Lib_BSP\src\light.c                      0x00000000   Number         0  light.o ABSOLUTE
    Lib_BSP\src\oled2864.c                   0x00000000   Number         0  oled2864.o ABSOLUTE
    Lib_BSP\src\temp_hum.c                   0x00000000   Number         0  temp_hum.o ABSOLUTE
    Lib_BSP\src\tools.c                      0x00000000   Number         0  tools.o ABSOLUTE
    Lib_MCU\src\adc.c                        0x00000000   Number         0  adc.o ABSOLUTE
    Lib_MCU\src\gpio.c                       0x00000000   Number         0  gpio.o ABSOLUTE
    Lib_MCU\src\i2c.c                        0x00000000   Number         0  i2c.o ABSOLUTE
    Lib_MCU\src\ssp.c                        0x00000000   Number         0  ssp.o ABSOLUTE
    Lib_MCU\src\startup_LPC11xx.s            0x00000000   Number         0  startup_lpc11xx.o ABSOLUTE
    Lib_MCU\src\system_LPC11xx.c             0x00000000   Number         0  system_lpc11xx.o ABSOLUTE
    Lib_MCU\src\timer32.c                    0x00000000   Number         0  timer32.o ABSOLUTE
    dc.s                                     0x00000000   Number         0  dc.o ABSOLUTE
    devcon.c                                 0x00000000   Number         0  devcon.o ABSOLUTE
    main.c                                   0x00000000   Number         0  main.o ABSOLUTE
    !!!main                                  0x000000c0   Section        8  __main.o(!!!main)
    !!!scatter                               0x000000c8   Section       60  __scatter.o(!!!scatter)
    !!handler_copy                           0x00000104   Section       26  __scatter_copy.o(!!handler_copy)
    !!handler_zi                             0x00000120   Section       28  __scatter_zi.o(!!handler_zi)
    .ARM.Collect$$_printf_percent$$00000000  0x0000013c   Section        2  _printf_percent.o(.ARM.Collect$$_printf_percent$$00000000)
    .ARM.Collect$$_printf_percent$$00000009  0x0000013e   Section       10  _printf_d.o(.ARM.Collect$$_printf_percent$$00000009)
    .ARM.Collect$$_printf_percent$$00000017  0x00000148   Section        4  _printf_percent_end.o(.ARM.Collect$$_printf_percent$$00000017)
    .ARM.Collect$$libinit$$00000000          0x0000014c   Section        2  libinit.o(.ARM.Collect$$libinit$$00000000)
    .ARM.Collect$$libinit$$00000002          0x0000014e   Section        0  libinit2.o(.ARM.Collect$$libinit$$00000002)
    .ARM.Collect$$libinit$$00000004          0x0000014e   Section        0  libinit2.o(.ARM.Collect$$libinit$$00000004)
    .ARM.Collect$$libinit$$0000000A          0x0000014e   Section        0  libinit2.o(.ARM.Collect$$libinit$$0000000A)
    .ARM.Collect$$libinit$$0000000C          0x0000014e   Section        0  libinit2.o(.ARM.Collect$$libinit$$0000000C)
    .ARM.Collect$$libinit$$0000000E          0x0000014e   Section        0  libinit2.o(.ARM.Collect$$libinit$$0000000E)
    .ARM.Collect$$libinit$$00000011          0x0000014e   Section        0  libinit2.o(.ARM.Collect$$libinit$$00000011)
    .ARM.Collect$$libinit$$00000013          0x0000014e   Section        0  libinit2.o(.ARM.Collect$$libinit$$00000013)
    .ARM.Collect$$libinit$$00000015          0x0000014e   Section        0  libinit2.o(.ARM.Collect$$libinit$$00000015)
    .ARM.Collect$$libinit$$00000017          0x0000014e   Section        0  libinit2.o(.ARM.Collect$$libinit$$00000017)
    .ARM.Collect$$libinit$$00000019          0x0000014e   Section        0  libinit2.o(.ARM.Collect$$libinit$$00000019)
    .ARM.Collect$$libinit$$0000001B          0x0000014e   Section        0  libinit2.o(.ARM.Collect$$libinit$$0000001B)
    .ARM.Collect$$libinit$$0000001D          0x0000014e   Section        0  libinit2.o(.ARM.Collect$$libinit$$0000001D)
    .ARM.Collect$$libinit$$0000001F          0x0000014e   Section        0  libinit2.o(.ARM.Collect$$libinit$$0000001F)
    .ARM.Collect$$libinit$$00000021          0x0000014e   Section        0  libinit2.o(.ARM.Collect$$libinit$$00000021)
    .ARM.Collect$$libinit$$00000023          0x0000014e   Section        0  libinit2.o(.ARM.Collect$$libinit$$00000023)
    .ARM.Collect$$libinit$$00000025          0x0000014e   Section        0  libinit2.o(.ARM.Collect$$libinit$$00000025)
    .ARM.Collect$$libinit$$0000002C          0x0000014e   Section        0  libinit2.o(.ARM.Collect$$libinit$$0000002C)
    .ARM.Collect$$libinit$$0000002E          0x0000014e   Section        0  libinit2.o(.ARM.Collect$$libinit$$0000002E)
    .ARM.Collect$$libinit$$00000030          0x0000014e   Section        0  libinit2.o(.ARM.Collect$$libinit$$00000030)
    .ARM.Collect$$libinit$$00000032          0x0000014e   Section        0  libinit2.o(.ARM.Collect$$libinit$$00000032)
    .ARM.Collect$$libinit$$00000033          0x0000014e   Section        2  libinit2.o(.ARM.Collect$$libinit$$00000033)
    .ARM.Collect$$libshutdown$$00000000      0x00000150   Section        2  libshutdown.o(.ARM.Collect$$libshutdown$$00000000)
    .ARM.Collect$$libshutdown$$00000002      0x00000152   Section        0  libshutdown2.o(.ARM.Collect$$libshutdown$$00000002)
    .ARM.Collect$$libshutdown$$00000004      0x00000152   Section        0  libshutdown2.o(.ARM.Collect$$libshutdown$$00000004)
    .ARM.Collect$$libshutdown$$00000007      0x00000152   Section        0  libshutdown2.o(.ARM.Collect$$libshutdown$$00000007)
    .ARM.Collect$$libshutdown$$0000000A      0x00000152   Section        0  libshutdown2.o(.ARM.Collect$$libshutdown$$0000000A)
    .ARM.Collect$$libshutdown$$0000000C      0x00000152   Section        0  libshutdown2.o(.ARM.Collect$$libshutdown$$0000000C)
    .ARM.Collect$$libshutdown$$0000000F      0x00000152   Section        0  libshutdown2.o(.ARM.Collect$$libshutdown$$0000000F)
    .ARM.Collect$$libshutdown$$00000010      0x00000152   Section        2  libshutdown2.o(.ARM.Collect$$libshutdown$$00000010)
    .ARM.Collect$$rtentry$$00000000          0x00000154   Section        0  __rtentry.o(.ARM.Collect$$rtentry$$00000000)
    .ARM.Collect$$rtentry$$00000002          0x00000154   Section        0  __rtentry2.o(.ARM.Collect$$rtentry$$00000002)
    .ARM.Collect$$rtentry$$00000004          0x00000154   Section        6  __rtentry4.o(.ARM.Collect$$rtentry$$00000004)
    .ARM.Collect$$rtentry$$00000009          0x0000015a   Section        0  __rtentry2.o(.ARM.Collect$$rtentry$$00000009)
    .ARM.Collect$$rtentry$$0000000A          0x0000015a   Section        4  __rtentry2.o(.ARM.Collect$$rtentry$$0000000A)
    .ARM.Collect$$rtentry$$0000000C          0x0000015e   Section        0  __rtentry2.o(.ARM.Collect$$rtentry$$0000000C)
    .ARM.Collect$$rtentry$$0000000D          0x0000015e   Section        8  __rtentry2.o(.ARM.Collect$$rtentry$$0000000D)
    .ARM.Collect$$rtexit$$00000000           0x00000166   Section        2  rtexit.o(.ARM.Collect$$rtexit$$00000000)
    .ARM.Collect$$rtexit$$00000002           0x00000168   Section        0  rtexit2.o(.ARM.Collect$$rtexit$$00000002)
    .ARM.Collect$$rtexit$$00000003           0x00000168   Section        4  rtexit2.o(.ARM.Collect$$rtexit$$00000003)
    .ARM.Collect$$rtexit$$00000004           0x0000016c   Section        6  rtexit2.o(.ARM.Collect$$rtexit$$00000004)
    .text                                    0x00000174   Section       52  startup_lpc11xx.o(.text)
    .text                                    0x000001a8   Section        0  noretval__2sprintf.o(.text)
    .text                                    0x000001d0   Section        0  noretval__2snprintf.o(.text)
    .text                                    0x00000208   Section        0  __printf.o(.text)
    .text                                    0x00000274   Section        0  _printf_dec.o(.text)
    .text                                    0x000002e0   Section        0  heapauxi.o(.text)
    .text                                    0x000002e6   Section        0  _sputc.o(.text)
    .text                                    0x000002f0   Section        8  libspace.o(.text)
    .text                                    0x000002f8   Section        2  use_no_semi.o(.text)
    .text                                    0x000002fa   Section        0  indicate_semi.o(.text)
    i.SysTick_Handler                        0x000002fa   Section        0  main.o(i.SysTick_Handler)
    .ARM.__at_0x02FC                         0x000002fc   Section        4  startup_lpc11xx.o(.ARM.__at_0x02FC)
    .text                                    0x00000300   Section        0  rt_memclr.o(.text)
    .text                                    0x00000340   Section      346  aeabi_sdiv.o(.text)
    .text                                    0x0000049c   Section        0  ddiv.o(.text)
    .text                                    0x000008e4   Section        0  dfixi.o(.text)
    .text                                    0x00000950   Section        0  dflti.o(.text)
    .text                                    0x000009a8   Section        0  dmul.o(.text)
    .text                                    0x00000bf0   Section        0  _printf_intcommon.o(.text)
    .text                                    0x00000ca0   Section        0  _printf_char_common.o(.text)
    _printf_input_char                       0x00000ca1   Thumb Code    10  _printf_char_common.o(.text)
    .text                                    0x00000cd0   Section        0  _snputc.o(.text)
    .text                                    0x00000ce0   Section        0  rtudiv10.o(.text)
    .text                                    0x00000d08   Section       62  sys_stackheap_outer.o(.text)
    .text                                    0x00000d46   Section        0  exit.o(.text)
    .text                                    0x00000d58   Section        0  sys_exit.o(.text)
    i.ADCInit                                0x00000d64   Section        0  adc.o(i.ADCInit)
    i.ADCRead                                0x00000e00   Section        0  adc.o(i.ADCRead)
    i.Fill_RAM                               0x00000e6c   Section        0  oled2864.o(i.Fill_RAM)
    i.GPIOGetValue                           0x00000e9c   Section        0  gpio.o(i.GPIOGetValue)
    i.GPIOInit                               0x00000eb4   Section        0  gpio.o(i.GPIOInit)
    i.GPIOIntClear                           0x00000ee0   Section        0  gpio.o(i.GPIOIntClear)
    i.GPIOIntDisable                         0x00000f48   Section        0  gpio.o(i.GPIOIntDisable)
    i.GPIOIntEnable                          0x00000fb0   Section        0  gpio.o(i.GPIOIntEnable)
    i.GPIOIntStatus                          0x00001018   Section        0  gpio.o(i.GPIOIntStatus)
    i.GPIOSetDir                             0x00001090   Section        0  gpio.o(i.GPIOSetDir)
    i.GPIOSetInterrupt                       0x000010e4   Section        0  gpio.o(i.GPIOSetInterrupt)
    i.GPIOSetValue                           0x000012b4   Section        0  gpio.o(i.GPIOSetValue)
    i.I2CEngine                              0x000012d0   Section        0  i2c.o(i.I2CEngine)
    i.I2CInit                                0x00001314   Section        0  i2c.o(i.I2CInit)
    i.I2CRead                                0x0000139c   Section        0  i2c.o(i.I2CRead)
    i.I2CStart                               0x000013d8   Section        0  i2c.o(i.I2CStart)
    i.I2CStop                                0x0000140c   Section        0  i2c.o(i.I2CStop)
    i.I2CWrite                               0x0000142c   Section        0  i2c.o(i.I2CWrite)
    i.I2C_IRQHandler                         0x00001464   Section        0  i2c.o(i.I2C_IRQHandler)
    i.KEY_Init                               0x00001614   Section        0  key.o(i.KEY_Init)
    i.KEY_Read                               0x00001654   Section        0  key.o(i.KEY_Read)
    i.Main_PLL_Setup                         0x000016bc   Section        0  system_lpc11xx.o(i.Main_PLL_Setup)
    i.NVIC_EnableIRQ                         0x00001764   Section        0  gpio.o(i.NVIC_EnableIRQ)
    NVIC_EnableIRQ                           0x00001765   Thumb Code    14  gpio.o(i.NVIC_EnableIRQ)
    i.NVIC_EnableIRQ                         0x00001778   Section        0  ssp.o(i.NVIC_EnableIRQ)
    NVIC_EnableIRQ                           0x00001779   Thumb Code    14  ssp.o(i.NVIC_EnableIRQ)
    i.NVIC_SetPriority                       0x0000178c   Section        0  main.o(i.NVIC_SetPriority)
    NVIC_SetPriority                         0x0000178d   Thumb Code   110  main.o(i.NVIC_SetPriority)
    i.OLED_ClearScreen                       0x00001804   Section        0  oled2864.o(i.OLED_ClearScreen)
    i.OLED_DisChar                           0x00001810   Section        0  oled2864.o(i.OLED_DisChar)
    i.OLED_DisStrLine                        0x0000188c   Section        0  oled2864.o(i.OLED_DisStrLine)
    i.OLED_Init_I                            0x000018d0   Section        0  oled2864.o(i.OLED_Init_I)
    i.PIOINT0_IRQHandler                     0x00001944   Section        0  gpio.o(i.PIOINT0_IRQHandler)
    i.PIOINT1_IRQHandler                     0x0000197c   Section        0  gpio.o(i.PIOINT1_IRQHandler)
    i.PIOINT2_IRQHandler                     0x000019e4   Section        0  gpio.o(i.PIOINT2_IRQHandler)
    i.PIOINT3_IRQHandler                     0x00001a0c   Section        0  gpio.o(i.PIOINT3_IRQHandler)
    i.Read_Temp_Hum                          0x00001a24   Section        0  temp_hum.o(i.Read_Temp_Hum)
    i.SPI_IOConfig                           0x00001c0c   Section        0  ssp.o(i.SPI_IOConfig)
    i.SPI_Init                               0x00001d9c   Section        0  ssp.o(i.SPI_Init)
    i.SPI_PutGet                             0x00001e20   Section        0  ssp.o(i.SPI_PutGet)
    i.SSP0_IRQHandler                        0x00001e9c   Section        0  ssp.o(i.SSP0_IRQHandler)
    i.SSP1_IRQHandler                        0x00001ef4   Section        0  ssp.o(i.SSP1_IRQHandler)
    i.Set_Addressing_Mode                    0x00001f4c   Section        0  oled2864.o(i.Set_Addressing_Mode)
    i.Set_Charge_Pump                        0x00001f5e   Section        0  oled2864.o(i.Set_Charge_Pump)
    i.Set_Common_Config                      0x00001f74   Section        0  oled2864.o(i.Set_Common_Config)
    i.Set_Common_Remap                       0x00001f8a   Section        0  oled2864.o(i.Set_Common_Remap)
    i.Set_Contrast_Control                   0x00001f9a   Section        0  oled2864.o(i.Set_Contrast_Control)
    i.Set_Display_Clock                      0x00001fac   Section        0  oled2864.o(i.Set_Display_Clock)
    i.Set_Display_Offset                     0x00001fbe   Section        0  oled2864.o(i.Set_Display_Offset)
    i.Set_Display_On_Off                     0x00001fd0   Section        0  oled2864.o(i.Set_Display_On_Off)
    i.Set_Entire_Display                     0x00001fe0   Section        0  oled2864.o(i.Set_Entire_Display)
    i.Set_Inverse_Display                    0x00001ff0   Section        0  oled2864.o(i.Set_Inverse_Display)
    i.Set_Multiplex_Ratio                    0x00002000   Section        0  oled2864.o(i.Set_Multiplex_Ratio)
    i.Set_Precharge_Period                   0x00002012   Section        0  oled2864.o(i.Set_Precharge_Period)
    i.Set_Segment_Remap                      0x00002024   Section        0  oled2864.o(i.Set_Segment_Remap)
    i.Set_Start_Column                       0x00002034   Section        0  oled2864.o(i.Set_Start_Column)
    i.Set_Start_Line                         0x00002060   Section        0  oled2864.o(i.Set_Start_Line)
    i.Set_Start_Page                         0x00002070   Section        0  oled2864.o(i.Set_Start_Page)
    i.Set_VCOMH                              0x00002080   Section        0  oled2864.o(i.Set_VCOMH)
    i.SystemInit                             0x00002094   Section        0  system_lpc11xx.o(i.SystemInit)
    i.TIMER32_0_IRQHandler                   0x000020d8   Section        0  timer32.o(i.TIMER32_0_IRQHandler)
    i.TIMER32_1_IRQHandler                   0x00002120   Section        0  timer32.o(i.TIMER32_1_IRQHandler)
    i.Write_Command                          0x00002168   Section        0  oled2864.o(i.Write_Command)
    i.Write_Data                             0x0000219e   Section        0  oled2864.o(i.Write_Data)
    i.__ARM_common_switch8                   0x000021d4   Section        0  i2c.o(i.__ARM_common_switch8)
    i.acc_init                               0x000021f0   Section        0  acc.o(i.acc_init)
    i.acc_read                               0x000021fa   Section        0  acc.o(i.acc_read)
    i.delay_ms                               0x00002274   Section        0  tools.o(i.delay_ms)
    i.disable_timer32                        0x00002308   Section        0  timer32.o(i.disable_timer32)
    i.enable_timer32                         0x00002324   Section        0  timer32.o(i.enable_timer32)
    i.getStatus                              0x00002340   Section        0  acc.o(i.getStatus)
    getStatus                                0x00002341   Thumb Code    32  acc.o(i.getStatus)
    i.init_timer32PWM                        0x00002360   Section        0  timer32.o(i.init_timer32PWM)
    i.light_enable                           0x00002518   Section        0  light.o(i.light_enable)
    i.light_init                             0x0000254c   Section        0  light.o(i.light_init)
    i.light_read                             0x00002550   Section        0  light.o(i.light_read)
    i.light_setRange                         0x000025b0   Section        0  light.o(i.light_setRange)
    i.main                                   0x00002624   Section        0  main.o(i.main)
    i.my_gpio_init                           0x00002674   Section        0  devcon.o(i.my_gpio_init)
    i.my_sys_init                            0x000026b0   Section        0  devcon.o(i.my_sys_init)
    i.oled_show                              0x000026f4   Section        0  devcon.o(i.oled_show)
    i.readControlReg                         0x00002a84   Section        0  light.o(i.readControlReg)
    readControlReg                           0x00002a85   Thumb Code    32  light.o(i.readControlReg)
    i.setModeControl                         0x00002aa4   Section        0  acc.o(i.setModeControl)
    setModeControl                           0x00002aa5   Thumb Code    24  acc.o(i.setModeControl)
    i.speaker_op                             0x00002abc   Section        0  devcon.o(i.speaker_op)
    .constdata                               0x00002af4   Section       16  gpio.o(.constdata)
    x$fpl$usenofp                            0x00002af4   Section        0  usenofp.o(x$fpl$usenofp)
    LPC_GPIO                                 0x00002af4   Data          16  gpio.o(.constdata)
    .constdata                               0x00002b04   Section     1948  oled2864.o(.constdata)
    LPC_GPIO                                 0x00002b04   Data          16  oled2864.o(.constdata)
    .constdata                               0x000032a0   Section      128  ddiv.o(.constdata)
    ddiv_reciptbl                            0x000032a0   Data         128  ddiv.o(.constdata)
    .data                                    0x10000000   Section       12  system_lpc11xx.o(.data)
    .data                                    0x1000000c   Section       44  gpio.o(.data)
    .data                                    0x10000038   Section       41  i2c.o(.data)
    I2CMasterState                           0x10000038   Data           4  i2c.o(.data)
    I2CSlaveState                            0x1000003c   Data           4  i2c.o(.data)
    I2CMode                                  0x10000040   Data           4  i2c.o(.data)
    I2CCount                                 0x10000044   Data           4  i2c.o(.data)
    I2CMasterBuffer                          0x10000048   Data           4  i2c.o(.data)
    I2CSlaveBuffer                           0x1000004c   Data           4  i2c.o(.data)
    I2CReadLength                            0x10000050   Data           4  i2c.o(.data)
    I2CWriteLength                           0x10000054   Data           4  i2c.o(.data)
    RdIndex                                  0x10000058   Data           4  i2c.o(.data)
    WrIndex                                  0x1000005c   Data           4  i2c.o(.data)
    I2CAddr                                  0x10000060   Data           1  i2c.o(.data)
    .data                                    0x10000064   Section        8  light.o(.data)
    range                                    0x10000064   Data           4  light.o(.data)
    width                                    0x10000068   Data           4  light.o(.data)
    .data                                    0x1000006c   Section       24  ssp.o(.data)
    .data                                    0x10000084   Section       24  timer32.o(.data)
    .bss                                     0x1000009c   Section       32  adc.o(.bss)
    .bss                                     0x100000bc   Section       96  libspace.o(.bss)
    HEAP                                     0x10000120   Section        0  startup_lpc11xx.o(HEAP)
    STACK                                    0x10000120   Section      512  startup_lpc11xx.o(STACK)
    Heap_Mem                                 0x10000120   Data           0  startup_lpc11xx.o(HEAP)
    Stack_Mem                                0x10000120   Data         512  startup_lpc11xx.o(STACK)
    __initial_sp                             0x10000320   Data           0  startup_lpc11xx.o(STACK)

    Global Symbols

    Symbol Name                              Value     Ov Type        Size  Object(Section)

    BuildAttributes$$THM_ISAv3M$S$PE$A:L22$X:L11$S22$IEEE1$IW$USESV6$~STKCKD$USESV7$~SHL$OTIME$ROPI$EBA8$UX$STANDARDLIB$REQ8$PRES8$EABIv2 0x00000000   Number         0  anon$$obj.o ABSOLUTE
    __ARM_use_no_argv                        0x00000000   Number         0  main.o ABSOLUTE
    __Vectors                                0x00000000   Data           4  startup_lpc11xx.o(RESET)
    __ARM_exceptions_init                     - Undefined Weak Reference
    __alloca_initialize                       - Undefined Weak Reference
    __arm_preinit_                            - Undefined Weak Reference
    __cpp_initialize__aeabi_                  - Undefined Weak Reference
    __cxa_finalize                            - Undefined Weak Reference
    __rt_locale                               - Undefined Weak Reference
    __sigvec_lookup                           - Undefined Weak Reference
    __user_heap_extent                        - Undefined Weak Reference
    _atexit_init                              - Undefined Weak Reference
    _call_atexit_fns                          - Undefined Weak Reference
    _clock_init                               - Undefined Weak Reference
    _fp_trap_init                             - Undefined Weak Reference
    _fp_trap_shutdown                         - Undefined Weak Reference
    _get_lc_collate                           - Undefined Weak Reference
    _get_lc_ctype                             - Undefined Weak Reference
    _get_lc_monetary                          - Undefined Weak Reference
    _get_lc_numeric                           - Undefined Weak Reference
    _get_lc_time                              - Undefined Weak Reference
    _getenv_init                              - Undefined Weak Reference
    _handle_redirection                       - Undefined Weak Reference
    _mutex_acquire                            - Undefined Weak Reference
    _mutex_free                               - Undefined Weak Reference
    _mutex_release                            - Undefined Weak Reference
    _printf_post_padding                      - Undefined Weak Reference
    _printf_pre_padding                       - Undefined Weak Reference
    _printf_truncate_signed                   - Undefined Weak Reference
    _printf_truncate_unsigned                 - Undefined Weak Reference
    _rand_init                                - Undefined Weak Reference
    _signal_finish                            - Undefined Weak Reference
    _signal_init                              - Undefined Weak Reference
    __main                                   0x000000c1   Thumb Code     8  __main.o(!!!main)
    __scatterload                            0x000000c9   Thumb Code     0  __scatter.o(!!!scatter)
    __scatterload_rt2                        0x000000c9   Thumb Code    52  __scatter.o(!!!scatter)
    __scatterload_rt2_thumb_only             0x000000c9   Thumb Code     0  __scatter.o(!!!scatter)
    __scatterload_null                       0x000000d9   Thumb Code     0  __scatter.o(!!!scatter)
    __scatterload_copy                       0x00000105   Thumb Code    26  __scatter_copy.o(!!handler_copy)
    __scatterload_zeroinit                   0x00000121   Thumb Code    28  __scatter_zi.o(!!handler_zi)
    _printf_percent                          0x0000013d   Thumb Code     0  _printf_percent.o(.ARM.Collect$$_printf_percent$$00000000)
    _printf_d                                0x0000013f   Thumb Code     0  _printf_d.o(.ARM.Collect$$_printf_percent$$00000009)
    _printf_percent_end                      0x00000149   Thumb Code     0  _printf_percent_end.o(.ARM.Collect$$_printf_percent$$00000017)
    __rt_lib_init                            0x0000014d   Thumb Code     0  libinit.o(.ARM.Collect$$libinit$$00000000)
    __rt_lib_init_alloca_1                   0x0000014f   Thumb Code     0  libinit2.o(.ARM.Collect$$libinit$$0000002E)
    __rt_lib_init_argv_1                     0x0000014f   Thumb Code     0  libinit2.o(.ARM.Collect$$libinit$$0000002C)
    __rt_lib_init_atexit_1                   0x0000014f   Thumb Code     0  libinit2.o(.ARM.Collect$$libinit$$0000001B)
    __rt_lib_init_clock_1                    0x0000014f   Thumb Code     0  libinit2.o(.ARM.Collect$$libinit$$00000021)
    __rt_lib_init_cpp_1                      0x0000014f   Thumb Code     0  libinit2.o(.ARM.Collect$$libinit$$00000032)
    __rt_lib_init_exceptions_1               0x0000014f   Thumb Code     0  libinit2.o(.ARM.Collect$$libinit$$00000030)
    __rt_lib_init_fp_1                       0x0000014f   Thumb Code     0  libinit2.o(.ARM.Collect$$libinit$$00000002)
    __rt_lib_init_fp_trap_1                  0x0000014f   Thumb Code     0  libinit2.o(.ARM.Collect$$libinit$$0000001F)
    __rt_lib_init_getenv_1                   0x0000014f   Thumb Code     0  libinit2.o(.ARM.Collect$$libinit$$00000023)
    __rt_lib_init_heap_1                     0x0000014f   Thumb Code     0  libinit2.o(.ARM.Collect$$libinit$$0000000A)
    __rt_lib_init_lc_collate_1               0x0000014f   Thumb Code     0  libinit2.o(.ARM.Collect$$libinit$$00000011)
    __rt_lib_init_lc_ctype_1                 0x0000014f   Thumb Code     0  libinit2.o(.ARM.Collect$$libinit$$00000013)
    __rt_lib_init_lc_monetary_1              0x0000014f   Thumb Code     0  libinit2.o(.ARM.Collect$$libinit$$00000015)
    __rt_lib_init_lc_numeric_1               0x0000014f   Thumb Code     0  libinit2.o(.ARM.Collect$$libinit$$00000017)
    __rt_lib_init_lc_time_1                  0x0000014f   Thumb Code     0  libinit2.o(.ARM.Collect$$libinit$$00000019)
    __rt_lib_init_preinit_1                  0x0000014f   Thumb Code     0  libinit2.o(.ARM.Collect$$libinit$$00000004)
    __rt_lib_init_rand_1                     0x0000014f   Thumb Code     0  libinit2.o(.ARM.Collect$$libinit$$0000000E)
    __rt_lib_init_return                     0x0000014f   Thumb Code     0  libinit2.o(.ARM.Collect$$libinit$$00000033)
    __rt_lib_init_signal_1                   0x0000014f   Thumb Code     0  libinit2.o(.ARM.Collect$$libinit$$0000001D)
    __rt_lib_init_stdio_1                    0x0000014f   Thumb Code     0  libinit2.o(.ARM.Collect$$libinit$$00000025)
    __rt_lib_init_user_alloc_1               0x0000014f   Thumb Code     0  libinit2.o(.ARM.Collect$$libinit$$0000000C)
    __rt_lib_shutdown                        0x00000151   Thumb Code     0  libshutdown.o(.ARM.Collect$$libshutdown$$00000000)
    __rt_lib_shutdown_cpp_1                  0x00000153   Thumb Code     0  libshutdown2.o(.ARM.Collect$$libshutdown$$00000002)
    __rt_lib_shutdown_fp_trap_1              0x00000153   Thumb Code     0  libshutdown2.o(.ARM.Collect$$libshutdown$$00000007)
    __rt_lib_shutdown_heap_1                 0x00000153   Thumb Code     0  libshutdown2.o(.ARM.Collect$$libshutdown$$0000000F)
    __rt_lib_shutdown_return                 0x00000153   Thumb Code     0  libshutdown2.o(.ARM.Collect$$libshutdown$$00000010)
    __rt_lib_shutdown_signal_1               0x00000153   Thumb Code     0  libshutdown2.o(.ARM.Collect$$libshutdown$$0000000A)
    __rt_lib_shutdown_stdio_1                0x00000153   Thumb Code     0  libshutdown2.o(.ARM.Collect$$libshutdown$$00000004)
    __rt_lib_shutdown_user_alloc_1           0x00000153   Thumb Code     0  libshutdown2.o(.ARM.Collect$$libshutdown$$0000000C)
    __rt_entry                               0x00000155   Thumb Code     0  __rtentry.o(.ARM.Collect$$rtentry$$00000000)
    __rt_entry_presh_1                       0x00000155   Thumb Code     0  __rtentry2.o(.ARM.Collect$$rtentry$$00000002)
    __rt_entry_sh                            0x00000155   Thumb Code     0  __rtentry4.o(.ARM.Collect$$rtentry$$00000004)
    __rt_entry_li                            0x0000015b   Thumb Code     0  __rtentry2.o(.ARM.Collect$$rtentry$$0000000A)
    __rt_entry_postsh_1                      0x0000015b   Thumb Code     0  __rtentry2.o(.ARM.Collect$$rtentry$$00000009)
    __rt_entry_main                          0x0000015f   Thumb Code     0  __rtentry2.o(.ARM.Collect$$rtentry$$0000000D)
    __rt_entry_postli_1                      0x0000015f   Thumb Code     0  __rtentry2.o(.ARM.Collect$$rtentry$$0000000C)
    __rt_exit                                0x00000167   Thumb Code     0  rtexit.o(.ARM.Collect$$rtexit$$00000000)
    __rt_exit_ls                             0x00000169   Thumb Code     0  rtexit2.o(.ARM.Collect$$rtexit$$00000003)
    __rt_exit_prels_1                        0x00000169   Thumb Code     0  rtexit2.o(.ARM.Collect$$rtexit$$00000002)
    __rt_exit_exit                           0x0000016d   Thumb Code     0  rtexit2.o(.ARM.Collect$$rtexit$$00000004)
    Reset_Handler                            0x00000175   Thumb Code     4  startup_lpc11xx.o(.text)
    NMI_Handler                              0x00000179   Thumb Code     2  startup_lpc11xx.o(.text)
    HardFault_Handler                        0x0000017b   Thumb Code     2  startup_lpc11xx.o(.text)
    MemManage_Handler                        0x0000017d   Thumb Code     2  startup_lpc11xx.o(.text)
    BusFault_Handler                         0x0000017f   Thumb Code     2  startup_lpc11xx.o(.text)
    UsageFault_Handler                       0x00000181   Thumb Code     2  startup_lpc11xx.o(.text)
    SVC_Handler                              0x00000183   Thumb Code     2  startup_lpc11xx.o(.text)
    DebugMon_Handler                         0x00000185   Thumb Code     2  startup_lpc11xx.o(.text)
    PendSV_Handler                           0x00000187   Thumb Code     2  startup_lpc11xx.o(.text)
    ADC_IRQHandler                           0x0000018b   Thumb Code     0  startup_lpc11xx.o(.text)
    BOD_IRQHandler                           0x0000018b   Thumb Code     0  startup_lpc11xx.o(.text)
    CAN_IRQHandler                           0x0000018b   Thumb Code     0  startup_lpc11xx.o(.text)
    FMC_IRQHandler                           0x0000018b   Thumb Code     0  startup_lpc11xx.o(.text)
    TIMER16_0_IRQHandler                     0x0000018b   Thumb Code     0  startup_lpc11xx.o(.text)
    TIMER16_1_IRQHandler                     0x0000018b   Thumb Code     0  startup_lpc11xx.o(.text)
    UART_IRQHandler                          0x0000018b   Thumb Code     0  startup_lpc11xx.o(.text)
    USB_FIQHandler                           0x0000018b   Thumb Code     0  startup_lpc11xx.o(.text)
    USB_IRQHandler                           0x0000018b   Thumb Code     0  startup_lpc11xx.o(.text)
    WAKEUP_IRQHandler                        0x0000018b   Thumb Code     0  startup_lpc11xx.o(.text)
    WDT_IRQHandler                           0x0000018b   Thumb Code     0  startup_lpc11xx.o(.text)
    __user_initial_stackheap                 0x0000018d   Thumb Code     0  startup_lpc11xx.o(.text)
    __2sprintf                               0x000001a9   Thumb Code    36  noretval__2sprintf.o(.text)
    __2snprintf                              0x000001d1   Thumb Code    50  noretval__2snprintf.o(.text)
    __printf                                 0x00000209   Thumb Code   108  __printf.o(.text)
    _printf_int_dec                          0x00000275   Thumb Code    90  _printf_dec.o(.text)
    __use_two_region_memory                  0x000002e1   Thumb Code     2  heapauxi.o(.text)
    __rt_heap_escrow                         0x000002e3   Thumb Code     2  heapauxi.o(.text)
    __rt_heap_expand                         0x000002e5   Thumb Code     2  heapauxi.o(.text)
    _sputc                                   0x000002e7   Thumb Code    10  _sputc.o(.text)
    __user_libspace                          0x000002f1   Thumb Code     8  libspace.o(.text)
    __user_perproc_libspace                  0x000002f1   Thumb Code     0  libspace.o(.text)
    __user_perthread_libspace                0x000002f1   Thumb Code     0  libspace.o(.text)
    __I$use$semihosting                      0x000002f9   Thumb Code     0  use_no_semi.o(.text)
    __use_no_semihosting_swi                 0x000002f9   Thumb Code     2  use_no_semi.o(.text)
    SysTick_Handler                          0x000002fb   Thumb Code     2  main.o(i.SysTick_Handler)
    __semihosting_library_function           0x000002fb   Thumb Code     0  indicate_semi.o(.text)
    _memset_w                                0x00000301   Thumb Code    26  rt_memclr.o(.text)
    _memset                                  0x0000031b   Thumb Code    30  rt_memclr.o(.text)
    __aeabi_memclr                           0x00000339   Thumb Code     4  rt_memclr.o(.text)
    __rt_memclr                              0x00000339   Thumb Code     0  rt_memclr.o(.text)
    __aeabi_memclr4                          0x0000033d   Thumb Code     0  rt_memclr.o(.text)
    __aeabi_memclr8                          0x0000033d   Thumb Code     0  rt_memclr.o(.text)
    __rt_memclr_w                            0x0000033d   Thumb Code     4  rt_memclr.o(.text)
    __aeabi_uidiv                            0x00000341   Thumb Code     0  aeabi_sdiv.o(.text)
    __aeabi_uidivmod                         0x00000341   Thumb Code    20  aeabi_sdiv.o(.text)
    __aeabi_idiv                             0x00000355   Thumb Code     0  aeabi_sdiv.o(.text)
    __aeabi_idivmod                          0x00000355   Thumb Code   326  aeabi_sdiv.o(.text)
    __aeabi_ddiv                             0x0000049d   Thumb Code     0  ddiv.o(.text)
    _ddiv                                    0x0000049d   Thumb Code  1072  ddiv.o(.text)
    _drdiv                                   0x000008cd   Thumb Code    20  ddiv.o(.text)
    __aeabi_d2iz                             0x000008e5   Thumb Code     0  dfixi.o(.text)
    _dfix                                    0x000008e5   Thumb Code    98  dfixi.o(.text)
    __aeabi_i2d_normalise                    0x00000951   Thumb Code    66  dflti.o(.text)
    __aeabi_i2d                              0x00000993   Thumb Code    16  dflti.o(.text)
    _dflt                                    0x00000993   Thumb Code     0  dflti.o(.text)
    __aeabi_ui2d                             0x000009a3   Thumb Code     6  dflti.o(.text)
    _dfltu                                   0x000009a3   Thumb Code     0  dflti.o(.text)
    __aeabi_dmul                             0x000009a9   Thumb Code     0  dmul.o(.text)
    _dmul                                    0x000009a9   Thumb Code   558  dmul.o(.text)
    _printf_int_common                       0x00000bf1   Thumb Code   176  _printf_intcommon.o(.text)
    _printf_char_common                      0x00000cab   Thumb Code    32  _printf_char_common.o(.text)
    _snputc                                  0x00000cd1   Thumb Code    16  _snputc.o(.text)
    __rt_udiv10                              0x00000ce1   Thumb Code    40  rtudiv10.o(.text)
    __user_setup_stackheap                   0x00000d09   Thumb Code    62  sys_stackheap_outer.o(.text)
    exit                                     0x00000d47   Thumb Code    16  exit.o(.text)
    _sys_exit                                0x00000d59   Thumb Code     8  sys_exit.o(.text)
    ADCInit                                  0x00000d65   Thumb Code   126  adc.o(i.ADCInit)
    ADCRead                                  0x00000e01   Thumb Code   102  adc.o(i.ADCRead)
    Fill_RAM                                 0x00000e6d   Thumb Code    48  oled2864.o(i.Fill_RAM)
    GPIOGetValue                             0x00000e9d   Thumb Code    18  gpio.o(i.GPIOGetValue)
    GPIOInit                                 0x00000eb5   Thumb Code    40  gpio.o(i.GPIOInit)
    GPIOIntClear                             0x00000ee1   Thumb Code    88  gpio.o(i.GPIOIntClear)
    GPIOIntDisable                           0x00000f49   Thumb Code    88  gpio.o(i.GPIOIntDisable)
    GPIOIntEnable                            0x00000fb1   Thumb Code    88  gpio.o(i.GPIOIntEnable)
    GPIOIntStatus                            0x00001019   Thumb Code   102  gpio.o(i.GPIOIntStatus)
    GPIOSetDir                               0x00001091   Thumb Code    78  gpio.o(i.GPIOSetDir)
    GPIOSetInterrupt                         0x000010e5   Thumb Code   446  gpio.o(i.GPIOSetInterrupt)
    GPIOSetValue                             0x000012b5   Thumb Code    22  gpio.o(i.GPIOSetValue)
    I2CEngine                                0x000012d1   Thumb Code    56  i2c.o(i.I2CEngine)
    I2CInit                                  0x00001315   Thumb Code   122  i2c.o(i.I2CInit)
    I2CRead                                  0x0000139d   Thumb Code    44  i2c.o(i.I2CRead)
    I2CStart                                 0x000013d9   Thumb Code    42  i2c.o(i.I2CStart)
    I2CStop                                  0x0000140d   Thumb Code    30  i2c.o(i.I2CStop)
    I2CWrite                                 0x0000142d   Thumb Code    40  i2c.o(i.I2CWrite)
    I2C_IRQHandler                           0x00001465   Thumb Code   398  i2c.o(i.I2C_IRQHandler)
    KEY_Init                                 0x00001615   Thumb Code    64  key.o(i.KEY_Init)
    KEY_Read                                 0x00001655   Thumb Code   102  key.o(i.KEY_Read)
    Main_PLL_Setup                           0x000016bd   Thumb Code   142  system_lpc11xx.o(i.Main_PLL_Setup)
    OLED_ClearScreen                         0x00001805   Thumb Code    10  oled2864.o(i.OLED_ClearScreen)
    OLED_DisChar                             0x00001811   Thumb Code   120  oled2864.o(i.OLED_DisChar)
    OLED_DisStrLine                          0x0000188d   Thumb Code    68  oled2864.o(i.OLED_DisStrLine)
    OLED_Init_I                              0x000018d1   Thumb Code   116  oled2864.o(i.OLED_Init_I)
    PIOINT0_IRQHandler                       0x00001945   Thumb Code    46  gpio.o(i.PIOINT0_IRQHandler)
    PIOINT1_IRQHandler                       0x0000197d   Thumb Code    84  gpio.o(i.PIOINT1_IRQHandler)
    PIOINT2_IRQHandler                       0x000019e5   Thumb Code    34  gpio.o(i.PIOINT2_IRQHandler)
    PIOINT3_IRQHandler                       0x00001a0d   Thumb Code    24  gpio.o(i.PIOINT3_IRQHandler)
    Read_Temp_Hum                            0x00001a25   Thumb Code   470  temp_hum.o(i.Read_Temp_Hum)
    SPI_IOConfig                             0x00001c0d   Thumb Code   392  ssp.o(i.SPI_IOConfig)
    SPI_Init                                 0x00001d9d   Thumb Code   124  ssp.o(i.SPI_Init)
    SPI_PutGet                               0x00001e21   Thumb Code   114  ssp.o(i.SPI_PutGet)
    SSP0_IRQHandler                          0x00001e9d   Thumb Code    72  ssp.o(i.SSP0_IRQHandler)
    SSP1_IRQHandler                          0x00001ef5   Thumb Code    72  ssp.o(i.SSP1_IRQHandler)
    Set_Addressing_Mode                      0x00001f4d   Thumb Code    18  oled2864.o(i.Set_Addressing_Mode)
    Set_Charge_Pump                          0x00001f5f   Thumb Code    22  oled2864.o(i.Set_Charge_Pump)
    Set_Common_Config                        0x00001f75   Thumb Code    22  oled2864.o(i.Set_Common_Config)
    Set_Common_Remap                         0x00001f8b   Thumb Code    16  oled2864.o(i.Set_Common_Remap)
    Set_Contrast_Control                     0x00001f9b   Thumb Code    18  oled2864.o(i.Set_Contrast_Control)
    Set_Display_Clock                        0x00001fad   Thumb Code    18  oled2864.o(i.Set_Display_Clock)
    Set_Display_Offset                       0x00001fbf   Thumb Code    18  oled2864.o(i.Set_Display_Offset)
    Set_Display_On_Off                       0x00001fd1   Thumb Code    16  oled2864.o(i.Set_Display_On_Off)
    Set_Entire_Display                       0x00001fe1   Thumb Code    16  oled2864.o(i.Set_Entire_Display)
    Set_Inverse_Display                      0x00001ff1   Thumb Code    16  oled2864.o(i.Set_Inverse_Display)
    Set_Multiplex_Ratio                      0x00002001   Thumb Code    18  oled2864.o(i.Set_Multiplex_Ratio)
    Set_Precharge_Period                     0x00002013   Thumb Code    18  oled2864.o(i.Set_Precharge_Period)
    Set_Segment_Remap                        0x00002025   Thumb Code    16  oled2864.o(i.Set_Segment_Remap)
    Set_Start_Column                         0x00002035   Thumb Code    44  oled2864.o(i.Set_Start_Column)
    Set_Start_Line                           0x00002061   Thumb Code    16  oled2864.o(i.Set_Start_Line)
    Set_Start_Page                           0x00002071   Thumb Code    16  oled2864.o(i.Set_Start_Page)
    Set_VCOMH                                0x00002081   Thumb Code    18  oled2864.o(i.Set_VCOMH)
    SystemInit                               0x00002095   Thumb Code    58  system_lpc11xx.o(i.SystemInit)
    TIMER32_0_IRQHandler                     0x000020d9   Thumb Code    58  timer32.o(i.TIMER32_0_IRQHandler)
    TIMER32_1_IRQHandler                     0x00002121   Thumb Code    58  timer32.o(i.TIMER32_1_IRQHandler)
    Write_Command                            0x00002169   Thumb Code    54  oled2864.o(i.Write_Command)
    Write_Data                               0x0000219f   Thumb Code    54  oled2864.o(i.Write_Data)
    __ARM_common_switch8                     0x000021d5   Thumb Code    28  i2c.o(i.__ARM_common_switch8)
    acc_init                                 0x000021f1   Thumb Code    10  acc.o(i.acc_init)
    acc_read                                 0x000021fb   Thumb Code   120  acc.o(i.acc_read)
    delay_ms                                 0x00002275   Thumb Code   140  tools.o(i.delay_ms)
    disable_timer32                          0x00002309   Thumb Code    20  timer32.o(i.disable_timer32)
    enable_timer32                           0x00002325   Thumb Code    20  timer32.o(i.enable_timer32)
    init_timer32PWM                          0x00002361   Thumb Code   416  timer32.o(i.init_timer32PWM)
    light_enable                             0x00002519   Thumb Code    38  light.o(i.light_enable)
    light_init                               0x0000254d   Thumb Code     2  light.o(i.light_init)
    light_read                               0x00002551   Thumb Code    86  light.o(i.light_read)
    light_setRange                           0x000025b1   Thumb Code    96  light.o(i.light_setRange)
    main                                     0x00002625   Thumb Code    66  main.o(i.main)
    my_gpio_init                             0x00002675   Thumb Code    58  devcon.o(i.my_gpio_init)
    my_sys_init                              0x000026b1   Thumb Code    64  devcon.o(i.my_sys_init)
    oled_show                                0x000026f5   Thumb Code   770  devcon.o(i.oled_show)
    speaker_op                               0x00002abd   Thumb Code    52  devcon.o(i.speaker_op)
    __I$use$fp                               0x00002af4   Number         0  usenofp.o(x$fpl$usenofp)
    UniV                                     0x00002b14   Data         192  oled2864.o(.constdata)
    Ascii_1                                  0x00002bd4   Data        1205  oled2864.o(.constdata)
    Ascii_2                                  0x00003089   Data         535  oled2864.o(.constdata)
    Region$$Table$$Base                      0x00003320   Number         0  anon$$obj.o(Region$$Table)
    Region$$Table$$Limit                     0x00003340   Number         0  anon$$obj.o(Region$$Table)
    ClockSource                              0x10000000   Data           4  system_lpc11xx.o(.data)
    SystemFrequency                          0x10000004   Data           4  system_lpc11xx.o(.data)
    SystemAHBFrequency                       0x10000008   Data           4  system_lpc11xx.o(.data)
    gpio0_counter                            0x1000000c   Data           4  gpio.o(.data)
    p0_1_counter                             0x10000010   Data           4  gpio.o(.data)
    gpio1_counter                            0x10000014   Data           4  gpio.o(.data)
    p1_1_counter                             0x10000018   Data           4  gpio.o(.data)
    gpio2_counter                            0x1000001c   Data           4  gpio.o(.data)
    p2_1_counter                             0x10000020   Data           4  gpio.o(.data)
    p2_8_counter                             0x10000024   Data           4  gpio.o(.data)
    gpio3_counter                            0x10000028   Data           4  gpio.o(.data)
    p3_1_counter                             0x1000002c   Data           4  gpio.o(.data)
    p3_2_counter                             0x10000030   Data           4  gpio.o(.data)
    p3_2_tc                                  0x10000034   Data           4  gpio.o(.data)
    interruptRxStat0                         0x1000006c   Data           4  ssp.o(.data)
    interruptOverRunStat0                    0x10000070   Data           4  ssp.o(.data)
    interruptRxTimeoutStat0                  0x10000074   Data           4  ssp.o(.data)
    interruptRxStat1                         0x10000078   Data           4  ssp.o(.data)
    interruptOverRunStat1                    0x1000007c   Data           4  ssp.o(.data)
    interruptRxTimeoutStat1                  0x10000080   Data           4  ssp.o(.data)
    timer32_0_counter                        0x10000084   Data           4  timer32.o(.data)
    timer32_1_counter                        0x10000088   Data           4  timer32.o(.data)
    timer32_0_capture                        0x1000008c   Data           4  timer32.o(.data)
    timer32_1_capture                        0x10000090   Data           4  timer32.o(.data)
    timer32_0_period                         0x10000094   Data           4  timer32.o(.data)
    timer32_1_period                         0x10000098   Data           4  timer32.o(.data)
    ADCValue                                 0x1000009c   Data          32  adc.o(.bss)
    __libspace_start                         0x100000bc   Data          96  libspace.o(.bss)
    __temporary_stack_top$libspace           0x1000011c   Data           0  libspace.o(.bss)



==============================================================================

Memory Map of the image

  Image Entry point : 0x000000c1

  Load Region LR_IROM1 (Base: 0x00000000, Size: 0x000033dc, Max: 0x00008000, ABSOLUTE)

    Execution Region ER_IROM1 (Base: 0x00000000, Size: 0x00003340, Max: 0x00008000, ABSOLUTE)

    Base Addr    Size         Type   Attr      Idx    E Section Name        Object

    0x00000000   0x000000c0   Data   RO            3    RESET               startup_lpc11xx.o
    0x000000c0   0x00000008   Code   RO         1021  * !!!main             c_p.l(__main.o)
    0x000000c8   0x0000003c   Code   RO         1398    !!!scatter          c_p.l(__scatter.o)
    0x00000104   0x0000001a   Code   RO         1400    !!handler_copy      c_p.l(__scatter_copy.o)
    0x0000011e   0x00000002   PAD
    0x00000120   0x0000001c   Code   RO         1402    !!handler_zi        c_p.l(__scatter_zi.o)
    0x0000013c   0x00000002   Code   RO         1012    .ARM.Collect$$_printf_percent$$00000000  c_p.l(_printf_percent.o)
    0x0000013e   0x0000000a   Code   RO         1011    .ARM.Collect$$_printf_percent$$00000009  c_p.l(_printf_d.o)
    0x00000148   0x00000004   Code   RO         1047    .ARM.Collect$$_printf_percent$$00000017  c_p.l(_printf_percent_end.o)
    0x0000014c   0x00000002   Code   RO         1184    .ARM.Collect$$libinit$$00000000  c_p.l(libinit.o)
    0x0000014e   0x00000000   Code   RO         1186    .ARM.Collect$$libinit$$00000002  c_p.l(libinit2.o)
    0x0000014e   0x00000000   Code   RO         1188    .ARM.Collect$$libinit$$00000004  c_p.l(libinit2.o)
    0x0000014e   0x00000000   Code   RO         1191    .ARM.Collect$$libinit$$0000000A  c_p.l(libinit2.o)
    0x0000014e   0x00000000   Code   RO         1193    .ARM.Collect$$libinit$$0000000C  c_p.l(libinit2.o)
    0x0000014e   0x00000000   Code   RO         1195    .ARM.Collect$$libinit$$0000000E  c_p.l(libinit2.o)
    0x0000014e   0x00000000   Code   RO         1198    .ARM.Collect$$libinit$$00000011  c_p.l(libinit2.o)
    0x0000014e   0x00000000   Code   RO         1200    .ARM.Collect$$libinit$$00000013  c_p.l(libinit2.o)
    0x0000014e   0x00000000   Code   RO         1202    .ARM.Collect$$libinit$$00000015  c_p.l(libinit2.o)
    0x0000014e   0x00000000   Code   RO         1204    .ARM.Collect$$libinit$$00000017  c_p.l(libinit2.o)
    0x0000014e   0x00000000   Code   RO         1206    .ARM.Collect$$libinit$$00000019  c_p.l(libinit2.o)
    0x0000014e   0x00000000   Code   RO         1208    .ARM.Collect$$libinit$$0000001B  c_p.l(libinit2.o)
    0x0000014e   0x00000000   Code   RO         1210    .ARM.Collect$$libinit$$0000001D  c_p.l(libinit2.o)
    0x0000014e   0x00000000   Code   RO         1212    .ARM.Collect$$libinit$$0000001F  c_p.l(libinit2.o)
    0x0000014e   0x00000000   Code   RO         1214    .ARM.Collect$$libinit$$00000021  c_p.l(libinit2.o)
    0x0000014e   0x00000000   Code   RO         1216    .ARM.Collect$$libinit$$00000023  c_p.l(libinit2.o)
    0x0000014e   0x00000000   Code   RO         1218    .ARM.Collect$$libinit$$00000025  c_p.l(libinit2.o)
    0x0000014e   0x00000000   Code   RO         1222    .ARM.Collect$$libinit$$0000002C  c_p.l(libinit2.o)
    0x0000014e   0x00000000   Code   RO         1224    .ARM.Collect$$libinit$$0000002E  c_p.l(libinit2.o)
    0x0000014e   0x00000000   Code   RO         1226    .ARM.Collect$$libinit$$00000030  c_p.l(libinit2.o)
    0x0000014e   0x00000000   Code   RO         1228    .ARM.Collect$$libinit$$00000032  c_p.l(libinit2.o)
    0x0000014e   0x00000002   Code   RO         1229    .ARM.Collect$$libinit$$00000033  c_p.l(libinit2.o)
    0x00000150   0x00000002   Code   RO         1379    .ARM.Collect$$libshutdown$$00000000  c_p.l(libshutdown.o)
    0x00000152   0x00000000   Code   RO         1231    .ARM.Collect$$libshutdown$$00000002  c_p.l(libshutdown2.o)
    0x00000152   0x00000000   Code   RO         1233    .ARM.Collect$$libshutdown$$00000004  c_p.l(libshutdown2.o)
    0x00000152   0x00000000   Code   RO         1236    .ARM.Collect$$libshutdown$$00000007  c_p.l(libshutdown2.o)
    0x00000152   0x00000000   Code   RO         1239    .ARM.Collect$$libshutdown$$0000000A  c_p.l(libshutdown2.o)
    0x00000152   0x00000000   Code   RO         1241    .ARM.Collect$$libshutdown$$0000000C  c_p.l(libshutdown2.o)
    0x00000152   0x00000000   Code   RO         1244    .ARM.Collect$$libshutdown$$0000000F  c_p.l(libshutdown2.o)
    0x00000152   0x00000002   Code   RO         1245    .ARM.Collect$$libshutdown$$00000010  c_p.l(libshutdown2.o)
    0x00000154   0x00000000   Code   RO         1032    .ARM.Collect$$rtentry$$00000000  c_p.l(__rtentry.o)
    0x00000154   0x00000000   Code   RO         1058    .ARM.Collect$$rtentry$$00000002  c_p.l(__rtentry2.o)
    0x00000154   0x00000006   Code   RO         1070    .ARM.Collect$$rtentry$$00000004  c_p.l(__rtentry4.o)
    0x0000015a   0x00000000   Code   RO         1060    .ARM.Collect$$rtentry$$00000009  c_p.l(__rtentry2.o)
    0x0000015a   0x00000004   Code   RO         1061    .ARM.Collect$$rtentry$$0000000A  c_p.l(__rtentry2.o)
    0x0000015e   0x00000000   Code   RO         1063    .ARM.Collect$$rtentry$$0000000C  c_p.l(__rtentry2.o)
    0x0000015e   0x00000008   Code   RO         1064    .ARM.Collect$$rtentry$$0000000D  c_p.l(__rtentry2.o)
    0x00000166   0x00000002   Code   RO         1255    .ARM.Collect$$rtexit$$00000000  c_p.l(rtexit.o)
    0x00000168   0x00000000   Code   RO         1317    .ARM.Collect$$rtexit$$00000002  c_p.l(rtexit2.o)
    0x00000168   0x00000004   Code   RO         1318    .ARM.Collect$$rtexit$$00000003  c_p.l(rtexit2.o)
    0x0000016c   0x00000006   Code   RO         1319    .ARM.Collect$$rtexit$$00000004  c_p.l(rtexit2.o)
    0x00000172   0x00000002   PAD
    0x00000174   0x00000034   Code   RO            5    .text               startup_lpc11xx.o
    0x000001a8   0x00000028   Code   RO          983    .text               c_p.l(noretval__2sprintf.o)
    0x000001d0   0x00000038   Code   RO          985    .text               c_p.l(noretval__2snprintf.o)
    0x00000208   0x0000006c   Code   RO          987    .text               c_p.l(__printf.o)
    0x00000274   0x0000006c   Code   RO          989    .text               c_p.l(_printf_dec.o)
    0x000002e0   0x00000006   Code   RO         1019    .text               c_p.l(heapauxi.o)
    0x000002e6   0x0000000a   Code   RO         1041    .text               c_p.l(_sputc.o)
    0x000002f0   0x00000008   Code   RO         1248    .text               c_p.l(libspace.o)
    0x000002f8   0x00000002   Code   RO         1251    .text               c_p.l(use_no_semi.o)
    0x000002fa   0x00000000   Code   RO         1253    .text               c_p.l(indicate_semi.o)
    0x000002fa   0x00000002   Code   RO           82    i.SysTick_Handler   main.o
    0x000002fc   0x00000004   Code   RO            4    .ARM.__at_0x02FC    startup_lpc11xx.o
    0x00000300   0x00000040   Code   RO         1013    .text               c_p.l(rt_memclr.o)
    0x00000340   0x0000015a   Code   RO         1015    .text               c_p.l(aeabi_sdiv.o)
    0x0000049a   0x00000002   PAD
    0x0000049c   0x00000448   Code   RO         1023    .text               fz_ps.l(ddiv.o)
    0x000008e4   0x0000006c   Code   RO         1026    .text               fz_ps.l(dfixi.o)
    0x00000950   0x00000058   Code   RO         1028    .text               fz_ps.l(dflti.o)
    0x000009a8   0x00000248   Code   RO         1030    .text               fz_ps.l(dmul.o)
    0x00000bf0   0x000000b0   Code   RO         1037    .text               c_p.l(_printf_intcommon.o)
    0x00000ca0   0x00000030   Code   RO         1039    .text               c_p.l(_printf_char_common.o)
    0x00000cd0   0x00000010   Code   RO         1043    .text               c_p.l(_snputc.o)
    0x00000ce0   0x00000028   Code   RO         1054    .text               c_p.l(rtudiv10.o)
    0x00000d08   0x0000003e   Code   RO         1097    .text               c_p.l(sys_stackheap_outer.o)
    0x00000d46   0x00000010   Code   RO         1169    .text               c_p.l(exit.o)
    0x00000d56   0x00000002   PAD
    0x00000d58   0x0000000c   Code   RO         1314    .text               c_p.l(sys_exit.o)
    0x00000d64   0x0000009c   Code   RO          866    i.ADCInit           adc.o
    0x00000e00   0x0000006c   Code   RO          868    i.ADCRead           adc.o
    0x00000e6c   0x00000030   Code   RO          431    i.Fill_RAM          oled2864.o
    0x00000e9c   0x00000018   Code   RO          171    i.GPIOGetValue      gpio.o
    0x00000eb4   0x0000002c   Code   RO          172    i.GPIOInit          gpio.o
    0x00000ee0   0x00000068   Code   RO          173    i.GPIOIntClear      gpio.o
    0x00000f48   0x00000068   Code   RO          174    i.GPIOIntDisable    gpio.o
    0x00000fb0   0x00000068   Code   RO          175    i.GPIOIntEnable     gpio.o
    0x00001018   0x00000078   Code   RO          176    i.GPIOIntStatus     gpio.o
    0x00001090   0x00000054   Code   RO          177    i.GPIOSetDir        gpio.o
    0x000010e4   0x000001d0   Code   RO          178    i.GPIOSetInterrupt  gpio.o
    0x000012b4   0x0000001c   Code   RO          179    i.GPIOSetValue      gpio.o
    0x000012d0   0x00000044   Code   RO          270    i.I2CEngine         i2c.o
    0x00001314   0x00000088   Code   RO          271    i.I2CInit           i2c.o
    0x0000139c   0x0000003c   Code   RO          272    i.I2CRead           i2c.o
    0x000013d8   0x00000034   Code   RO          273    i.I2CStart          i2c.o
    0x0000140c   0x0000001e   Code   RO          274    i.I2CStop           i2c.o
    0x0000142a   0x00000002   PAD
    0x0000142c   0x00000038   Code   RO          275    i.I2CWrite          i2c.o
    0x00001464   0x000001b0   Code   RO          276    i.I2C_IRQHandler    i2c.o
    0x00001614   0x00000040   Code   RO          794    i.KEY_Init          key.o
    0x00001654   0x00000066   Code   RO          795    i.KEY_Read          key.o
    0x000016ba   0x00000002   PAD
    0x000016bc   0x000000a8   Code   RO           13    i.Main_PLL_Setup    system_lpc11xx.o
    0x00001764   0x00000014   Code   RO          180    i.NVIC_EnableIRQ    gpio.o
    0x00001778   0x00000014   Code   RO          724    i.NVIC_EnableIRQ    ssp.o
    0x0000178c   0x00000078   Code   RO           81    i.NVIC_SetPriority  main.o
    0x00001804   0x0000000a   Code   RO          434    i.OLED_ClearScreen  oled2864.o
    0x0000180e   0x00000002   PAD
    0x00001810   0x0000007c   Code   RO          435    i.OLED_DisChar      oled2864.o
    0x0000188c   0x00000044   Code   RO          436    i.OLED_DisStrLine   oled2864.o
    0x000018d0   0x00000074   Code   RO          438    i.OLED_Init_I       oled2864.o
    0x00001944   0x00000038   Code   RO          181    i.PIOINT0_IRQHandler  gpio.o
    0x0000197c   0x00000068   Code   RO          182    i.PIOINT1_IRQHandler  gpio.o
    0x000019e4   0x00000028   Code   RO          183    i.PIOINT2_IRQHandler  gpio.o
    0x00001a0c   0x00000018   Code   RO          184    i.PIOINT3_IRQHandler  gpio.o
    0x00001a24   0x000001e8   Code   RO          703    i.Read_Temp_Hum     temp_hum.o
    0x00001c0c   0x00000190   Code   RO          725    i.SPI_IOConfig      ssp.o
    0x00001d9c   0x00000084   Code   RO          726    i.SPI_Init          ssp.o
    0x00001e20   0x0000007c   Code   RO          727    i.SPI_PutGet        ssp.o
    0x00001e9c   0x00000058   Code   RO          728    i.SSP0_IRQHandler   ssp.o
    0x00001ef4   0x00000058   Code   RO          729    i.SSP1_IRQHandler   ssp.o
    0x00001f4c   0x00000012   Code   RO          440    i.Set_Addressing_Mode  oled2864.o
    0x00001f5e   0x00000016   Code   RO          441    i.Set_Charge_Pump   oled2864.o
    0x00001f74   0x00000016   Code   RO          443    i.Set_Common_Config  oled2864.o
    0x00001f8a   0x00000010   Code   RO          444    i.Set_Common_Remap  oled2864.o
    0x00001f9a   0x00000012   Code   RO          445    i.Set_Contrast_Control  oled2864.o
    0x00001fac   0x00000012   Code   RO          446    i.Set_Display_Clock  oled2864.o
    0x00001fbe   0x00000012   Code   RO          447    i.Set_Display_Offset  oled2864.o
    0x00001fd0   0x00000010   Code   RO          448    i.Set_Display_On_Off  oled2864.o
    0x00001fe0   0x00000010   Code   RO          449    i.Set_Entire_Display  oled2864.o
    0x00001ff0   0x00000010   Code   RO          450    i.Set_Inverse_Display  oled2864.o
    0x00002000   0x00000012   Code   RO          451    i.Set_Multiplex_Ratio  oled2864.o
    0x00002012   0x00000012   Code   RO          454    i.Set_Precharge_Period  oled2864.o
    0x00002024   0x00000010   Code   RO          455    i.Set_Segment_Remap  oled2864.o
    0x00002034   0x0000002c   Code   RO          456    i.Set_Start_Column  oled2864.o
    0x00002060   0x00000010   Code   RO          457    i.Set_Start_Line    oled2864.o
    0x00002070   0x00000010   Code   RO          458    i.Set_Start_Page    oled2864.o
    0x00002080   0x00000012   Code   RO          459    i.Set_VCOMH         oled2864.o
    0x00002092   0x00000002   PAD
    0x00002094   0x00000044   Code   RO           14    i.SystemInit        system_lpc11xx.o
    0x000020d8   0x00000048   Code   RO          900    i.TIMER32_0_IRQHandler  timer32.o
    0x00002120   0x00000048   Code   RO          901    i.TIMER32_1_IRQHandler  timer32.o
    0x00002168   0x00000036   Code   RO          466    i.Write_Command     oled2864.o
    0x0000219e   0x00000036   Code   RO          467    i.Write_Data        oled2864.o
    0x000021d4   0x0000001c   Code   RO          317    i.__ARM_common_switch8  i2c.o
    0x000021f0   0x0000000a   Code   RO          815    i.acc_init          acc.o
    0x000021fa   0x00000078   Code   RO          816    i.acc_read          acc.o
    0x00002272   0x00000002   PAD
    0x00002274   0x00000094   Code   RO           47    i.delay_ms          tools.o
    0x00002308   0x0000001c   Code   RO          903    i.disable_timer32   timer32.o
    0x00002324   0x0000001c   Code   RO          904    i.enable_timer32    timer32.o
    0x00002340   0x00000020   Code   RO          820    i.getStatus         acc.o
    0x00002360   0x000001b8   Code   RO          906    i.init_timer32PWM   timer32.o
    0x00002518   0x00000034   Code   RO          330    i.light_enable      light.o
    0x0000254c   0x00000002   Code   RO          332    i.light_init        light.o
    0x0000254e   0x00000002   PAD
    0x00002550   0x00000060   Code   RO          333    i.light_read        light.o
    0x000025b0   0x00000074   Code   RO          338    i.light_setRange    light.o
    0x00002624   0x00000050   Code   RO           83    i.main              main.o
    0x00002674   0x0000003a   Code   RO          133    i.my_gpio_init      devcon.o
    0x000026ae   0x00000002   PAD
    0x000026b0   0x00000044   Code   RO          134    i.my_sys_init       devcon.o
    0x000026f4   0x00000390   Code   RO          135    i.oled_show         devcon.o
    0x00002a84   0x00000020   Code   RO          342    i.readControlReg    light.o
    0x00002aa4   0x00000018   Code   RO          821    i.setModeControl    acc.o
    0x00002abc   0x00000038   Code   RO          136    i.speaker_op        devcon.o
    0x00002af4   0x00000000   Code   RO         1056    x$fpl$usenofp       fz_ps.l(usenofp.o)
    0x00002af4   0x00000010   Data   RO          185    .constdata          gpio.o
    0x00002b04   0x0000079c   Data   RO          469    .constdata          oled2864.o
    0x000032a0   0x00000080   Data   RO         1024    .constdata          fz_ps.l(ddiv.o)
    0x00003320   0x00000020   Data   RO         1396    Region$$Table       anon$$obj.o


    Execution Region RW_IRAM1 (Base: 0x10000000, Size: 0x00000320, Max: 0x00002000, ABSOLUTE)

    Base Addr    Size         Type   Attr      Idx    E Section Name        Object

    0x10000000   0x0000000c   Data   RW           15    .data               system_lpc11xx.o
    0x1000000c   0x0000002c   Data   RW          186    .data               gpio.o
    0x10000038   0x00000029   Data   RW          277    .data               i2c.o
    0x10000061   0x00000003   PAD
    0x10000064   0x00000008   Data   RW          343    .data               light.o
    0x1000006c   0x00000018   Data   RW          736    .data               ssp.o
    0x10000084   0x00000018   Data   RW          910    .data               timer32.o
    0x1000009c   0x00000020   Zero   RW          869    .bss                adc.o
    0x100000bc   0x00000060   Zero   RW         1249    .bss                c_p.l(libspace.o)
    0x1000011c   0x00000004   PAD
    0x10000120   0x00000000   Zero   RW            2    HEAP                startup_lpc11xx.o
    0x10000120   0x00000200   Zero   RW            1    STACK               startup_lpc11xx.o


==============================================================================

Image component sizes


      Code (inc. data)   RO Data    RW Data    ZI Data      Debug   Object Name

       186          0          0          0          0       3038   acc.o
       264         36          0          0         32       1669   adc.o
      1094        150          0          0          0       2918   devcon.o
      1320        148         16         44          0      15817   gpio.o
       862        116          0         41          0      12153   i2c.o
       166          0          0          0          0        910   key.o
       298         44          0          8          0       2442   light.o
       202         24          0          0          0       9577   main.o
       800          4       1948          0          0      12874   oled2864.o
       852         64          0         24          0       4046   ssp.o
        56         22        192          0        512        980   startup_lpc11xx.o
       236         36          0         12          0      13031   system_lpc11xx.o
       488         18          0          0          0       1767   temp_hum.o
       640         68          0         24          0       3215   timer32.o
       148          8          0          0          0       8327   tools.o

    ----------------------------------------------------------------------
      7626        738       2188        156        544      92764   Object Totals
         0          0         32          0          0          0   (incl. Generated)
        14          0          0          3          0          0   (incl. Padding)

    ----------------------------------------------------------------------

      Code (inc. data)   RO Data    RW Data    ZI Data      Debug   Library Member Name

         8          0          0          0          0         68   __main.o
       108          0          0          0          0         76   __printf.o
         0          0          0          0          0          0   __rtentry.o
        12          0          0          0          0          0   __rtentry2.o
         6          0          0          0          0          0   __rtentry4.o
        60          8          0          0          0          0   __scatter.o
        26          0          0          0          0          0   __scatter_copy.o
        28          0          0          0          0          0   __scatter_zi.o
        48          6          0          0          0         88   _printf_char_common.o
        10          0          0          0          0          0   _printf_d.o
       108         18          0          0          0         76   _printf_dec.o
       176          0          0          0          0         84   _printf_intcommon.o
         2          0          0          0          0          0   _printf_percent.o
         4          0          0          0          0          0   _printf_percent_end.o
        16          0          0          0          0         60   _snputc.o
        10          0          0          0          0         60   _sputc.o
       346          0          0          0          0         92   aeabi_sdiv.o
        16          0          0          0          0         68   exit.o
         6          0          0          0          0        136   heapauxi.o
         0          0          0          0          0          0   indicate_semi.o
         2          0          0          0          0          0   libinit.o
         2          0          0          0          0          0   libinit2.o
         2          0          0          0          0          0   libshutdown.o
         2          0          0          0          0          0   libshutdown2.o
         8          4          0          0         96         68   libspace.o
        56          6          0          0          0         84   noretval__2snprintf.o
        40          4          0          0          0         84   noretval__2sprintf.o
        64          0          0          0          0        108   rt_memclr.o
         2          0          0          0          0          0   rtexit.o
        10          0          0          0          0          0   rtexit2.o
        40          0          0          0          0         60   rtudiv10.o
        12          4          0          0          0         60   sys_exit.o
        62          0          0          0          0         80   sys_stackheap_outer.o
         2          0          0          0          0         68   use_no_semi.o
      1096         26        128          0          0        112   ddiv.o
       108         10          0          0          0         72   dfixi.o
        88          0          0          0          0         92   dflti.o
       584         26          0          0          0         84   dmul.o
         0          0          0          0          0          0   usenofp.o

    ----------------------------------------------------------------------
      3178        112        128          0        100       1780   Library Totals
         8          0          0          0          4          0   (incl. Padding)

    ----------------------------------------------------------------------

      Code (inc. data)   RO Data    RW Data    ZI Data      Debug   Library Name

      1294         50          0          0         96       1420   c_p.l
      1876         62        128          0          0        360   fz_ps.l

    ----------------------------------------------------------------------
      3178        112        128          0        100       1780   Library Totals

    ----------------------------------------------------------------------

==============================================================================


      Code (inc. data)   RO Data    RW Data    ZI Data      Debug   

     10804        850       2316        156        644      90352   Grand Totals
     10804        850       2316        156        644      90352   ELF Image Totals
     10804        850       2316        156          0          0   ROM Totals

==============================================================================

    Total RO  Size (Code + RO Data)                13120 (  12.81kB)
    Total RW  Size (RW Data + ZI Data)               800 (   0.78kB)
    Total ROM Size (Code + RO Data + RW Data)      13276 (  12.96kB)

==============================================================================

