Component: ARM Compiler 5.06 update 3 (build 300) Tool: armlink [4d35c9]

==============================================================================

Section Cross References

    can.o(i.CAN_IRQHandler) refers to can.o(i.CAN_MessageProcess) for CAN_MessageProcess
    can.o(i.CAN_IRQHandler) refers to can.o(.data) for EWarnCnt
    can.o(i.CAN_IRQHandler) refers to can.o(.bss) for CANRxDone
    can.o(i.CAN_Init) refers to can.o(i.CAN_ConfigureMessages) for CAN_ConfigureMessages
    can.o(i.CAN_MessageProcess) refers to can.o(.bss) for can_buff
    startup_lpc11xx.o(STACK) refers (Special) to heapauxi.o(.text) for __use_two_region_memory
    startup_lpc11xx.o(HEAP) refers (Special) to heapauxi.o(.text) for __use_two_region_memory
    startup_lpc11xx.o(RESET) refers (Special) to heapauxi.o(.text) for __use_two_region_memory
    startup_lpc11xx.o(RESET) refers to startup_lpc11xx.o(STACK) for __initial_sp
    startup_lpc11xx.o(RESET) refers to startup_lpc11xx.o(.text) for Reset_Handler
    startup_lpc11xx.o(RESET) refers to main.o(i.SysTick_Handler) for SysTick_Handler
    startup_lpc11xx.o(RESET) refers to can.o(i.CAN_IRQHandler) for CAN_IRQHandler
    startup_lpc11xx.o(RESET) refers to ssp.o(i.SSP1_IRQHandler) for SSP1_IRQHandler
    startup_lpc11xx.o(RESET) refers to ssp.o(i.SSP0_IRQHandler) for SSP0_IRQHandler
    startup_lpc11xx.o(RESET) refers to gpio.o(i.PIOINT3_IRQHandler) for PIOINT3_IRQHandler
    startup_lpc11xx.o(RESET) refers to gpio.o(i.PIOINT2_IRQHandler) for PIOINT2_IRQHandler
    startup_lpc11xx.o(RESET) refers to gpio.o(i.PIOINT1_IRQHandler) for PIOINT1_IRQHandler
    startup_lpc11xx.o(RESET) refers to gpio.o(i.PIOINT0_IRQHandler) for PIOINT0_IRQHandler
    startup_lpc11xx.o(.ARM.__at_0x02FC) refers (Special) to heapauxi.o(.text) for __use_two_region_memory
    startup_lpc11xx.o(.text) refers (Special) to heapauxi.o(.text) for __use_two_region_memory
    startup_lpc11xx.o(.text) refers to __main.o(!!!main) for __main
    startup_lpc11xx.o(.text) refers to startup_lpc11xx.o(HEAP) for Heap_Mem
    startup_lpc11xx.o(.text) refers to startup_lpc11xx.o(STACK) for Stack_Mem
    system_lpc11xx.o(i.Main_PLL_Setup) refers to system_lpc11xx.o(.data) for ClockSource
    system_lpc11xx.o(i.SystemInit) refers to system_lpc11xx.o(i.Main_PLL_Setup) for Main_PLL_Setup
    tools.o(i.delay_ms) refers to aeabi_sdiv.o(.text) for __aeabi_uidivmod
    temp_hum.o(i.Read_Temp_Hum) refers to gpio.o(i.GPIOIntDisable) for GPIOIntDisable
    temp_hum.o(i.Read_Temp_Hum) refers to gpio.o(i.GPIOSetDir) for GPIOSetDir
    temp_hum.o(i.Read_Temp_Hum) refers to gpio.o(i.GPIOSetValue) for GPIOSetValue
    temp_hum.o(i.Read_Temp_Hum) refers to tools.o(i.delay_ms) for delay_ms
    temp_hum.o(i.Read_Temp_Hum) refers to gpio.o(i.GPIOSetInterrupt) for GPIOSetInterrupt
    temp_hum.o(i.Read_Temp_Hum) refers to gpio.o(i.GPIOIntEnable) for GPIOIntEnable
    temp_hum.o(i.Read_Temp_Hum) refers to gpio.o(.data) for p3_2_counter
    temp_hum.o(i.Temp_Hum_Test) refers to _printf_percent.o(.ARM.Collect$$_printf_percent$$00000000) for _printf_percent
    temp_hum.o(i.Temp_Hum_Test) refers to _printf_d.o(.ARM.Collect$$_printf_percent$$00000009) for _printf_d
    temp_hum.o(i.Temp_Hum_Test) refers to _printf_dec.o(.text) for _printf_int_dec
    temp_hum.o(i.Temp_Hum_Test) refers to oled2864.o(i.OLED_ClearScreen) for OLED_ClearScreen
    temp_hum.o(i.Temp_Hum_Test) refers to temp_hum.o(i.Read_Temp_Hum) for Read_Temp_Hum
    temp_hum.o(i.Temp_Hum_Test) refers to noretval__2snprintf.o(.text) for __2snprintf
    temp_hum.o(i.Temp_Hum_Test) refers to oled2864.o(i.OLED_DisStrLine) for OLED_DisStrLine
    main.o(i.main) refers to system_lpc11xx.o(i.SystemInit) for SystemInit
    main.o(i.main) refers to gpio.o(i.GPIOInit) for GPIOInit
    main.o(i.main) refers to main.o(i.NVIC_SetPriority) for NVIC_SetPriority
    main.o(i.main) refers to ssp.o(i.SPI_IOConfig) for SPI_IOConfig
    main.o(i.main) refers to ssp.o(i.SPI_Init) for SPI_Init
    main.o(i.main) refers to oled2864.o(i.OLED_Init_I) for OLED_Init_I
    main.o(i.main) refers to oled2864.o(i.OLED_ClearScreen) for OLED_ClearScreen
    main.o(i.main) refers to gpio.o(i.GPIOSetDir) for GPIOSetDir
    main.o(i.main) refers to gpio.o(i.GPIOGetValue) for GPIOGetValue
    main.o(i.main) refers to temp_hum.o(i.Temp_Hum_Test) for Temp_Hum_Test
    gpio.o(i.GPIOGetValue) refers to gpio.o(.constdata) for LPC_GPIO
    gpio.o(i.GPIOInit) refers to gpio.o(i.NVIC_EnableIRQ) for NVIC_EnableIRQ
    gpio.o(i.GPIOSetDir) refers to gpio.o(.constdata) for LPC_GPIO
    gpio.o(i.GPIOSetValue) refers to gpio.o(.constdata) for LPC_GPIO
    gpio.o(i.PIOINT0_IRQHandler) refers to gpio.o(i.GPIOIntStatus) for GPIOIntStatus
    gpio.o(i.PIOINT0_IRQHandler) refers to gpio.o(i.GPIOIntClear) for GPIOIntClear
    gpio.o(i.PIOINT0_IRQHandler) refers to gpio.o(.data) for gpio0_counter
    gpio.o(i.PIOINT1_IRQHandler) refers to gpio.o(i.GPIOIntStatus) for GPIOIntStatus
    gpio.o(i.PIOINT1_IRQHandler) refers to gpio.o(i.GPIOIntClear) for GPIOIntClear
    gpio.o(i.PIOINT1_IRQHandler) refers to gpio.o(.data) for gpio1_counter
    gpio.o(i.PIOINT2_IRQHandler) refers to gpio.o(i.GPIOIntStatus) for GPIOIntStatus
    gpio.o(i.PIOINT2_IRQHandler) refers to gpio.o(i.GPIOIntClear) for GPIOIntClear
    gpio.o(i.PIOINT2_IRQHandler) refers to gpio.o(.data) for p2_8_counter
    gpio.o(i.PIOINT3_IRQHandler) refers to gpio.o(i.GPIOIntStatus) for GPIOIntStatus
    gpio.o(i.PIOINT3_IRQHandler) refers to gpio.o(i.GPIOIntClear) for GPIOIntClear
    ssp.o(i.SPI_IOConfig) refers to gpio.o(i.GPIOSetDir) for GPIOSetDir
    ssp.o(i.SPI_IOConfig) refers to gpio.o(i.GPIOSetValue) for GPIOSetValue
    ssp.o(i.SPI_Init) refers to ssp.o(i.NVIC_EnableIRQ) for NVIC_EnableIRQ
    ssp.o(i.SSP0_IRQHandler) refers to ssp.o(.data) for interruptOverRunStat0
    ssp.o(i.SSP1_IRQHandler) refers to ssp.o(.data) for interruptOverRunStat1
    ssp.o(i.SSP_IOConfig) refers to gpio.o(i.GPIOSetDir) for GPIOSetDir
    ssp.o(i.SSP_IOConfig) refers to gpio.o(i.GPIOSetValue) for GPIOSetValue
    ssp.o(i.SSP_Init) refers to ssp.o(i.NVIC_EnableIRQ) for NVIC_EnableIRQ
    oled2864.o(i.Checkerboard) refers to oled2864.o(i.Set_Start_Page) for Set_Start_Page
    oled2864.o(i.Checkerboard) refers to oled2864.o(i.Set_Start_Column) for Set_Start_Column
    oled2864.o(i.Checkerboard) refers to oled2864.o(i.Write_Data) for Write_Data
    oled2864.o(i.Continuous_Scroll) refers to oled2864.o(i.Write_Command) for Write_Command
    oled2864.o(i.Continuous_Scroll) refers to oled2864.o(i.Delay) for Delay
    oled2864.o(i.Deactivate_Scroll) refers to oled2864.o(i.Write_Command) for Write_Command
    oled2864.o(i.Delay) refers to oled2864.o(i.uDelay) for uDelay
    oled2864.o(i.Fade_In) refers to oled2864.o(i.Set_Display_On_Off) for Set_Display_On_Off
    oled2864.o(i.Fade_In) refers to oled2864.o(i.Set_Contrast_Control) for Set_Contrast_Control
    oled2864.o(i.Fade_In) refers to oled2864.o(i.uDelay) for uDelay
    oled2864.o(i.Fade_Out) refers to oled2864.o(i.Set_Contrast_Control) for Set_Contrast_Control
    oled2864.o(i.Fade_Out) refers to oled2864.o(i.uDelay) for uDelay
    oled2864.o(i.Fade_Out) refers to oled2864.o(i.Set_Display_On_Off) for Set_Display_On_Off
    oled2864.o(i.Fill_Block) refers to oled2864.o(i.Set_Start_Page) for Set_Start_Page
    oled2864.o(i.Fill_Block) refers to oled2864.o(i.Set_Start_Column) for Set_Start_Column
    oled2864.o(i.Fill_Block) refers to oled2864.o(i.Write_Data) for Write_Data
    oled2864.o(i.Fill_RAM) refers to oled2864.o(i.Set_Start_Page) for Set_Start_Page
    oled2864.o(i.Fill_RAM) refers to oled2864.o(i.Set_Start_Column) for Set_Start_Column
    oled2864.o(i.Fill_RAM) refers to oled2864.o(i.Write_Data) for Write_Data
    oled2864.o(i.Frame) refers to oled2864.o(i.Set_Start_Page) for Set_Start_Page
    oled2864.o(i.Frame) refers to oled2864.o(i.Set_Start_Column) for Set_Start_Column
    oled2864.o(i.Frame) refers to oled2864.o(i.Write_Data) for Write_Data
    oled2864.o(i.Horizontal_Scroll) refers to oled2864.o(i.Write_Command) for Write_Command
    oled2864.o(i.Horizontal_Scroll) refers to oled2864.o(i.Delay) for Delay
    oled2864.o(i.OLED_ClearScreen) refers to oled2864.o(i.Fill_RAM) for Fill_RAM
    oled2864.o(i.OLED_DisChar) refers to oled2864.o(i.Set_Start_Page) for Set_Start_Page
    oled2864.o(i.OLED_DisChar) refers to oled2864.o(i.Set_Start_Column) for Set_Start_Column
    oled2864.o(i.OLED_DisChar) refers to oled2864.o(i.Write_Data) for Write_Data
    oled2864.o(i.OLED_DisChar) refers to oled2864.o(.constdata) for Ascii_1
    oled2864.o(i.OLED_DisStrLine) refers to oled2864.o(i.OLED_DisChar) for OLED_DisChar
    oled2864.o(i.OLED_Init_E) refers to oled2864.o(i.Set_Display_On_Off) for Set_Display_On_Off
    oled2864.o(i.OLED_Init_E) refers to oled2864.o(i.Set_Display_Clock) for Set_Display_Clock
    oled2864.o(i.OLED_Init_E) refers to oled2864.o(i.Set_Multiplex_Ratio) for Set_Multiplex_Ratio
    oled2864.o(i.OLED_Init_E) refers to oled2864.o(i.Set_Display_Offset) for Set_Display_Offset
    oled2864.o(i.OLED_Init_E) refers to oled2864.o(i.Set_Start_Line) for Set_Start_Line
    oled2864.o(i.OLED_Init_E) refers to oled2864.o(i.Set_Charge_Pump) for Set_Charge_Pump
    oled2864.o(i.OLED_Init_E) refers to oled2864.o(i.Set_Addressing_Mode) for Set_Addressing_Mode
    oled2864.o(i.OLED_Init_E) refers to oled2864.o(i.Set_Segment_Remap) for Set_Segment_Remap
    oled2864.o(i.OLED_Init_E) refers to oled2864.o(i.Set_Common_Remap) for Set_Common_Remap
    oled2864.o(i.OLED_Init_E) refers to oled2864.o(i.Set_Common_Config) for Set_Common_Config
    oled2864.o(i.OLED_Init_E) refers to oled2864.o(i.Set_Contrast_Control) for Set_Contrast_Control
    oled2864.o(i.OLED_Init_E) refers to oled2864.o(i.Set_Precharge_Period) for Set_Precharge_Period
    oled2864.o(i.OLED_Init_E) refers to oled2864.o(i.Set_VCOMH) for Set_VCOMH
    oled2864.o(i.OLED_Init_E) refers to oled2864.o(i.Set_Entire_Display) for Set_Entire_Display
    oled2864.o(i.OLED_Init_E) refers to oled2864.o(i.Set_Inverse_Display) for Set_Inverse_Display
    oled2864.o(i.OLED_Init_E) refers to oled2864.o(i.Fill_RAM) for Fill_RAM
    oled2864.o(i.OLED_Init_I) refers to gpio.o(i.GPIOSetDir) for GPIOSetDir
    oled2864.o(i.OLED_Init_I) refers to oled2864.o(i.Set_Display_On_Off) for Set_Display_On_Off
    oled2864.o(i.OLED_Init_I) refers to oled2864.o(i.Set_Display_Clock) for Set_Display_Clock
    oled2864.o(i.OLED_Init_I) refers to oled2864.o(i.Set_Multiplex_Ratio) for Set_Multiplex_Ratio
    oled2864.o(i.OLED_Init_I) refers to oled2864.o(i.Set_Display_Offset) for Set_Display_Offset
    oled2864.o(i.OLED_Init_I) refers to oled2864.o(i.Set_Start_Line) for Set_Start_Line
    oled2864.o(i.OLED_Init_I) refers to oled2864.o(i.Set_Charge_Pump) for Set_Charge_Pump
    oled2864.o(i.OLED_Init_I) refers to oled2864.o(i.Set_Addressing_Mode) for Set_Addressing_Mode
    oled2864.o(i.OLED_Init_I) refers to oled2864.o(i.Set_Segment_Remap) for Set_Segment_Remap
    oled2864.o(i.OLED_Init_I) refers to oled2864.o(i.Set_Common_Remap) for Set_Common_Remap
    oled2864.o(i.OLED_Init_I) refers to oled2864.o(i.Set_Common_Config) for Set_Common_Config
    oled2864.o(i.OLED_Init_I) refers to oled2864.o(i.Set_Contrast_Control) for Set_Contrast_Control
    oled2864.o(i.OLED_Init_I) refers to oled2864.o(i.Set_Precharge_Period) for Set_Precharge_Period
    oled2864.o(i.OLED_Init_I) refers to oled2864.o(i.Set_VCOMH) for Set_VCOMH
    oled2864.o(i.OLED_Init_I) refers to oled2864.o(i.Set_Entire_Display) for Set_Entire_Display
    oled2864.o(i.OLED_Init_I) refers to oled2864.o(i.Set_Inverse_Display) for Set_Inverse_Display
    oled2864.o(i.OLED_Init_I) refers to oled2864.o(i.Fill_RAM) for Fill_RAM
    oled2864.o(i.OLED_Test) refers to oled2864.o(i.Fill_RAM) for Fill_RAM
    oled2864.o(i.OLED_Test) refers to oled2864.o(i.Show_Pattern) for Show_Pattern
    oled2864.o(i.OLED_Test) refers to oled2864.o(i.Delay) for Delay
    oled2864.o(i.OLED_Test) refers to oled2864.o(i.Fade_Out) for Fade_Out
    oled2864.o(i.OLED_Test) refers to oled2864.o(i.Fade_In) for Fade_In
    oled2864.o(i.OLED_Test) refers to oled2864.o(i.Vertical_Scroll) for Vertical_Scroll
    oled2864.o(i.OLED_Test) refers to oled2864.o(i.Deactivate_Scroll) for Deactivate_Scroll
    oled2864.o(i.OLED_Test) refers to oled2864.o(i.Continuous_Scroll) for Continuous_Scroll
    oled2864.o(i.OLED_Test) refers to oled2864.o(i.Checkerboard) for Checkerboard
    oled2864.o(i.OLED_Test) refers to oled2864.o(i.Frame) for Frame
    oled2864.o(i.OLED_Test) refers to oled2864.o(i.Show_String) for Show_String
    oled2864.o(i.OLED_Test) refers to oled2864.o(.constdata) for UniV
    oled2864.o(i.Set_Addressing_Mode) refers to oled2864.o(i.Write_Command) for Write_Command
    oled2864.o(i.Set_Charge_Pump) refers to oled2864.o(i.Write_Command) for Write_Command
    oled2864.o(i.Set_Column_Address) refers to oled2864.o(i.Write_Command) for Write_Command
    oled2864.o(i.Set_Common_Config) refers to oled2864.o(i.Write_Command) for Write_Command
    oled2864.o(i.Set_Common_Remap) refers to oled2864.o(i.Write_Command) for Write_Command
    oled2864.o(i.Set_Contrast_Control) refers to oled2864.o(i.Write_Command) for Write_Command
    oled2864.o(i.Set_Display_Clock) refers to oled2864.o(i.Write_Command) for Write_Command
    oled2864.o(i.Set_Display_Offset) refers to oled2864.o(i.Write_Command) for Write_Command
    oled2864.o(i.Set_Display_On_Off) refers to oled2864.o(i.Write_Command) for Write_Command
    oled2864.o(i.Set_Entire_Display) refers to oled2864.o(i.Write_Command) for Write_Command
    oled2864.o(i.Set_Inverse_Display) refers to oled2864.o(i.Write_Command) for Write_Command
    oled2864.o(i.Set_Multiplex_Ratio) refers to oled2864.o(i.Write_Command) for Write_Command
    oled2864.o(i.Set_NOP) refers to oled2864.o(i.Write_Command) for Write_Command
    oled2864.o(i.Set_Page_Address) refers to oled2864.o(i.Write_Command) for Write_Command
    oled2864.o(i.Set_Precharge_Period) refers to oled2864.o(i.Write_Command) for Write_Command
    oled2864.o(i.Set_Segment_Remap) refers to oled2864.o(i.Write_Command) for Write_Command
    oled2864.o(i.Set_Start_Column) refers to oled2864.o(i.Write_Command) for Write_Command
    oled2864.o(i.Set_Start_Line) refers to oled2864.o(i.Write_Command) for Write_Command
    oled2864.o(i.Set_Start_Page) refers to oled2864.o(i.Write_Command) for Write_Command
    oled2864.o(i.Set_VCOMH) refers to oled2864.o(i.Write_Command) for Write_Command
    oled2864.o(i.Show_Font57) refers to oled2864.o(i.Set_Start_Page) for Set_Start_Page
    oled2864.o(i.Show_Font57) refers to oled2864.o(i.Set_Start_Column) for Set_Start_Column
    oled2864.o(i.Show_Font57) refers to oled2864.o(i.Write_Data) for Write_Data
    oled2864.o(i.Show_Font57) refers to oled2864.o(.constdata) for Ascii_1
    oled2864.o(i.Show_Pattern) refers to oled2864.o(i.Set_Start_Page) for Set_Start_Page
    oled2864.o(i.Show_Pattern) refers to oled2864.o(i.Set_Start_Column) for Set_Start_Column
    oled2864.o(i.Show_Pattern) refers to oled2864.o(i.Write_Data) for Write_Data
    oled2864.o(i.Show_String) refers to oled2864.o(i.Show_Font57) for Show_Font57
    oled2864.o(i.Sleep) refers to oled2864.o(i.Set_Display_On_Off) for Set_Display_On_Off
    oled2864.o(i.Sleep) refers to oled2864.o(i.Set_Entire_Display) for Set_Entire_Display
    oled2864.o(i.Test) refers to oled2864.o(i.Set_Entire_Display) for Set_Entire_Display
    oled2864.o(i.Test) refers to oled2864.o(i.Set_Display_On_Off) for Set_Display_On_Off
    oled2864.o(i.Test) refers to oled2864.o(i.Delay) for Delay
    oled2864.o(i.Vertical_Scroll) refers to oled2864.o(i.Write_Command) for Write_Command
    oled2864.o(i.Vertical_Scroll) refers to oled2864.o(i.Set_Start_Line) for Set_Start_Line
    oled2864.o(i.Vertical_Scroll) refers to oled2864.o(i.uDelay) for uDelay
    oled2864.o(i.Write_Command) refers to gpio.o(i.GPIOSetValue) for GPIOSetValue
    oled2864.o(i.Write_Command) refers to ssp.o(i.SPI_PutGet) for SPI_PutGet
    oled2864.o(i.Write_Data) refers to gpio.o(i.GPIOSetValue) for GPIOSetValue
    oled2864.o(i.Write_Data) refers to ssp.o(i.SPI_PutGet) for SPI_PutGet
    __2snprintf.o(.text) refers to _printf_char_common.o(.text) for _printf_char_common
    __2snprintf.o(.text) refers to _sputc.o(.text) for _sputc
    __2snprintf.o(.text) refers to _snputc.o(.text) for _snputc
    noretval__2snprintf.o(.text) refers to _printf_char_common.o(.text) for _printf_char_common
    noretval__2snprintf.o(.text) refers to _sputc.o(.text) for _sputc
    noretval__2snprintf.o(.text) refers to _snputc.o(.text) for _snputc
    __printf.o(.text) refers to _printf_percent.o(.ARM.Collect$$_printf_percent$$00000000) for _printf_percent
    _printf_dec.o(.text) refers to rtudiv10.o(.text) for __rt_udiv10
    _printf_dec.o(.text) refers to _printf_intcommon.o(.text) for _printf_int_common
    __printf_flags.o(.text) refers to _printf_percent.o(.ARM.Collect$$_printf_percent$$00000000) for _printf_percent
    __printf_flags.o(.text) refers to __printf_flags.o(.constdata) for .constdata
    __printf_ss.o(.text) refers to _printf_percent.o(.ARM.Collect$$_printf_percent$$00000000) for _printf_percent
    __printf_flags_ss.o(.text) refers to _printf_percent.o(.ARM.Collect$$_printf_percent$$00000000) for _printf_percent
    __printf_flags_ss.o(.text) refers to __printf_flags_ss.o(.constdata) for .constdata
    __printf_wp.o(.text) refers to __printf_wp.o(i._is_digit) for _is_digit
    __printf_wp.o(.text) refers to _printf_percent.o(.ARM.Collect$$_printf_percent$$00000000) for _printf_percent
    __printf_flags_wp.o(.text) refers to __printf_wp.o(i._is_digit) for _is_digit
    __printf_flags_wp.o(.text) refers to _printf_percent.o(.ARM.Collect$$_printf_percent$$00000000) for _printf_percent
    __printf_flags_wp.o(.text) refers to __printf_flags_wp.o(.constdata) for .constdata
    __printf_ss_wp.o(.text) refers to __printf_wp.o(i._is_digit) for _is_digit
    __printf_ss_wp.o(.text) refers to _printf_percent.o(.ARM.Collect$$_printf_percent$$00000000) for _printf_percent
    __printf_flags_ss_wp.o(.text) refers to __printf_wp.o(i._is_digit) for _is_digit
    __printf_flags_ss_wp.o(.text) refers to _printf_percent.o(.ARM.Collect$$_printf_percent$$00000000) for _printf_percent
    __printf_flags_ss_wp.o(.text) refers to __printf_flags_ss_wp.o(.constdata) for .constdata
    _printf_d.o(.ARM.Collect$$_printf_percent$$00000009) refers (Weak) to _printf_dec.o(.text) for _printf_int_dec
    _printf_percent.o(.ARM.Collect$$_printf_percent$$00000000) refers (Special) to _printf_percent_end.o(.ARM.Collect$$_printf_percent$$00000017) for _printf_percent_end
    __main.o(!!!main) refers to __rtentry.o(.ARM.Collect$$rtentry$$00000000) for __rt_entry
    __rtentry.o(.ARM.Collect$$rtentry$$00000000) refers (Special) to __rtentry2.o(.ARM.Collect$$rtentry$$0000000A) for __rt_entry_li
    __rtentry.o(.ARM.Collect$$rtentry$$00000000) refers (Special) to __rtentry2.o(.ARM.Collect$$rtentry$$0000000D) for __rt_entry_main
    __rtentry.o(.ARM.Collect$$rtentry$$00000000) refers (Special) to __rtentry2.o(.ARM.Collect$$rtentry$$0000000C) for __rt_entry_postli_1
    __rtentry.o(.ARM.Collect$$rtentry$$00000000) refers (Special) to __rtentry2.o(.ARM.Collect$$rtentry$$00000009) for __rt_entry_postsh_1
    __rtentry.o(.ARM.Collect$$rtentry$$00000000) refers (Special) to __rtentry2.o(.ARM.Collect$$rtentry$$00000002) for __rt_entry_presh_1
    __rtentry.o(.ARM.Collect$$rtentry$$00000000) refers (Special) to __rtentry4.o(.ARM.Collect$$rtentry$$00000004) for __rt_entry_sh
    aeabi_idiv0_sigfpe.o(.text) refers to rt_div0.o(.text) for __rt_div0
    _printf_char_common.o(.text) refers to __printf.o(.text) for __printf
    __rtentry2.o(.ARM.Collect$$rtentry$$00000008) refers to boardinit2.o(.text) for _platform_post_stackheap_init
    __rtentry2.o(.ARM.Collect$$rtentry$$0000000A) refers to libinit.o(.ARM.Collect$$libinit$$00000000) for __rt_lib_init
    __rtentry2.o(.ARM.Collect$$rtentry$$0000000B) refers to boardinit3.o(.text) for _platform_post_lib_init
    __rtentry2.o(.ARM.Collect$$rtentry$$0000000D) refers to main.o(i.main) for main
    __rtentry2.o(.ARM.Collect$$rtentry$$0000000D) refers to exit.o(.text) for exit
    __rtentry2.o(.ARM.exidx) refers to __rtentry2.o(.ARM.Collect$$rtentry$$00000001) for .ARM.Collect$$rtentry$$00000001
    __rtentry2.o(.ARM.exidx) refers to __rtentry2.o(.ARM.Collect$$rtentry$$00000008) for .ARM.Collect$$rtentry$$00000008
    __rtentry2.o(.ARM.exidx) refers to __rtentry2.o(.ARM.Collect$$rtentry$$0000000A) for .ARM.Collect$$rtentry$$0000000A
    __rtentry2.o(.ARM.exidx) refers to __rtentry2.o(.ARM.Collect$$rtentry$$0000000B) for .ARM.Collect$$rtentry$$0000000B
    __rtentry2.o(.ARM.exidx) refers to __rtentry2.o(.ARM.Collect$$rtentry$$0000000D) for .ARM.Collect$$rtentry$$0000000D
    __rtentry4.o(.ARM.Collect$$rtentry$$00000004) refers to sys_stackheap_outer.o(.text) for __user_setup_stackheap
    __rtentry4.o(.ARM.exidx) refers to __rtentry4.o(.ARM.Collect$$rtentry$$00000004) for .ARM.Collect$$rtentry$$00000004
    rt_div0.o(.text) refers to defsig_fpe_outer.o(.text) for __rt_SIGFPE
    sys_stackheap_outer.o(.text) refers to libspace.o(.text) for __user_perproc_libspace
    sys_stackheap_outer.o(.text) refers to startup_lpc11xx.o(.text) for __user_initial_stackheap
    sys_stackheap_outer.o(__vectab_stack_and_reset_area) refers to tempstk.o(.text) for __temporary_stack_top
    sys_stackheap_outer.o(__vectab_stack_and_reset_area) refers to __main.o(!!!main) for __main
    exit.o(.text) refers to rtexit.o(.ARM.Collect$$rtexit$$00000000) for __rt_exit
    defsig_fpe_outer.o(.text) refers to defsig_fpe_inner.o(.text) for __rt_SIGFPE_inner
    defsig_fpe_outer.o(.text) refers to defsig_exit.o(.text) for __sig_exit
    defsig_fpe_formal.o(.text) refers to rt_raise.o(.text) for __rt_raise
    libinit.o(.ARM.Collect$$libinit$$00000000) refers (Special) to libinit2.o(.ARM.Collect$$libinit$$0000002E) for __rt_lib_init_alloca_1
    libinit.o(.ARM.Collect$$libinit$$00000000) refers (Special) to libinit2.o(.ARM.Collect$$libinit$$0000002C) for __rt_lib_init_argv_1
    libinit.o(.ARM.Collect$$libinit$$00000000) refers (Special) to libinit2.o(.ARM.Collect$$libinit$$0000001B) for __rt_lib_init_atexit_1
    libinit.o(.ARM.Collect$$libinit$$00000000) refers (Special) to libinit2.o(.ARM.Collect$$libinit$$00000021) for __rt_lib_init_clock_1
    libinit.o(.ARM.Collect$$libinit$$00000000) refers (Special) to libinit2.o(.ARM.Collect$$libinit$$00000032) for __rt_lib_init_cpp_1
    libinit.o(.ARM.Collect$$libinit$$00000000) refers (Special) to libinit2.o(.ARM.Collect$$libinit$$00000030) for __rt_lib_init_exceptions_1
    libinit.o(.ARM.Collect$$libinit$$00000000) refers (Special) to libinit2.o(.ARM.Collect$$libinit$$00000002) for __rt_lib_init_fp_1
    libinit.o(.ARM.Collect$$libinit$$00000000) refers (Special) to libinit2.o(.ARM.Collect$$libinit$$0000001F) for __rt_lib_init_fp_trap_1
    libinit.o(.ARM.Collect$$libinit$$00000000) refers (Special) to libinit2.o(.ARM.Collect$$libinit$$00000023) for __rt_lib_init_getenv_1
    libinit.o(.ARM.Collect$$libinit$$00000000) refers (Special) to libinit2.o(.ARM.Collect$$libinit$$0000000A) for __rt_lib_init_heap_1
    libinit.o(.ARM.Collect$$libinit$$00000000) refers (Special) to libinit2.o(.ARM.Collect$$libinit$$00000011) for __rt_lib_init_lc_collate_1
    libinit.o(.ARM.Collect$$libinit$$00000000) refers (Special) to libinit2.o(.ARM.Collect$$libinit$$00000013) for __rt_lib_init_lc_ctype_1
    libinit.o(.ARM.Collect$$libinit$$00000000) refers (Special) to libinit2.o(.ARM.Collect$$libinit$$00000015) for __rt_lib_init_lc_monetary_1
    libinit.o(.ARM.Collect$$libinit$$00000000) refers (Special) to libinit2.o(.ARM.Collect$$libinit$$00000017) for __rt_lib_init_lc_numeric_1
    libinit.o(.ARM.Collect$$libinit$$00000000) refers (Special) to libinit2.o(.ARM.Collect$$libinit$$00000019) for __rt_lib_init_lc_time_1
    libinit.o(.ARM.Collect$$libinit$$00000000) refers (Special) to libinit2.o(.ARM.Collect$$libinit$$00000004) for __rt_lib_init_preinit_1
    libinit.o(.ARM.Collect$$libinit$$00000000) refers (Special) to libinit2.o(.ARM.Collect$$libinit$$0000000E) for __rt_lib_init_rand_1
    libinit.o(.ARM.Collect$$libinit$$00000000) refers (Special) to libinit2.o(.ARM.Collect$$libinit$$00000033) for __rt_lib_init_return
    libinit.o(.ARM.Collect$$libinit$$00000000) refers (Special) to libinit2.o(.ARM.Collect$$libinit$$0000001D) for __rt_lib_init_signal_1
    libinit.o(.ARM.Collect$$libinit$$00000000) refers (Special) to libinit2.o(.ARM.Collect$$libinit$$00000025) for __rt_lib_init_stdio_1
    libinit.o(.ARM.Collect$$libinit$$00000000) refers (Special) to libinit2.o(.ARM.Collect$$libinit$$0000000C) for __rt_lib_init_user_alloc_1
    libspace.o(.text) refers to libspace.o(.bss) for __libspace_start
    rtexit.o(.ARM.Collect$$rtexit$$00000000) refers (Special) to rtexit2.o(.ARM.Collect$$rtexit$$00000004) for __rt_exit_exit
    rtexit.o(.ARM.Collect$$rtexit$$00000000) refers (Special) to rtexit2.o(.ARM.Collect$$rtexit$$00000003) for __rt_exit_ls
    rtexit.o(.ARM.Collect$$rtexit$$00000000) refers (Special) to rtexit2.o(.ARM.Collect$$rtexit$$00000002) for __rt_exit_prels_1
    rtexit.o(.ARM.exidx) refers (Special) to rtexit2.o(.ARM.Collect$$rtexit$$00000004) for __rt_exit_exit
    rtexit.o(.ARM.exidx) refers (Special) to rtexit2.o(.ARM.Collect$$rtexit$$00000003) for __rt_exit_ls
    rtexit.o(.ARM.exidx) refers (Special) to rtexit2.o(.ARM.Collect$$rtexit$$00000002) for __rt_exit_prels_1
    rtexit.o(.ARM.exidx) refers to rtexit.o(.ARM.Collect$$rtexit$$00000000) for .ARM.Collect$$rtexit$$00000000
    rt_raise.o(.text) refers to __raise.o(.text) for __raise
    rt_raise.o(.text) refers to sys_exit.o(.text) for _sys_exit
    defsig_exit.o(.text) refers to sys_exit.o(.text) for _sys_exit
    defsig_fpe_inner.o(.text) refers to defsig_general.o(.text) for __default_signal_display
    libinit2.o(.ARM.Collect$$libinit$$00000010) refers to libinit2.o(.ARM.Collect$$libinit$$0000000F) for .ARM.Collect$$libinit$$0000000F
    libinit2.o(.ARM.Collect$$libinit$$00000012) refers to libinit2.o(.ARM.Collect$$libinit$$0000000F) for .ARM.Collect$$libinit$$0000000F
    libinit2.o(.ARM.Collect$$libinit$$00000014) refers to libinit2.o(.ARM.Collect$$libinit$$0000000F) for .ARM.Collect$$libinit$$0000000F
    libinit2.o(.ARM.Collect$$libinit$$00000016) refers to libinit2.o(.ARM.Collect$$libinit$$0000000F) for .ARM.Collect$$libinit$$0000000F
    libinit2.o(.ARM.Collect$$libinit$$00000018) refers to libinit2.o(.ARM.Collect$$libinit$$0000000F) for .ARM.Collect$$libinit$$0000000F
    libinit2.o(.ARM.Collect$$libinit$$00000026) refers to argv_veneer.o(.text) for __ARM_argv_veneer
    libinit2.o(.ARM.Collect$$libinit$$00000027) refers to argv_veneer.o(.text) for __ARM_argv_veneer
    sys_exit.o(.text) refers (Special) to use_no_semi.o(.text) for __I$use$semihosting
    sys_exit.o(.text) refers (Special) to indicate_semi.o(.text) for __semihosting_library_function
    rtexit2.o(.ARM.Collect$$rtexit$$00000003) refers to libshutdown.o(.ARM.Collect$$libshutdown$$00000000) for __rt_lib_shutdown
    rtexit2.o(.ARM.Collect$$rtexit$$00000004) refers to sys_exit.o(.text) for _sys_exit
    rtexit2.o(.ARM.exidx) refers to rtexit2.o(.ARM.Collect$$rtexit$$00000001) for .ARM.Collect$$rtexit$$00000001
    rtexit2.o(.ARM.exidx) refers to rtexit2.o(.ARM.Collect$$rtexit$$00000003) for .ARM.Collect$$rtexit$$00000003
    rtexit2.o(.ARM.exidx) refers to rtexit2.o(.ARM.Collect$$rtexit$$00000004) for .ARM.Collect$$rtexit$$00000004
    __raise.o(.text) refers to defsig.o(CL$$defsig) for __default_signal_handler
    defsig_general.o(.text) refers to sys_wrch.o(.text) for _ttywrch
    sys_wrch.o(.text) refers (Special) to use_no_semi.o(.text) for __I$use$semihosting
    sys_wrch.o(.text) refers (Special) to indicate_semi.o(.text) for __semihosting_library_function
    defsig.o(CL$$defsig) refers to defsig_fpe_inner.o(.text) for __rt_SIGFPE_inner
    defsig.o(CL$$defsig) refers to defsig_rtmem_inner.o(.text) for __rt_SIGRTMEM_inner
    _get_argv_nomalloc.o(.text) refers (Special) to hrguard.o(.text) for __heap_region$guard
    _get_argv_nomalloc.o(.text) refers to defsig_rtmem_outer.o(.text) for __rt_SIGRTMEM
    _get_argv_nomalloc.o(.text) refers to sys_command.o(.text) for _sys_command_string
    libshutdown.o(.ARM.Collect$$libshutdown$$00000000) refers (Special) to libshutdown2.o(.ARM.Collect$$libshutdown$$00000002) for __rt_lib_shutdown_cpp_1
    libshutdown.o(.ARM.Collect$$libshutdown$$00000000) refers (Special) to libshutdown2.o(.ARM.Collect$$libshutdown$$00000007) for __rt_lib_shutdown_fp_trap_1
    libshutdown.o(.ARM.Collect$$libshutdown$$00000000) refers (Special) to libshutdown2.o(.ARM.Collect$$libshutdown$$0000000F) for __rt_lib_shutdown_heap_1
    libshutdown.o(.ARM.Collect$$libshutdown$$00000000) refers (Special) to libshutdown2.o(.ARM.Collect$$libshutdown$$00000010) for __rt_lib_shutdown_return
    libshutdown.o(.ARM.Collect$$libshutdown$$00000000) refers (Special) to libshutdown2.o(.ARM.Collect$$libshutdown$$0000000A) for __rt_lib_shutdown_signal_1
    libshutdown.o(.ARM.Collect$$libshutdown$$00000000) refers (Special) to libshutdown2.o(.ARM.Collect$$libshutdown$$00000004) for __rt_lib_shutdown_stdio_1
    libshutdown.o(.ARM.Collect$$libshutdown$$00000000) refers (Special) to libshutdown2.o(.ARM.Collect$$libshutdown$$0000000C) for __rt_lib_shutdown_user_alloc_1
    sys_command.o(.text) refers (Special) to use_no_semi.o(.text) for __I$use$semihosting
    sys_command.o(.text) refers (Special) to indicate_semi.o(.text) for __semihosting_library_function
    defsig_abrt_inner.o(.text) refers to defsig_general.o(.text) for __default_signal_display
    defsig_rtred_inner.o(.text) refers to defsig_general.o(.text) for __default_signal_display
    defsig_rtmem_inner.o(.text) refers to defsig_general.o(.text) for __default_signal_display
    defsig_rtmem_outer.o(.text) refers to defsig_rtmem_inner.o(.text) for __rt_SIGRTMEM_inner
    defsig_rtmem_outer.o(.text) refers to defsig_exit.o(.text) for __sig_exit
    defsig_rtmem_formal.o(.text) refers to rt_raise.o(.text) for __rt_raise
    defsig_stak_inner.o(.text) refers to defsig_general.o(.text) for __default_signal_display
    defsig_pvfn_inner.o(.text) refers to defsig_general.o(.text) for __default_signal_display
    defsig_cppl_inner.o(.text) refers to defsig_general.o(.text) for __default_signal_display
    defsig_segv_inner.o(.text) refers to defsig_general.o(.text) for __default_signal_display
    defsig_other.o(.text) refers to defsig_general.o(.text) for __default_signal_display


==============================================================================

Removing Unused input sections from the image.

    Removing can.o(i.CAN_ConfigureMessages), (200 bytes).
    Removing can.o(i.CAN_Init), (172 bytes).
    Removing can.o(i.CAN_Send), (188 bytes).
    Removing can.o(.constdata), (16 bytes).
    Removing tools.o(.constdata), (16 bytes).
    Removing temp_hum.o(.constdata), (16 bytes).
    Removing main.o(.constdata), (16 bytes).
    Removing ssp.o(i.SSP_IOConfig), (332 bytes).
    Removing ssp.o(i.SSP_Init), (116 bytes).
    Removing ssp.o(i.SSP_Receive), (84 bytes).
    Removing ssp.o(i.SSP_Send), (116 bytes).
    Removing ssp.o(.bss), (32 bytes).
    Removing ssp.o(.constdata), (16 bytes).
    Removing oled2864.o(i.Checkerboard), (52 bytes).
    Removing oled2864.o(i.Continuous_Scroll), (82 bytes).
    Removing oled2864.o(i.Deactivate_Scroll), (10 bytes).
    Removing oled2864.o(i.Delay), (48 bytes).
    Removing oled2864.o(i.Fade_In), (44 bytes).
    Removing oled2864.o(i.Fade_Out), (46 bytes).
    Removing oled2864.o(i.Fill_Block), (68 bytes).
    Removing oled2864.o(i.Frame), (108 bytes).
    Removing oled2864.o(i.Horizontal_Scroll), (58 bytes).
    Removing oled2864.o(i.OLED_Init_E), (106 bytes).
    Removing oled2864.o(i.OLED_Test), (388 bytes).
    Removing oled2864.o(i.Set_Column_Address), (26 bytes).
    Removing oled2864.o(i.Set_NOP), (10 bytes).
    Removing oled2864.o(i.Set_Page_Address), (26 bytes).
    Removing oled2864.o(i.Show_Font57), (92 bytes).
    Removing oled2864.o(i.Show_Pattern), (78 bytes).
    Removing oled2864.o(i.Show_String), (60 bytes).
    Removing oled2864.o(i.Sleep), (46 bytes).
    Removing oled2864.o(i.Test), (34 bytes).
    Removing oled2864.o(i.Vertical_Scroll), (124 bytes).
    Removing oled2864.o(i.uDelay), (14 bytes).

34 unused section(s) (total 2840 bytes) removed from the image.

==============================================================================

Image Symbol Table

    Local Symbols

    Symbol Name                              Value     Ov Type        Size  Object(Section)

    RESET                                    0x00000000   Section      192  startup_lpc11xx.o(RESET)
    ../clib/angel/boardlib.s                 0x00000000   Number         0  boardshut.o ABSOLUTE
    ../clib/angel/boardlib.s                 0x00000000   Number         0  boardinit2.o ABSOLUTE
    ../clib/angel/boardlib.s                 0x00000000   Number         0  boardinit3.o ABSOLUTE
    ../clib/angel/boardlib.s                 0x00000000   Number         0  boardinit1.o ABSOLUTE
    ../clib/angel/handlers.s                 0x00000000   Number         0  __scatter_copy.o ABSOLUTE
    ../clib/angel/handlers.s                 0x00000000   Number         0  __scatter_zi.o ABSOLUTE
    ../clib/angel/kernel.s                   0x00000000   Number         0  __rtentry.o ABSOLUTE
    ../clib/angel/kernel.s                   0x00000000   Number         0  __rtentry4.o ABSOLUTE
    ../clib/angel/kernel.s                   0x00000000   Number         0  __rtentry2.o ABSOLUTE
    ../clib/angel/kernel.s                   0x00000000   Number         0  rtexit.o ABSOLUTE
    ../clib/angel/kernel.s                   0x00000000   Number         0  rtexit2.o ABSOLUTE
    ../clib/angel/rt.s                       0x00000000   Number         0  aeabi_idiv0_sigfpe.o ABSOLUTE
    ../clib/angel/rt.s                       0x00000000   Number         0  rt_div0.o ABSOLUTE
    ../clib/angel/rt.s                       0x00000000   Number         0  aeabi_idiv0.o ABSOLUTE
    ../clib/angel/rt.s                       0x00000000   Number         0  rt_raise.o ABSOLUTE
    ../clib/angel/scatterp.s                 0x00000000   Number         0  __scatter.o ABSOLUTE
    ../clib/angel/startup.s                  0x00000000   Number         0  __main.o ABSOLUTE
    ../clib/angel/sys.s                      0x00000000   Number         0  sys_stackheap_outer.o ABSOLUTE
    ../clib/angel/sys.s                      0x00000000   Number         0  libspace.o ABSOLUTE
    ../clib/angel/sys.s                      0x00000000   Number         0  tempstk.o ABSOLUTE
    ../clib/angel/sys.s                      0x00000000   Number         0  use_no_semi.o ABSOLUTE
    ../clib/angel/sys.s                      0x00000000   Number         0  indicate_semi.o ABSOLUTE
    ../clib/angel/sysapp.c                   0x00000000   Number         0  sys_command.o ABSOLUTE
    ../clib/angel/sysapp.c                   0x00000000   Number         0  sys_wrch.o ABSOLUTE
    ../clib/angel/sysapp.c                   0x00000000   Number         0  sys_exit.o ABSOLUTE
    ../clib/armsys.c                         0x00000000   Number         0  _get_argv_nomalloc.o ABSOLUTE
    ../clib/armsys.c                         0x00000000   Number         0  no_argv.o ABSOLUTE
    ../clib/armsys.c                         0x00000000   Number         0  argv_veneer.o ABSOLUTE
    ../clib/division.c                       0x00000000   Number         0  rtudiv10.o ABSOLUTE
    ../clib/division.s                       0x00000000   Number         0  aeabi_sdiv.o ABSOLUTE
    ../clib/division.s                       0x00000000   Number         0  aeabi_sdiv_div0.o ABSOLUTE
    ../clib/heapalloc.c                      0x00000000   Number         0  hrguard.o ABSOLUTE
    ../clib/heapaux.c                        0x00000000   Number         0  heapauxi.o ABSOLUTE
    ../clib/libinit.s                        0x00000000   Number         0  libshutdown.o ABSOLUTE
    ../clib/libinit.s                        0x00000000   Number         0  libshutdown2.o ABSOLUTE
    ../clib/libinit.s                        0x00000000   Number         0  libinit.o ABSOLUTE
    ../clib/libinit.s                        0x00000000   Number         0  libinit2.o ABSOLUTE
    ../clib/printf.c                         0x00000000   Number         0  __printf.o ABSOLUTE
    ../clib/printf.c                         0x00000000   Number         0  __printf_ss.o ABSOLUTE
    ../clib/printf.c                         0x00000000   Number         0  __printf_flags_ss.o ABSOLUTE
    ../clib/printf.c                         0x00000000   Number         0  __printf_nopercent.o ABSOLUTE
    ../clib/printf.c                         0x00000000   Number         0  noretval__2snprintf.o ABSOLUTE
    ../clib/printf.c                         0x00000000   Number         0  _printf_dec.o ABSOLUTE
    ../clib/printf.c                         0x00000000   Number         0  __printf_flags.o ABSOLUTE
    ../clib/printf.c                         0x00000000   Number         0  _printf_intcommon.o ABSOLUTE
    ../clib/printf.c                         0x00000000   Number         0  __printf_wp.o ABSOLUTE
    ../clib/printf.c                         0x00000000   Number         0  __printf_flags_wp.o ABSOLUTE
    ../clib/printf.c                         0x00000000   Number         0  __printf_ss_wp.o ABSOLUTE
    ../clib/printf.c                         0x00000000   Number         0  __printf_flags_ss_wp.o ABSOLUTE
    ../clib/printf.c                         0x00000000   Number         0  __2snprintf.o ABSOLUTE
    ../clib/printf.c                         0x00000000   Number         0  _snputc.o ABSOLUTE
    ../clib/printf.c                         0x00000000   Number         0  _sputc.o ABSOLUTE
    ../clib/printf.c                         0x00000000   Number         0  _printf_char_common.o ABSOLUTE
    ../clib/printf_percent.s                 0x00000000   Number         0  _printf_d.o ABSOLUTE
    ../clib/printf_percent.s                 0x00000000   Number         0  _printf_percent_end.o ABSOLUTE
    ../clib/printf_percent.s                 0x00000000   Number         0  _printf_percent.o ABSOLUTE
    ../clib/signal.c                         0x00000000   Number         0  defsig_fpe_formal.o ABSOLUTE
    ../clib/signal.c                         0x00000000   Number         0  defsig_rtmem_inner.o ABSOLUTE
    ../clib/signal.c                         0x00000000   Number         0  defsig_rtmem_outer.o ABSOLUTE
    ../clib/signal.c                         0x00000000   Number         0  defsig_rtred_inner.o ABSOLUTE
    ../clib/signal.c                         0x00000000   Number         0  defsig_abrt_inner.o ABSOLUTE
    ../clib/signal.c                         0x00000000   Number         0  defsig_general.o ABSOLUTE
    ../clib/signal.c                         0x00000000   Number         0  __raise.o ABSOLUTE
    ../clib/signal.c                         0x00000000   Number         0  defsig_rtmem_formal.o ABSOLUTE
    ../clib/signal.c                         0x00000000   Number         0  defsig_stak_inner.o ABSOLUTE
    ../clib/signal.c                         0x00000000   Number         0  defsig_pvfn_inner.o ABSOLUTE
    ../clib/signal.c                         0x00000000   Number         0  defsig_exit.o ABSOLUTE
    ../clib/signal.c                         0x00000000   Number         0  defsig_cppl_inner.o ABSOLUTE
    ../clib/signal.c                         0x00000000   Number         0  defsig_fpe_inner.o ABSOLUTE
    ../clib/signal.c                         0x00000000   Number         0  defsig_segv_inner.o ABSOLUTE
    ../clib/signal.c                         0x00000000   Number         0  defsig_other.o ABSOLUTE
    ../clib/signal.c                         0x00000000   Number         0  defsig_fpe_outer.o ABSOLUTE
    ../clib/signal.s                         0x00000000   Number         0  defsig.o ABSOLUTE
    ../clib/stdlib.c                         0x00000000   Number         0  exit.o ABSOLUTE
    ../fplib/cfplib/fpinit.c                 0x00000000   Number         0  fpinit.o ABSOLUTE
    Lib_BSP\src\oled2864.c                   0x00000000   Number         0  oled2864.o ABSOLUTE
    Lib_BSP\src\temp_hum.c                   0x00000000   Number         0  temp_hum.o ABSOLUTE
    Lib_BSP\src\tools.c                      0x00000000   Number         0  tools.o ABSOLUTE
    Lib_MCU\src\can.c                        0x00000000   Number         0  can.o ABSOLUTE
    Lib_MCU\src\gpio.c                       0x00000000   Number         0  gpio.o ABSOLUTE
    Lib_MCU\src\ssp.c                        0x00000000   Number         0  ssp.o ABSOLUTE
    Lib_MCU\src\startup_LPC11xx.s            0x00000000   Number         0  startup_lpc11xx.o ABSOLUTE
    Lib_MCU\src\system_LPC11xx.c             0x00000000   Number         0  system_lpc11xx.o ABSOLUTE
    dc.s                                     0x00000000   Number         0  dc.o ABSOLUTE
    main.c                                   0x00000000   Number         0  main.o ABSOLUTE
    !!!main                                  0x000000c0   Section        8  __main.o(!!!main)
    !!!scatter                               0x000000c8   Section       60  __scatter.o(!!!scatter)
    !!handler_copy                           0x00000104   Section       26  __scatter_copy.o(!!handler_copy)
    !!handler_zi                             0x00000120   Section       28  __scatter_zi.o(!!handler_zi)
    .ARM.Collect$$_printf_percent$$00000000  0x0000013c   Section        2  _printf_percent.o(.ARM.Collect$$_printf_percent$$00000000)
    .ARM.Collect$$_printf_percent$$00000009  0x0000013e   Section       10  _printf_d.o(.ARM.Collect$$_printf_percent$$00000009)
    .ARM.Collect$$_printf_percent$$00000017  0x00000148   Section        4  _printf_percent_end.o(.ARM.Collect$$_printf_percent$$00000017)
    .ARM.Collect$$libinit$$00000000          0x0000014c   Section        2  libinit.o(.ARM.Collect$$libinit$$00000000)
    .ARM.Collect$$libinit$$00000002          0x0000014e   Section        0  libinit2.o(.ARM.Collect$$libinit$$00000002)
    .ARM.Collect$$libinit$$00000004          0x0000014e   Section        0  libinit2.o(.ARM.Collect$$libinit$$00000004)
    .ARM.Collect$$libinit$$0000000A          0x0000014e   Section        0  libinit2.o(.ARM.Collect$$libinit$$0000000A)
    .ARM.Collect$$libinit$$0000000C          0x0000014e   Section        0  libinit2.o(.ARM.Collect$$libinit$$0000000C)
    .ARM.Collect$$libinit$$0000000E          0x0000014e   Section        0  libinit2.o(.ARM.Collect$$libinit$$0000000E)
    .ARM.Collect$$libinit$$00000011          0x0000014e   Section        0  libinit2.o(.ARM.Collect$$libinit$$00000011)
    .ARM.Collect$$libinit$$00000013          0x0000014e   Section        0  libinit2.o(.ARM.Collect$$libinit$$00000013)
    .ARM.Collect$$libinit$$00000015          0x0000014e   Section        0  libinit2.o(.ARM.Collect$$libinit$$00000015)
    .ARM.Collect$$libinit$$00000017          0x0000014e   Section        0  libinit2.o(.ARM.Collect$$libinit$$00000017)
    .ARM.Collect$$libinit$$00000019          0x0000014e   Section        0  libinit2.o(.ARM.Collect$$libinit$$00000019)
    .ARM.Collect$$libinit$$0000001B          0x0000014e   Section        0  libinit2.o(.ARM.Collect$$libinit$$0000001B)
    .ARM.Collect$$libinit$$0000001D          0x0000014e   Section        0  libinit2.o(.ARM.Collect$$libinit$$0000001D)
    .ARM.Collect$$libinit$$0000001F          0x0000014e   Section        0  libinit2.o(.ARM.Collect$$libinit$$0000001F)
    .ARM.Collect$$libinit$$00000021          0x0000014e   Section        0  libinit2.o(.ARM.Collect$$libinit$$00000021)
    .ARM.Collect$$libinit$$00000023          0x0000014e   Section        0  libinit2.o(.ARM.Collect$$libinit$$00000023)
    .ARM.Collect$$libinit$$00000025          0x0000014e   Section        0  libinit2.o(.ARM.Collect$$libinit$$00000025)
    .ARM.Collect$$libinit$$0000002C          0x0000014e   Section        0  libinit2.o(.ARM.Collect$$libinit$$0000002C)
    .ARM.Collect$$libinit$$0000002E          0x0000014e   Section        0  libinit2.o(.ARM.Collect$$libinit$$0000002E)
    .ARM.Collect$$libinit$$00000030          0x0000014e   Section        0  libinit2.o(.ARM.Collect$$libinit$$00000030)
    .ARM.Collect$$libinit$$00000032          0x0000014e   Section        0  libinit2.o(.ARM.Collect$$libinit$$00000032)
    .ARM.Collect$$libinit$$00000033          0x0000014e   Section        2  libinit2.o(.ARM.Collect$$libinit$$00000033)
    .ARM.Collect$$libshutdown$$00000000      0x00000150   Section        2  libshutdown.o(.ARM.Collect$$libshutdown$$00000000)
    .ARM.Collect$$libshutdown$$00000002      0x00000152   Section        0  libshutdown2.o(.ARM.Collect$$libshutdown$$00000002)
    .ARM.Collect$$libshutdown$$00000004      0x00000152   Section        0  libshutdown2.o(.ARM.Collect$$libshutdown$$00000004)
    .ARM.Collect$$libshutdown$$00000007      0x00000152   Section        0  libshutdown2.o(.ARM.Collect$$libshutdown$$00000007)
    .ARM.Collect$$libshutdown$$0000000A      0x00000152   Section        0  libshutdown2.o(.ARM.Collect$$libshutdown$$0000000A)
    .ARM.Collect$$libshutdown$$0000000C      0x00000152   Section        0  libshutdown2.o(.ARM.Collect$$libshutdown$$0000000C)
    .ARM.Collect$$libshutdown$$0000000F      0x00000152   Section        0  libshutdown2.o(.ARM.Collect$$libshutdown$$0000000F)
    .ARM.Collect$$libshutdown$$00000010      0x00000152   Section        2  libshutdown2.o(.ARM.Collect$$libshutdown$$00000010)
    .ARM.Collect$$rtentry$$00000000          0x00000154   Section        0  __rtentry.o(.ARM.Collect$$rtentry$$00000000)
    .ARM.Collect$$rtentry$$00000002          0x00000154   Section        0  __rtentry2.o(.ARM.Collect$$rtentry$$00000002)
    .ARM.Collect$$rtentry$$00000004          0x00000154   Section        6  __rtentry4.o(.ARM.Collect$$rtentry$$00000004)
    .ARM.Collect$$rtentry$$00000009          0x0000015a   Section        0  __rtentry2.o(.ARM.Collect$$rtentry$$00000009)
    .ARM.Collect$$rtentry$$0000000A          0x0000015a   Section        4  __rtentry2.o(.ARM.Collect$$rtentry$$0000000A)
    .ARM.Collect$$rtentry$$0000000C          0x0000015e   Section        0  __rtentry2.o(.ARM.Collect$$rtentry$$0000000C)
    .ARM.Collect$$rtentry$$0000000D          0x0000015e   Section        8  __rtentry2.o(.ARM.Collect$$rtentry$$0000000D)
    .ARM.Collect$$rtexit$$00000000           0x00000166   Section        2  rtexit.o(.ARM.Collect$$rtexit$$00000000)
    .ARM.Collect$$rtexit$$00000002           0x00000168   Section        0  rtexit2.o(.ARM.Collect$$rtexit$$00000002)
    .ARM.Collect$$rtexit$$00000003           0x00000168   Section        4  rtexit2.o(.ARM.Collect$$rtexit$$00000003)
    .ARM.Collect$$rtexit$$00000004           0x0000016c   Section        6  rtexit2.o(.ARM.Collect$$rtexit$$00000004)
    .text                                    0x00000174   Section       52  startup_lpc11xx.o(.text)
    .text                                    0x000001a8   Section        0  noretval__2snprintf.o(.text)
    .text                                    0x000001e0   Section        0  __printf.o(.text)
    .text                                    0x0000024c   Section        0  _printf_dec.o(.text)
    .text                                    0x000002b8   Section        0  heapauxi.o(.text)
    .text                                    0x000002c0   Section        0  _printf_char_common.o(.text)
    _printf_input_char                       0x000002c1   Thumb Code    10  _printf_char_common.o(.text)
    .text                                    0x000002f0   Section        0  _sputc.o(.text)
    .text                                    0x000002fa   Section        2  use_no_semi.o(.text)
    .ARM.__at_0x02FC                         0x000002fc   Section        4  startup_lpc11xx.o(.ARM.__at_0x02FC)
    .text                                    0x00000300   Section      346  aeabi_sdiv.o(.text)
    .text                                    0x0000045a   Section        0  _printf_intcommon.o(.text)
    .text                                    0x0000050a   Section        0  _snputc.o(.text)
    .text                                    0x0000051a   Section        0  rtudiv10.o(.text)
    .text                                    0x00000542   Section       62  sys_stackheap_outer.o(.text)
    .text                                    0x00000580   Section        0  exit.o(.text)
    .text                                    0x00000590   Section        8  libspace.o(.text)
    .text                                    0x00000598   Section        0  sys_exit.o(.text)
    .text                                    0x000005a4   Section        0  indicate_semi.o(.text)
    i.CAN_IRQHandler                         0x000005a4   Section        0  can.o(i.CAN_IRQHandler)
    i.CAN_MessageProcess                     0x00000630   Section        0  can.o(i.CAN_MessageProcess)
    i.Fill_RAM                               0x000006c0   Section        0  oled2864.o(i.Fill_RAM)
    i.GPIOGetValue                           0x000006f0   Section        0  gpio.o(i.GPIOGetValue)
    i.GPIOInit                               0x00000708   Section        0  gpio.o(i.GPIOInit)
    i.GPIOIntClear                           0x00000734   Section        0  gpio.o(i.GPIOIntClear)
    i.GPIOIntDisable                         0x0000079c   Section        0  gpio.o(i.GPIOIntDisable)
    i.GPIOIntEnable                          0x00000804   Section        0  gpio.o(i.GPIOIntEnable)
    i.GPIOIntStatus                          0x0000086c   Section        0  gpio.o(i.GPIOIntStatus)
    i.GPIOSetDir                             0x000008e4   Section        0  gpio.o(i.GPIOSetDir)
    i.GPIOSetInterrupt                       0x00000938   Section        0  gpio.o(i.GPIOSetInterrupt)
    i.GPIOSetValue                           0x00000b08   Section        0  gpio.o(i.GPIOSetValue)
    i.Main_PLL_Setup                         0x00000b24   Section        0  system_lpc11xx.o(i.Main_PLL_Setup)
    i.NVIC_EnableIRQ                         0x00000bcc   Section        0  gpio.o(i.NVIC_EnableIRQ)
    NVIC_EnableIRQ                           0x00000bcd   Thumb Code    14  gpio.o(i.NVIC_EnableIRQ)
    i.NVIC_EnableIRQ                         0x00000be0   Section        0  ssp.o(i.NVIC_EnableIRQ)
    NVIC_EnableIRQ                           0x00000be1   Thumb Code    14  ssp.o(i.NVIC_EnableIRQ)
    i.NVIC_SetPriority                       0x00000bf4   Section        0  main.o(i.NVIC_SetPriority)
    NVIC_SetPriority                         0x00000bf5   Thumb Code   110  main.o(i.NVIC_SetPriority)
    i.OLED_ClearScreen                       0x00000c6c   Section        0  oled2864.o(i.OLED_ClearScreen)
    i.OLED_DisChar                           0x00000c78   Section        0  oled2864.o(i.OLED_DisChar)
    i.OLED_DisStrLine                        0x00000cf4   Section        0  oled2864.o(i.OLED_DisStrLine)
    i.OLED_Init_I                            0x00000d38   Section        0  oled2864.o(i.OLED_Init_I)
    i.PIOINT0_IRQHandler                     0x00000dac   Section        0  gpio.o(i.PIOINT0_IRQHandler)
    i.PIOINT1_IRQHandler                     0x00000de4   Section        0  gpio.o(i.PIOINT1_IRQHandler)
    i.PIOINT2_IRQHandler                     0x00000e4c   Section        0  gpio.o(i.PIOINT2_IRQHandler)
    i.PIOINT3_IRQHandler                     0x00000e74   Section        0  gpio.o(i.PIOINT3_IRQHandler)
    i.Read_Temp_Hum                          0x00000e8c   Section        0  temp_hum.o(i.Read_Temp_Hum)
    i.SPI_IOConfig                           0x00001074   Section        0  ssp.o(i.SPI_IOConfig)
    i.SPI_Init                               0x00001204   Section        0  ssp.o(i.SPI_Init)
    i.SPI_PutGet                             0x00001288   Section        0  ssp.o(i.SPI_PutGet)
    i.SSP0_IRQHandler                        0x00001304   Section        0  ssp.o(i.SSP0_IRQHandler)
    i.SSP1_IRQHandler                        0x0000135c   Section        0  ssp.o(i.SSP1_IRQHandler)
    i.Set_Addressing_Mode                    0x000013b4   Section        0  oled2864.o(i.Set_Addressing_Mode)
    i.Set_Charge_Pump                        0x000013c6   Section        0  oled2864.o(i.Set_Charge_Pump)
    i.Set_Common_Config                      0x000013dc   Section        0  oled2864.o(i.Set_Common_Config)
    i.Set_Common_Remap                       0x000013f2   Section        0  oled2864.o(i.Set_Common_Remap)
    i.Set_Contrast_Control                   0x00001402   Section        0  oled2864.o(i.Set_Contrast_Control)
    i.Set_Display_Clock                      0x00001414   Section        0  oled2864.o(i.Set_Display_Clock)
    i.Set_Display_Offset                     0x00001426   Section        0  oled2864.o(i.Set_Display_Offset)
    i.Set_Display_On_Off                     0x00001438   Section        0  oled2864.o(i.Set_Display_On_Off)
    i.Set_Entire_Display                     0x00001448   Section        0  oled2864.o(i.Set_Entire_Display)
    i.Set_Inverse_Display                    0x00001458   Section        0  oled2864.o(i.Set_Inverse_Display)
    i.Set_Multiplex_Ratio                    0x00001468   Section        0  oled2864.o(i.Set_Multiplex_Ratio)
    i.Set_Precharge_Period                   0x0000147a   Section        0  oled2864.o(i.Set_Precharge_Period)
    i.Set_Segment_Remap                      0x0000148c   Section        0  oled2864.o(i.Set_Segment_Remap)
    i.Set_Start_Column                       0x0000149c   Section        0  oled2864.o(i.Set_Start_Column)
    i.Set_Start_Line                         0x000014c8   Section        0  oled2864.o(i.Set_Start_Line)
    i.Set_Start_Page                         0x000014d8   Section        0  oled2864.o(i.Set_Start_Page)
    i.Set_VCOMH                              0x000014e8   Section        0  oled2864.o(i.Set_VCOMH)
    i.SysTick_Handler                        0x000014fa   Section        0  main.o(i.SysTick_Handler)
    i.SystemInit                             0x000014fc   Section        0  system_lpc11xx.o(i.SystemInit)
    i.Temp_Hum_Test                          0x00001540   Section        0  temp_hum.o(i.Temp_Hum_Test)
    i.Write_Command                          0x000015f0   Section        0  oled2864.o(i.Write_Command)
    i.Write_Data                             0x00001626   Section        0  oled2864.o(i.Write_Data)
    i.delay_ms                               0x0000165c   Section        0  tools.o(i.delay_ms)
    i.main                                   0x000016f0   Section        0  main.o(i.main)
    .constdata                               0x0000178c   Section       16  gpio.o(.constdata)
    LPC_GPIO                                 0x0000178c   Data          16  gpio.o(.constdata)
    .constdata                               0x0000179c   Section     1948  oled2864.o(.constdata)
    LPC_GPIO                                 0x0000179c   Data          16  oled2864.o(.constdata)
    .data                                    0x10000000   Section       12  can.o(.data)
    .data                                    0x1000000c   Section       12  system_lpc11xx.o(.data)
    .data                                    0x10000018   Section       44  gpio.o(.data)
    .data                                    0x10000044   Section       24  ssp.o(.data)
    .bss                                     0x1000005c   Section      896  can.o(.bss)
    .bss                                     0x100003dc   Section       96  libspace.o(.bss)
    HEAP                                     0x10000440   Section        0  startup_lpc11xx.o(HEAP)
    STACK                                    0x10000440   Section      512  startup_lpc11xx.o(STACK)
    Heap_Mem                                 0x10000440   Data           0  startup_lpc11xx.o(HEAP)
    Stack_Mem                                0x10000440   Data         512  startup_lpc11xx.o(STACK)
    __initial_sp                             0x10000640   Data           0  startup_lpc11xx.o(STACK)

    Global Symbols

    Symbol Name                              Value     Ov Type        Size  Object(Section)

    BuildAttributes$$THM_ISAv3M$S$PE$A:L22$X:L11$S22$IEEE1$IW$USESV6$~STKCKD$USESV7$~SHL$OSPACE$ROPI$EBA8$UX$STANDARDLIB$REQ8$PRES8$EABIv2 0x00000000   Number         0  anon$$obj.o ABSOLUTE
    __ARM_use_no_argv                        0x00000000   Number         0  main.o ABSOLUTE
    __Vectors                                0x00000000   Data           4  startup_lpc11xx.o(RESET)
    __ARM_exceptions_init                     - Undefined Weak Reference
    __alloca_initialize                       - Undefined Weak Reference
    __arm_preinit_                            - Undefined Weak Reference
    __cpp_initialize__aeabi_                  - Undefined Weak Reference
    __cxa_finalize                            - Undefined Weak Reference
    __rt_locale                               - Undefined Weak Reference
    __sigvec_lookup                           - Undefined Weak Reference
    _atexit_init                              - Undefined Weak Reference
    _call_atexit_fns                          - Undefined Weak Reference
    _clock_init                               - Undefined Weak Reference
    _fp_trap_init                             - Undefined Weak Reference
    _fp_trap_shutdown                         - Undefined Weak Reference
    _get_lc_collate                           - Undefined Weak Reference
    _get_lc_ctype                             - Undefined Weak Reference
    _get_lc_monetary                          - Undefined Weak Reference
    _get_lc_numeric                           - Undefined Weak Reference
    _get_lc_time                              - Undefined Weak Reference
    _getenv_init                              - Undefined Weak Reference
    _handle_redirection                       - Undefined Weak Reference
    _init_alloc                               - Undefined Weak Reference
    _init_user_alloc                          - Undefined Weak Reference
    _initio                                   - Undefined Weak Reference
    _printf_post_padding                      - Undefined Weak Reference
    _printf_pre_padding                       - Undefined Weak Reference
    _printf_truncate_signed                   - Undefined Weak Reference
    _printf_truncate_unsigned                 - Undefined Weak Reference
    _rand_init                                - Undefined Weak Reference
    _signal_finish                            - Undefined Weak Reference
    _signal_init                              - Undefined Weak Reference
    _terminate_alloc                          - Undefined Weak Reference
    _terminate_user_alloc                     - Undefined Weak Reference
    _terminateio                              - Undefined Weak Reference
    __main                                   0x000000c1   Thumb Code     8  __main.o(!!!main)
    __scatterload                            0x000000c9   Thumb Code     0  __scatter.o(!!!scatter)
    __scatterload_rt2                        0x000000c9   Thumb Code    52  __scatter.o(!!!scatter)
    __scatterload_rt2_thumb_only             0x000000c9   Thumb Code     0  __scatter.o(!!!scatter)
    __scatterload_null                       0x000000d9   Thumb Code     0  __scatter.o(!!!scatter)
    __scatterload_copy                       0x00000105   Thumb Code    26  __scatter_copy.o(!!handler_copy)
    __scatterload_zeroinit                   0x00000121   Thumb Code    28  __scatter_zi.o(!!handler_zi)
    _printf_percent                          0x0000013d   Thumb Code     0  _printf_percent.o(.ARM.Collect$$_printf_percent$$00000000)
    _printf_d                                0x0000013f   Thumb Code     0  _printf_d.o(.ARM.Collect$$_printf_percent$$00000009)
    _printf_percent_end                      0x00000149   Thumb Code     0  _printf_percent_end.o(.ARM.Collect$$_printf_percent$$00000017)
    __rt_lib_init                            0x0000014d   Thumb Code     0  libinit.o(.ARM.Collect$$libinit$$00000000)
    __rt_lib_init_alloca_1                   0x0000014f   Thumb Code     0  libinit2.o(.ARM.Collect$$libinit$$0000002E)
    __rt_lib_init_argv_1                     0x0000014f   Thumb Code     0  libinit2.o(.ARM.Collect$$libinit$$0000002C)
    __rt_lib_init_atexit_1                   0x0000014f   Thumb Code     0  libinit2.o(.ARM.Collect$$libinit$$0000001B)
    __rt_lib_init_clock_1                    0x0000014f   Thumb Code     0  libinit2.o(.ARM.Collect$$libinit$$00000021)
    __rt_lib_init_cpp_1                      0x0000014f   Thumb Code     0  libinit2.o(.ARM.Collect$$libinit$$00000032)
    __rt_lib_init_exceptions_1               0x0000014f   Thumb Code     0  libinit2.o(.ARM.Collect$$libinit$$00000030)
    __rt_lib_init_fp_1                       0x0000014f   Thumb Code     0  libinit2.o(.ARM.Collect$$libinit$$00000002)
    __rt_lib_init_fp_trap_1                  0x0000014f   Thumb Code     0  libinit2.o(.ARM.Collect$$libinit$$0000001F)
    __rt_lib_init_getenv_1                   0x0000014f   Thumb Code     0  libinit2.o(.ARM.Collect$$libinit$$00000023)
    __rt_lib_init_heap_1                     0x0000014f   Thumb Code     0  libinit2.o(.ARM.Collect$$libinit$$0000000A)
    __rt_lib_init_lc_collate_1               0x0000014f   Thumb Code     0  libinit2.o(.ARM.Collect$$libinit$$00000011)
    __rt_lib_init_lc_ctype_1                 0x0000014f   Thumb Code     0  libinit2.o(.ARM.Collect$$libinit$$00000013)
    __rt_lib_init_lc_monetary_1              0x0000014f   Thumb Code     0  libinit2.o(.ARM.Collect$$libinit$$00000015)
    __rt_lib_init_lc_numeric_1               0x0000014f   Thumb Code     0  libinit2.o(.ARM.Collect$$libinit$$00000017)
    __rt_lib_init_lc_time_1                  0x0000014f   Thumb Code     0  libinit2.o(.ARM.Collect$$libinit$$00000019)
    __rt_lib_init_preinit_1                  0x0000014f   Thumb Code     0  libinit2.o(.ARM.Collect$$libinit$$00000004)
    __rt_lib_init_rand_1                     0x0000014f   Thumb Code     0  libinit2.o(.ARM.Collect$$libinit$$0000000E)
    __rt_lib_init_return                     0x0000014f   Thumb Code     0  libinit2.o(.ARM.Collect$$libinit$$00000033)
    __rt_lib_init_signal_1                   0x0000014f   Thumb Code     0  libinit2.o(.ARM.Collect$$libinit$$0000001D)
    __rt_lib_init_stdio_1                    0x0000014f   Thumb Code     0  libinit2.o(.ARM.Collect$$libinit$$00000025)
    __rt_lib_init_user_alloc_1               0x0000014f   Thumb Code     0  libinit2.o(.ARM.Collect$$libinit$$0000000C)
    __rt_lib_shutdown                        0x00000151   Thumb Code     0  libshutdown.o(.ARM.Collect$$libshutdown$$00000000)
    __rt_lib_shutdown_cpp_1                  0x00000153   Thumb Code     0  libshutdown2.o(.ARM.Collect$$libshutdown$$00000002)
    __rt_lib_shutdown_fp_trap_1              0x00000153   Thumb Code     0  libshutdown2.o(.ARM.Collect$$libshutdown$$00000007)
    __rt_lib_shutdown_heap_1                 0x00000153   Thumb Code     0  libshutdown2.o(.ARM.Collect$$libshutdown$$0000000F)
    __rt_lib_shutdown_return                 0x00000153   Thumb Code     0  libshutdown2.o(.ARM.Collect$$libshutdown$$00000010)
    __rt_lib_shutdown_signal_1               0x00000153   Thumb Code     0  libshutdown2.o(.ARM.Collect$$libshutdown$$0000000A)
    __rt_lib_shutdown_stdio_1                0x00000153   Thumb Code     0  libshutdown2.o(.ARM.Collect$$libshutdown$$00000004)
    __rt_lib_shutdown_user_alloc_1           0x00000153   Thumb Code     0  libshutdown2.o(.ARM.Collect$$libshutdown$$0000000C)
    __rt_entry                               0x00000155   Thumb Code     0  __rtentry.o(.ARM.Collect$$rtentry$$00000000)
    __rt_entry_presh_1                       0x00000155   Thumb Code     0  __rtentry2.o(.ARM.Collect$$rtentry$$00000002)
    __rt_entry_sh                            0x00000155   Thumb Code     0  __rtentry4.o(.ARM.Collect$$rtentry$$00000004)
    __rt_entry_li                            0x0000015b   Thumb Code     0  __rtentry2.o(.ARM.Collect$$rtentry$$0000000A)
    __rt_entry_postsh_1                      0x0000015b   Thumb Code     0  __rtentry2.o(.ARM.Collect$$rtentry$$00000009)
    __rt_entry_main                          0x0000015f   Thumb Code     0  __rtentry2.o(.ARM.Collect$$rtentry$$0000000D)
    __rt_entry_postli_1                      0x0000015f   Thumb Code     0  __rtentry2.o(.ARM.Collect$$rtentry$$0000000C)
    __rt_exit                                0x00000167   Thumb Code     0  rtexit.o(.ARM.Collect$$rtexit$$00000000)
    __rt_exit_ls                             0x00000169   Thumb Code     0  rtexit2.o(.ARM.Collect$$rtexit$$00000003)
    __rt_exit_prels_1                        0x00000169   Thumb Code     0  rtexit2.o(.ARM.Collect$$rtexit$$00000002)
    __rt_exit_exit                           0x0000016d   Thumb Code     0  rtexit2.o(.ARM.Collect$$rtexit$$00000004)
    Reset_Handler                            0x00000175   Thumb Code     4  startup_lpc11xx.o(.text)
    NMI_Handler                              0x00000179   Thumb Code     2  startup_lpc11xx.o(.text)
    HardFault_Handler                        0x0000017b   Thumb Code     2  startup_lpc11xx.o(.text)
    MemManage_Handler                        0x0000017d   Thumb Code     2  startup_lpc11xx.o(.text)
    BusFault_Handler                         0x0000017f   Thumb Code     2  startup_lpc11xx.o(.text)
    UsageFault_Handler                       0x00000181   Thumb Code     2  startup_lpc11xx.o(.text)
    SVC_Handler                              0x00000183   Thumb Code     2  startup_lpc11xx.o(.text)
    DebugMon_Handler                         0x00000185   Thumb Code     2  startup_lpc11xx.o(.text)
    PendSV_Handler                           0x00000187   Thumb Code     2  startup_lpc11xx.o(.text)
    ADC_IRQHandler                           0x0000018b   Thumb Code     0  startup_lpc11xx.o(.text)
    BOD_IRQHandler                           0x0000018b   Thumb Code     0  startup_lpc11xx.o(.text)
    FMC_IRQHandler                           0x0000018b   Thumb Code     0  startup_lpc11xx.o(.text)
    I2C_IRQHandler                           0x0000018b   Thumb Code     0  startup_lpc11xx.o(.text)
    TIMER16_0_IRQHandler                     0x0000018b   Thumb Code     0  startup_lpc11xx.o(.text)
    TIMER16_1_IRQHandler                     0x0000018b   Thumb Code     0  startup_lpc11xx.o(.text)
    TIMER32_0_IRQHandler                     0x0000018b   Thumb Code     0  startup_lpc11xx.o(.text)
    TIMER32_1_IRQHandler                     0x0000018b   Thumb Code     0  startup_lpc11xx.o(.text)
    UART_IRQHandler                          0x0000018b   Thumb Code     0  startup_lpc11xx.o(.text)
    USB_FIQHandler                           0x0000018b   Thumb Code     0  startup_lpc11xx.o(.text)
    USB_IRQHandler                           0x0000018b   Thumb Code     0  startup_lpc11xx.o(.text)
    WAKEUP_IRQHandler                        0x0000018b   Thumb Code     0  startup_lpc11xx.o(.text)
    WDT_IRQHandler                           0x0000018b   Thumb Code     0  startup_lpc11xx.o(.text)
    __user_initial_stackheap                 0x0000018d   Thumb Code     0  startup_lpc11xx.o(.text)
    __2snprintf                              0x000001a9   Thumb Code    50  noretval__2snprintf.o(.text)
    __printf                                 0x000001e1   Thumb Code   108  __printf.o(.text)
    _printf_int_dec                          0x0000024d   Thumb Code    90  _printf_dec.o(.text)
    __use_two_region_memory                  0x000002b9   Thumb Code     2  heapauxi.o(.text)
    __rt_heap_escrow$2region                 0x000002bb   Thumb Code     2  heapauxi.o(.text)
    __rt_heap_expand$2region                 0x000002bd   Thumb Code     2  heapauxi.o(.text)
    _printf_char_common                      0x000002cb   Thumb Code    32  _printf_char_common.o(.text)
    _sputc                                   0x000002f1   Thumb Code    10  _sputc.o(.text)
    __I$use$semihosting                      0x000002fb   Thumb Code     0  use_no_semi.o(.text)
    __use_no_semihosting_swi                 0x000002fb   Thumb Code     2  use_no_semi.o(.text)
    __aeabi_uidiv                            0x00000301   Thumb Code     0  aeabi_sdiv.o(.text)
    __aeabi_uidivmod                         0x00000301   Thumb Code    20  aeabi_sdiv.o(.text)
    __aeabi_idiv                             0x00000315   Thumb Code     0  aeabi_sdiv.o(.text)
    __aeabi_idivmod                          0x00000315   Thumb Code   326  aeabi_sdiv.o(.text)
    _printf_int_common                       0x0000045b   Thumb Code   176  _printf_intcommon.o(.text)
    _snputc                                  0x0000050b   Thumb Code    16  _snputc.o(.text)
    __rt_udiv10                              0x0000051b   Thumb Code    40  rtudiv10.o(.text)
    __user_setup_stackheap                   0x00000543   Thumb Code    62  sys_stackheap_outer.o(.text)
    exit                                     0x00000581   Thumb Code    16  exit.o(.text)
    __user_libspace                          0x00000591   Thumb Code     8  libspace.o(.text)
    __user_perproc_libspace                  0x00000591   Thumb Code     0  libspace.o(.text)
    __user_perthread_libspace                0x00000591   Thumb Code     0  libspace.o(.text)
    _sys_exit                                0x00000599   Thumb Code     8  sys_exit.o(.text)
    CAN_IRQHandler                           0x000005a5   Thumb Code   122  can.o(i.CAN_IRQHandler)
    __semihosting_library_function           0x000005a5   Thumb Code     0  indicate_semi.o(.text)
    CAN_MessageProcess                       0x00000631   Thumb Code   132  can.o(i.CAN_MessageProcess)
    Fill_RAM                                 0x000006c1   Thumb Code    48  oled2864.o(i.Fill_RAM)
    GPIOGetValue                             0x000006f1   Thumb Code    18  gpio.o(i.GPIOGetValue)
    GPIOInit                                 0x00000709   Thumb Code    40  gpio.o(i.GPIOInit)
    GPIOIntClear                             0x00000735   Thumb Code    88  gpio.o(i.GPIOIntClear)
    GPIOIntDisable                           0x0000079d   Thumb Code    88  gpio.o(i.GPIOIntDisable)
    GPIOIntEnable                            0x00000805   Thumb Code    88  gpio.o(i.GPIOIntEnable)
    GPIOIntStatus                            0x0000086d   Thumb Code   102  gpio.o(i.GPIOIntStatus)
    GPIOSetDir                               0x000008e5   Thumb Code    78  gpio.o(i.GPIOSetDir)
    GPIOSetInterrupt                         0x00000939   Thumb Code   446  gpio.o(i.GPIOSetInterrupt)
    GPIOSetValue                             0x00000b09   Thumb Code    22  gpio.o(i.GPIOSetValue)
    Main_PLL_Setup                           0x00000b25   Thumb Code   142  system_lpc11xx.o(i.Main_PLL_Setup)
    OLED_ClearScreen                         0x00000c6d   Thumb Code    10  oled2864.o(i.OLED_ClearScreen)
    OLED_DisChar                             0x00000c79   Thumb Code   120  oled2864.o(i.OLED_DisChar)
    OLED_DisStrLine                          0x00000cf5   Thumb Code    68  oled2864.o(i.OLED_DisStrLine)
    OLED_Init_I                              0x00000d39   Thumb Code   116  oled2864.o(i.OLED_Init_I)
    PIOINT0_IRQHandler                       0x00000dad   Thumb Code    46  gpio.o(i.PIOINT0_IRQHandler)
    PIOINT1_IRQHandler                       0x00000de5   Thumb Code    84  gpio.o(i.PIOINT1_IRQHandler)
    PIOINT2_IRQHandler                       0x00000e4d   Thumb Code    34  gpio.o(i.PIOINT2_IRQHandler)
    PIOINT3_IRQHandler                       0x00000e75   Thumb Code    24  gpio.o(i.PIOINT3_IRQHandler)
    Read_Temp_Hum                            0x00000e8d   Thumb Code   470  temp_hum.o(i.Read_Temp_Hum)
    SPI_IOConfig                             0x00001075   Thumb Code   392  ssp.o(i.SPI_IOConfig)
    SPI_Init                                 0x00001205   Thumb Code   124  ssp.o(i.SPI_Init)
    SPI_PutGet                               0x00001289   Thumb Code   114  ssp.o(i.SPI_PutGet)
    SSP0_IRQHandler                          0x00001305   Thumb Code    72  ssp.o(i.SSP0_IRQHandler)
    SSP1_IRQHandler                          0x0000135d   Thumb Code    72  ssp.o(i.SSP1_IRQHandler)
    Set_Addressing_Mode                      0x000013b5   Thumb Code    18  oled2864.o(i.Set_Addressing_Mode)
    Set_Charge_Pump                          0x000013c7   Thumb Code    22  oled2864.o(i.Set_Charge_Pump)
    Set_Common_Config                        0x000013dd   Thumb Code    22  oled2864.o(i.Set_Common_Config)
    Set_Common_Remap                         0x000013f3   Thumb Code    16  oled2864.o(i.Set_Common_Remap)
    Set_Contrast_Control                     0x00001403   Thumb Code    18  oled2864.o(i.Set_Contrast_Control)
    Set_Display_Clock                        0x00001415   Thumb Code    18  oled2864.o(i.Set_Display_Clock)
    Set_Display_Offset                       0x00001427   Thumb Code    18  oled2864.o(i.Set_Display_Offset)
    Set_Display_On_Off                       0x00001439   Thumb Code    16  oled2864.o(i.Set_Display_On_Off)
    Set_Entire_Display                       0x00001449   Thumb Code    16  oled2864.o(i.Set_Entire_Display)
    Set_Inverse_Display                      0x00001459   Thumb Code    16  oled2864.o(i.Set_Inverse_Display)
    Set_Multiplex_Ratio                      0x00001469   Thumb Code    18  oled2864.o(i.Set_Multiplex_Ratio)
    Set_Precharge_Period                     0x0000147b   Thumb Code    18  oled2864.o(i.Set_Precharge_Period)
    Set_Segment_Remap                        0x0000148d   Thumb Code    16  oled2864.o(i.Set_Segment_Remap)
    Set_Start_Column                         0x0000149d   Thumb Code    44  oled2864.o(i.Set_Start_Column)
    Set_Start_Line                           0x000014c9   Thumb Code    16  oled2864.o(i.Set_Start_Line)
    Set_Start_Page                           0x000014d9   Thumb Code    16  oled2864.o(i.Set_Start_Page)
    Set_VCOMH                                0x000014e9   Thumb Code    18  oled2864.o(i.Set_VCOMH)
    SysTick_Handler                          0x000014fb   Thumb Code     2  main.o(i.SysTick_Handler)
    SystemInit                               0x000014fd   Thumb Code    58  system_lpc11xx.o(i.SystemInit)
    Temp_Hum_Test                            0x00001541   Thumb Code   128  temp_hum.o(i.Temp_Hum_Test)
    Write_Command                            0x000015f1   Thumb Code    54  oled2864.o(i.Write_Command)
    Write_Data                               0x00001627   Thumb Code    54  oled2864.o(i.Write_Data)
    delay_ms                                 0x0000165d   Thumb Code   140  tools.o(i.delay_ms)
    main                                     0x000016f1   Thumb Code   144  main.o(i.main)
    UniV                                     0x000017ac   Data         192  oled2864.o(.constdata)
    Ascii_1                                  0x0000186c   Data        1205  oled2864.o(.constdata)
    Ascii_2                                  0x00001d21   Data         535  oled2864.o(.constdata)
    Region$$Table$$Base                      0x00001f38   Number         0  anon$$obj.o(Region$$Table)
    Region$$Table$$Limit                     0x00001f58   Number         0  anon$$obj.o(Region$$Table)
    BOffCnt                                  0x10000000   Data           4  can.o(.data)
    EWarnCnt                                 0x10000004   Data           4  can.o(.data)
    EPassCnt                                 0x10000008   Data           4  can.o(.data)
    ClockSource                              0x1000000c   Data           4  system_lpc11xx.o(.data)
    SystemFrequency                          0x10000010   Data           4  system_lpc11xx.o(.data)
    SystemAHBFrequency                       0x10000014   Data           4  system_lpc11xx.o(.data)
    gpio0_counter                            0x10000018   Data           4  gpio.o(.data)
    p0_1_counter                             0x1000001c   Data           4  gpio.o(.data)
    gpio1_counter                            0x10000020   Data           4  gpio.o(.data)
    p1_1_counter                             0x10000024   Data           4  gpio.o(.data)
    gpio2_counter                            0x10000028   Data           4  gpio.o(.data)
    p2_1_counter                             0x1000002c   Data           4  gpio.o(.data)
    p2_8_counter                             0x10000030   Data           4  gpio.o(.data)
    gpio3_counter                            0x10000034   Data           4  gpio.o(.data)
    p3_1_counter                             0x10000038   Data           4  gpio.o(.data)
    p3_2_counter                             0x1000003c   Data           4  gpio.o(.data)
    p3_2_tc                                  0x10000040   Data           4  gpio.o(.data)
    interruptRxStat0                         0x10000044   Data           4  ssp.o(.data)
    interruptOverRunStat0                    0x10000048   Data           4  ssp.o(.data)
    interruptRxTimeoutStat0                  0x1000004c   Data           4  ssp.o(.data)
    interruptRxStat1                         0x10000050   Data           4  ssp.o(.data)
    interruptOverRunStat1                    0x10000054   Data           4  ssp.o(.data)
    interruptRxTimeoutStat1                  0x10000058   Data           4  ssp.o(.data)
    CANRxDone                                0x1000005c   Data         128  can.o(.bss)
    can_buff                                 0x100000dc   Data         768  can.o(.bss)
    __libspace_start                         0x100003dc   Data          96  libspace.o(.bss)
    __temporary_stack_top$libspace           0x1000043c   Data           0  libspace.o(.bss)



==============================================================================

Memory Map of the image

  Image Entry point : 0x000000c1

  Load Region LR_IROM1 (Base: 0x00000000, Size: 0x00001fb4, Max: 0x00008000, ABSOLUTE)

    Execution Region ER_IROM1 (Base: 0x00000000, Size: 0x00001f58, Max: 0x00008000, ABSOLUTE)

    Base Addr    Size         Type   Attr      Idx    E Section Name        Object

    0x00000000   0x000000c0   Data   RO           68    RESET               startup_lpc11xx.o
    0x000000c0   0x00000008   Code   RO          672  * !!!main             c_p.l(__main.o)
    0x000000c8   0x0000003c   Code   RO          854    !!!scatter          c_p.l(__scatter.o)
    0x00000104   0x0000001a   Code   RO          856    !!handler_copy      c_p.l(__scatter_copy.o)
    0x0000011e   0x00000002   PAD
    0x00000120   0x0000001c   Code   RO          858    !!handler_zi        c_p.l(__scatter_zi.o)
    0x0000013c   0x00000002   Code   RO          665    .ARM.Collect$$_printf_percent$$00000000  c_p.l(_printf_percent.o)
    0x0000013e   0x0000000a   Code   RO          664    .ARM.Collect$$_printf_percent$$00000009  c_p.l(_printf_d.o)
    0x00000148   0x00000004   Code   RO          687    .ARM.Collect$$_printf_percent$$00000017  c_p.l(_printf_percent_end.o)
    0x0000014c   0x00000002   Code   RO          723    .ARM.Collect$$libinit$$00000000  c_p.l(libinit.o)
    0x0000014e   0x00000000   Code   RO          737    .ARM.Collect$$libinit$$00000002  c_p.l(libinit2.o)
    0x0000014e   0x00000000   Code   RO          739    .ARM.Collect$$libinit$$00000004  c_p.l(libinit2.o)
    0x0000014e   0x00000000   Code   RO          742    .ARM.Collect$$libinit$$0000000A  c_p.l(libinit2.o)
    0x0000014e   0x00000000   Code   RO          744    .ARM.Collect$$libinit$$0000000C  c_p.l(libinit2.o)
    0x0000014e   0x00000000   Code   RO          746    .ARM.Collect$$libinit$$0000000E  c_p.l(libinit2.o)
    0x0000014e   0x00000000   Code   RO          749    .ARM.Collect$$libinit$$00000011  c_p.l(libinit2.o)
    0x0000014e   0x00000000   Code   RO          751    .ARM.Collect$$libinit$$00000013  c_p.l(libinit2.o)
    0x0000014e   0x00000000   Code   RO          753    .ARM.Collect$$libinit$$00000015  c_p.l(libinit2.o)
    0x0000014e   0x00000000   Code   RO          755    .ARM.Collect$$libinit$$00000017  c_p.l(libinit2.o)
    0x0000014e   0x00000000   Code   RO          757    .ARM.Collect$$libinit$$00000019  c_p.l(libinit2.o)
    0x0000014e   0x00000000   Code   RO          759    .ARM.Collect$$libinit$$0000001B  c_p.l(libinit2.o)
    0x0000014e   0x00000000   Code   RO          761    .ARM.Collect$$libinit$$0000001D  c_p.l(libinit2.o)
    0x0000014e   0x00000000   Code   RO          763    .ARM.Collect$$libinit$$0000001F  c_p.l(libinit2.o)
    0x0000014e   0x00000000   Code   RO          765    .ARM.Collect$$libinit$$00000021  c_p.l(libinit2.o)
    0x0000014e   0x00000000   Code   RO          767    .ARM.Collect$$libinit$$00000023  c_p.l(libinit2.o)
    0x0000014e   0x00000000   Code   RO          769    .ARM.Collect$$libinit$$00000025  c_p.l(libinit2.o)
    0x0000014e   0x00000000   Code   RO          773    .ARM.Collect$$libinit$$0000002C  c_p.l(libinit2.o)
    0x0000014e   0x00000000   Code   RO          775    .ARM.Collect$$libinit$$0000002E  c_p.l(libinit2.o)
    0x0000014e   0x00000000   Code   RO          777    .ARM.Collect$$libinit$$00000030  c_p.l(libinit2.o)
    0x0000014e   0x00000000   Code   RO          779    .ARM.Collect$$libinit$$00000032  c_p.l(libinit2.o)
    0x0000014e   0x00000002   Code   RO          780    .ARM.Collect$$libinit$$00000033  c_p.l(libinit2.o)
    0x00000150   0x00000002   Code   RO          811    .ARM.Collect$$libshutdown$$00000000  c_p.l(libshutdown.o)
    0x00000152   0x00000000   Code   RO          837    .ARM.Collect$$libshutdown$$00000002  c_p.l(libshutdown2.o)
    0x00000152   0x00000000   Code   RO          839    .ARM.Collect$$libshutdown$$00000004  c_p.l(libshutdown2.o)
    0x00000152   0x00000000   Code   RO          842    .ARM.Collect$$libshutdown$$00000007  c_p.l(libshutdown2.o)
    0x00000152   0x00000000   Code   RO          845    .ARM.Collect$$libshutdown$$0000000A  c_p.l(libshutdown2.o)
    0x00000152   0x00000000   Code   RO          847    .ARM.Collect$$libshutdown$$0000000C  c_p.l(libshutdown2.o)
    0x00000152   0x00000000   Code   RO          850    .ARM.Collect$$libshutdown$$0000000F  c_p.l(libshutdown2.o)
    0x00000152   0x00000002   Code   RO          851    .ARM.Collect$$libshutdown$$00000010  c_p.l(libshutdown2.o)
    0x00000154   0x00000000   Code   RO          674    .ARM.Collect$$rtentry$$00000000  c_p.l(__rtentry.o)
    0x00000154   0x00000000   Code   RO          691    .ARM.Collect$$rtentry$$00000002  c_p.l(__rtentry2.o)
    0x00000154   0x00000006   Code   RO          703    .ARM.Collect$$rtentry$$00000004  c_p.l(__rtentry4.o)
    0x0000015a   0x00000000   Code   RO          693    .ARM.Collect$$rtentry$$00000009  c_p.l(__rtentry2.o)
    0x0000015a   0x00000004   Code   RO          694    .ARM.Collect$$rtentry$$0000000A  c_p.l(__rtentry2.o)
    0x0000015e   0x00000000   Code   RO          696    .ARM.Collect$$rtentry$$0000000C  c_p.l(__rtentry2.o)
    0x0000015e   0x00000008   Code   RO          697    .ARM.Collect$$rtentry$$0000000D  c_p.l(__rtentry2.o)
    0x00000166   0x00000002   Code   RO          728    .ARM.Collect$$rtexit$$00000000  c_p.l(rtexit.o)
    0x00000168   0x00000000   Code   RO          784    .ARM.Collect$$rtexit$$00000002  c_p.l(rtexit2.o)
    0x00000168   0x00000004   Code   RO          785    .ARM.Collect$$rtexit$$00000003  c_p.l(rtexit2.o)
    0x0000016c   0x00000006   Code   RO          786    .ARM.Collect$$rtexit$$00000004  c_p.l(rtexit2.o)
    0x00000172   0x00000002   PAD
    0x00000174   0x00000034   Code   RO           70    .text               startup_lpc11xx.o
    0x000001a8   0x00000038   Code   RO          638    .text               c_p.l(noretval__2snprintf.o)
    0x000001e0   0x0000006c   Code   RO          640    .text               c_p.l(__printf.o)
    0x0000024c   0x0000006c   Code   RO          642    .text               c_p.l(_printf_dec.o)
    0x000002b8   0x00000006   Code   RO          670    .text               c_p.l(heapauxi.o)
    0x000002be   0x00000002   PAD
    0x000002c0   0x00000030   Code   RO          681    .text               c_p.l(_printf_char_common.o)
    0x000002f0   0x0000000a   Code   RO          683    .text               c_p.l(_sputc.o)
    0x000002fa   0x00000002   Code   RO          800    .text               c_p.l(use_no_semi.o)
    0x000002fc   0x00000004   Code   RO           69    .ARM.__at_0x02FC    startup_lpc11xx.o
    0x00000300   0x0000015a   Code   RO          666    .text               c_p.l(aeabi_sdiv.o)
    0x0000045a   0x000000b0   Code   RO          679    .text               c_p.l(_printf_intcommon.o)
    0x0000050a   0x00000010   Code   RO          685    .text               c_p.l(_snputc.o)
    0x0000051a   0x00000028   Code   RO          688    .text               c_p.l(rtudiv10.o)
    0x00000542   0x0000003e   Code   RO          709    .text               c_p.l(sys_stackheap_outer.o)
    0x00000580   0x00000010   Code   RO          712    .text               c_p.l(exit.o)
    0x00000590   0x00000008   Code   RO          724    .text               c_p.l(libspace.o)
    0x00000598   0x0000000c   Code   RO          781    .text               c_p.l(sys_exit.o)
    0x000005a4   0x00000000   Code   RO          802    .text               c_p.l(indicate_semi.o)
    0x000005a4   0x0000008c   Code   RO            2    i.CAN_IRQHandler    can.o
    0x00000630   0x00000090   Code   RO            4    i.CAN_MessageProcess  can.o
    0x000006c0   0x00000030   Code   RO          362    i.Fill_RAM          oled2864.o
    0x000006f0   0x00000018   Code   RO          192    i.GPIOGetValue      gpio.o
    0x00000708   0x0000002c   Code   RO          193    i.GPIOInit          gpio.o
    0x00000734   0x00000068   Code   RO          194    i.GPIOIntClear      gpio.o
    0x0000079c   0x00000068   Code   RO          195    i.GPIOIntDisable    gpio.o
    0x00000804   0x00000068   Code   RO          196    i.GPIOIntEnable     gpio.o
    0x0000086c   0x00000078   Code   RO          197    i.GPIOIntStatus     gpio.o
    0x000008e4   0x00000054   Code   RO          198    i.GPIOSetDir        gpio.o
    0x00000938   0x000001d0   Code   RO          199    i.GPIOSetInterrupt  gpio.o
    0x00000b08   0x0000001c   Code   RO          200    i.GPIOSetValue      gpio.o
    0x00000b24   0x000000a8   Code   RO           77    i.Main_PLL_Setup    system_lpc11xx.o
    0x00000bcc   0x00000014   Code   RO          201    i.NVIC_EnableIRQ    gpio.o
    0x00000be0   0x00000014   Code   RO          285    i.NVIC_EnableIRQ    ssp.o
    0x00000bf4   0x00000078   Code   RO          161    i.NVIC_SetPriority  main.o
    0x00000c6c   0x0000000a   Code   RO          365    i.OLED_ClearScreen  oled2864.o
    0x00000c76   0x00000002   PAD
    0x00000c78   0x0000007c   Code   RO          366    i.OLED_DisChar      oled2864.o
    0x00000cf4   0x00000044   Code   RO          367    i.OLED_DisStrLine   oled2864.o
    0x00000d38   0x00000074   Code   RO          369    i.OLED_Init_I       oled2864.o
    0x00000dac   0x00000038   Code   RO          202    i.PIOINT0_IRQHandler  gpio.o
    0x00000de4   0x00000068   Code   RO          203    i.PIOINT1_IRQHandler  gpio.o
    0x00000e4c   0x00000028   Code   RO          204    i.PIOINT2_IRQHandler  gpio.o
    0x00000e74   0x00000018   Code   RO          205    i.PIOINT3_IRQHandler  gpio.o
    0x00000e8c   0x000001e8   Code   RO          134    i.Read_Temp_Hum     temp_hum.o
    0x00001074   0x00000190   Code   RO          286    i.SPI_IOConfig      ssp.o
    0x00001204   0x00000084   Code   RO          287    i.SPI_Init          ssp.o
    0x00001288   0x0000007c   Code   RO          288    i.SPI_PutGet        ssp.o
    0x00001304   0x00000058   Code   RO          289    i.SSP0_IRQHandler   ssp.o
    0x0000135c   0x00000058   Code   RO          290    i.SSP1_IRQHandler   ssp.o
    0x000013b4   0x00000012   Code   RO          371    i.Set_Addressing_Mode  oled2864.o
    0x000013c6   0x00000016   Code   RO          372    i.Set_Charge_Pump   oled2864.o
    0x000013dc   0x00000016   Code   RO          374    i.Set_Common_Config  oled2864.o
    0x000013f2   0x00000010   Code   RO          375    i.Set_Common_Remap  oled2864.o
    0x00001402   0x00000012   Code   RO          376    i.Set_Contrast_Control  oled2864.o
    0x00001414   0x00000012   Code   RO          377    i.Set_Display_Clock  oled2864.o
    0x00001426   0x00000012   Code   RO          378    i.Set_Display_Offset  oled2864.o
    0x00001438   0x00000010   Code   RO          379    i.Set_Display_On_Off  oled2864.o
    0x00001448   0x00000010   Code   RO          380    i.Set_Entire_Display  oled2864.o
    0x00001458   0x00000010   Code   RO          381    i.Set_Inverse_Display  oled2864.o
    0x00001468   0x00000012   Code   RO          382    i.Set_Multiplex_Ratio  oled2864.o
    0x0000147a   0x00000012   Code   RO          385    i.Set_Precharge_Period  oled2864.o
    0x0000148c   0x00000010   Code   RO          386    i.Set_Segment_Remap  oled2864.o
    0x0000149c   0x0000002c   Code   RO          387    i.Set_Start_Column  oled2864.o
    0x000014c8   0x00000010   Code   RO          388    i.Set_Start_Line    oled2864.o
    0x000014d8   0x00000010   Code   RO          389    i.Set_Start_Page    oled2864.o
    0x000014e8   0x00000012   Code   RO          390    i.Set_VCOMH         oled2864.o
    0x000014fa   0x00000002   Code   RO          162    i.SysTick_Handler   main.o
    0x000014fc   0x00000044   Code   RO           78    i.SystemInit        system_lpc11xx.o
    0x00001540   0x000000b0   Code   RO          135    i.Temp_Hum_Test     temp_hum.o
    0x000015f0   0x00000036   Code   RO          397    i.Write_Command     oled2864.o
    0x00001626   0x00000036   Code   RO          398    i.Write_Data        oled2864.o
    0x0000165c   0x00000094   Code   RO          104    i.delay_ms          tools.o
    0x000016f0   0x0000009c   Code   RO          163    i.main              main.o
    0x0000178c   0x00000010   Data   RO          206    .constdata          gpio.o
    0x0000179c   0x0000079c   Data   RO          400    .constdata          oled2864.o
    0x00001f38   0x00000020   Data   RO          852    Region$$Table       anon$$obj.o


    Execution Region RW_IRAM1 (Base: 0x10000000, Size: 0x00000640, Max: 0x00002000, ABSOLUTE)

    Base Addr    Size         Type   Attr      Idx    E Section Name        Object

    0x10000000   0x0000000c   Data   RW            8    .data               can.o
    0x1000000c   0x0000000c   Data   RW           79    .data               system_lpc11xx.o
    0x10000018   0x0000002c   Data   RW          207    .data               gpio.o
    0x10000044   0x00000018   Data   RW          297    .data               ssp.o
    0x1000005c   0x00000380   Zero   RW            6    .bss                can.o
    0x100003dc   0x00000060   Zero   RW          725    .bss                c_p.l(libspace.o)
    0x1000043c   0x00000004   PAD
    0x10000440   0x00000000   Zero   RW           67    HEAP                startup_lpc11xx.o
    0x10000440   0x00000200   Zero   RW           66    STACK               startup_lpc11xx.o


==============================================================================

Image component sizes


      Code (inc. data)   RO Data    RW Data    ZI Data      Debug   Object Name

       284         30          0         12        896      23293   can.o
      1320        148         16         44          0       7753   gpio.o
       278         22          0          0          0       8969   main.o
       800          4       1948          0          0      12722   oled2864.o
       852         64          0         24          0       4002   ssp.o
        56         22        192          0        512        972   startup_lpc11xx.o
       236         36          0         12          0       1243   system_lpc11xx.o
       664         66          0          0          0       2307   temp_hum.o
       148          8          0          0          0       8307   tools.o

    ----------------------------------------------------------------------
      4640        400       2188         92       1408      69568   Object Totals
         0          0         32          0          0          0   (incl. Generated)
         2          0          0          0          0          0   (incl. Padding)

    ----------------------------------------------------------------------

      Code (inc. data)   RO Data    RW Data    ZI Data      Debug   Library Member Name

         8          0          0          0          0         68   __main.o
       108          0          0          0          0         76   __printf.o
         0          0          0          0          0          0   __rtentry.o
        12          0          0          0          0          0   __rtentry2.o
         6          0          0          0          0          0   __rtentry4.o
        60          8          0          0          0          0   __scatter.o
        26          0          0          0          0          0   __scatter_copy.o
        28          0          0          0          0          0   __scatter_zi.o
        48          6          0          0          0         88   _printf_char_common.o
        10          0          0          0          0          0   _printf_d.o
       108         18          0          0          0         76   _printf_dec.o
       176          0          0          0          0         84   _printf_intcommon.o
         2          0          0          0          0          0   _printf_percent.o
         4          0          0          0          0          0   _printf_percent_end.o
        16          0          0          0          0         60   _snputc.o
        10          0          0          0          0         60   _sputc.o
       346          0          0          0          0         92   aeabi_sdiv.o
        16          0          0          0          0         68   exit.o
         6          0          0          0          0        136   heapauxi.o
         0          0          0          0          0          0   indicate_semi.o
         2          0          0          0          0          0   libinit.o
         2          0          0          0          0          0   libinit2.o
         2          0          0          0          0          0   libshutdown.o
         2          0          0          0          0          0   libshutdown2.o
         8          4          0          0         96         68   libspace.o
        56          6          0          0          0         84   noretval__2snprintf.o
         2          0          0          0          0          0   rtexit.o
        10          0          0          0          0          0   rtexit2.o
        40          0          0          0          0         60   rtudiv10.o
        12          4          0          0          0         60   sys_exit.o
        62          0          0          0          0         80   sys_stackheap_outer.o
         2          0          0          0          0         68   use_no_semi.o

    ----------------------------------------------------------------------
      1196         46          0          0        100       1228   Library Totals
         6          0          0          0          4          0   (incl. Padding)

    ----------------------------------------------------------------------

      Code (inc. data)   RO Data    RW Data    ZI Data      Debug   Library Name

      1190         46          0          0         96       1228   c_p.l

    ----------------------------------------------------------------------
      1196         46          0          0        100       1228   Library Totals

    ----------------------------------------------------------------------

==============================================================================


      Code (inc. data)   RO Data    RW Data    ZI Data      Debug   

      5836        446       2188         92       1508      68012   Grand Totals
      5836        446       2188         92       1508      68012   ELF Image Totals
      5836        446       2188         92          0          0   ROM Totals

==============================================================================

    Total RO  Size (Code + RO Data)                 8024 (   7.84kB)
    Total RW  Size (RW Data + ZI Data)              1600 (   1.56kB)
    Total ROM Size (Code + RO Data + RW Data)       8116 (   7.93kB)

==============================================================================

